[33mBenchmarking is an experimental feature.
Breaking changes might not follow SemVer, please pin Vitest's version when using it.[39m

[1m[30m[46m RUN [49m[39m[22m [36mv4.1.10 [39m[90m/bench/blaze-plutus/packages/blaze-plutus[39m


 [32m✓[39m bench/plutus_use_cases.bench.ts[2m > [22mplutus use cases[33m 54097[2mms[22m[39m
     [1mname                    [22m  [1m      hz[22m  [1m   min[22m  [1m   max[22m  [1m  mean[22m  [1m   p75[22m  [1m   p99[22m  [1m  p995[22m  [1m  p999[22m  [1m   rme[22m  [1msamples[22m
   [32m·[39m auction_1-1               [34m1,526.87[39m  [36m0.5791[39m  [36m1.3753[39m  [36m0.6549[39m  [36m0.6522[39m  [36m1.1236[39m  [36m1.1802[39m  [36m1.3753[39m  [2m±1.27%[22m  [2m    764[22m
   [32m·[39m auction_1-2               [34m  499.74[39m  [36m1.7247[39m  [36m2.7640[39m  [36m2.0010[39m  [36m2.3481[39m  [36m2.5248[39m  [36m2.5618[39m  [36m2.7640[39m  [2m±1.85%[22m  [2m    250[22m
   [32m·[39m auction_1-3               [34m  499.54[39m  [36m1.7237[39m  [36m2.5589[39m  [36m2.0019[39m  [36m2.3267[39m  [36m2.5300[39m  [36m2.5396[39m  [36m2.5589[39m  [2m±1.82%[22m  [2m    250[22m
   [32m·[39m auction_1-4               [34m1,247.58[39m  [36m0.7147[39m  [36m1.1635[39m  [36m0.8016[39m  [36m0.7655[39m  [36m1.1147[39m  [36m1.1192[39m  [36m1.1635[39m  [2m±1.20%[22m  [2m    624[22m
   [32m·[39m auction_2-1               [34m1,562.64[39m  [36m0.5770[39m  [36m1.1906[39m  [36m0.6399[39m  [36m0.6166[39m  [36m0.9794[39m  [36m1.0365[39m  [36m1.1906[39m  [2m±1.16%[22m  [2m    782[22m
   [32m·[39m auction_2-2               [34m  501.84[39m  [36m1.7020[39m  [36m2.5919[39m  [36m1.9927[39m  [36m2.3365[39m  [36m2.5161[39m  [36m2.5273[39m  [36m2.5919[39m  [2m±1.88%[22m  [2m    252[22m
   [32m·[39m auction_2-3               [34m  401.06[39m  [36m2.1316[39m  [36m3.0320[39m  [36m2.4934[39m  [36m2.7775[39m  [36m2.9566[39m  [36m2.9814[39m  [36m3.0320[39m  [2m±1.73%[22m  [2m    201[22m
   [32m·[39m auction_2-4               [34m  499.40[39m  [36m1.7263[39m  [36m2.5224[39m  [36m2.0024[39m  [36m2.3268[39m  [36m2.4874[39m  [36m2.5147[39m  [36m2.5224[39m  [2m±1.82%[22m  [2m    250[22m
   [32m·[39m auction_2-5               [34m1,248.74[39m  [36m0.7176[39m  [36m1.2230[39m  [36m0.8008[39m  [36m0.7681[39m  [36m1.1295[39m  [36m1.1913[39m  [36m1.2230[39m  [2m±1.22%[22m  [2m    625[22m
   [32m·[39m coop-1                    [34m1,126.66[39m  [36m0.8133[39m  [36m1.2958[39m  [36m0.8876[39m  [36m0.8550[39m  [36m1.1910[39m  [36m1.2026[39m  [36m1.2958[39m  [2m±1.00%[22m  [2m    564[22m
   [32m·[39m coop-2                    [34m  367.30[39m  [36m2.4471[39m  [36m3.3648[39m  [36m2.7226[39m  [36m2.9034[39m  [36m3.2043[39m  [36m3.3648[39m  [36m3.3648[39m  [2m±1.21%[22m  [2m    184[22m
   [32m·[39m coop-3                    [34m  147.89[39m  [36m6.3666[39m  [36m7.3551[39m  [36m6.7616[39m  [36m6.9119[39m  [36m7.3551[39m  [36m7.3551[39m  [36m7.3551[39m  [2m±0.82%[22m  [2m     74[22m
   [32m·[39m coop-4                    [34m  294.81[39m  [36m2.8851[39m  [36m8.2206[39m  [36m3.3921[39m  [36m3.3760[39m  [36m7.7822[39m  [36m8.2206[39m  [36m8.2206[39m  [2m±4.20%[22m  [2m    148[22m
   [32m·[39m coop-5                    [34m  647.63[39m  [36m1.3892[39m  [36m2.0428[39m  [36m1.5441[39m  [36m1.7700[39m  [36m1.9815[39m  [36m2.0236[39m  [36m2.0428[39m  [2m±1.31%[22m  [2m    324[22m
   [32m·[39m coop-6                    [34m  417.06[39m  [36m2.2173[39m  [36m2.9170[39m  [36m2.3977[39m  [36m2.5047[39m  [36m2.6880[39m  [36m2.8290[39m  [36m2.9170[39m  [2m±0.83%[22m  [2m    209[22m
   [32m·[39m coop-7                    [34m  834.98[39m  [36m1.1156[39m  [36m1.4943[39m  [36m1.1976[39m  [36m1.2498[39m  [36m1.4184[39m  [36m1.4256[39m  [36m1.4943[39m  [2m±0.81%[22m  [2m    418[22m
   [32m·[39m crowdfunding-success-1    [34m1,288.91[39m  [36m0.7134[39m  [36m1.2318[39m  [36m0.7759[39m  [36m0.7415[39m  [36m1.0752[39m  [36m1.1125[39m  [36m1.2318[39m  [2m±1.05%[22m  [2m    645[22m
   [32m·[39m crowdfunding-success-2    [34m1,290.76[39m  [36m0.7023[39m  [36m1.2533[39m  [36m0.7747[39m  [36m0.7414[39m  [36m1.0473[39m  [36m1.0830[39m  [36m1.2533[39m  [2m±1.04%[22m  [2m    646[22m
   [32m·[39m crowdfunding-success-3    [34m1,288.19[39m  [36m0.7133[39m  [36m1.2551[39m  [36m0.7763[39m  [36m0.7441[39m  [36m1.0698[39m  [36m1.0988[39m  [36m1.2551[39m  [2m±1.05%[22m  [2m    645[22m
   [32m·[39m currency-1                [34m1,177.16[39m  [36m0.7804[39m  [36m1.2340[39m  [36m0.8495[39m  [36m0.8126[39m  [36m1.1493[39m  [36m1.1860[39m  [36m1.2340[39m  [2m±1.03%[22m  [2m    589[22m
   [32m·[39m escrow-redeem_1-1         [34m  844.59[39m  [36m1.0796[39m  [36m1.6612[39m  [36m1.1840[39m  [36m1.2043[39m  [36m1.5183[39m  [36m1.5367[39m  [36m1.6612[39m  [2m±1.23%[22m  [2m    423[22m
   [32m·[39m escrow-redeem_1-2         [34m  844.67[39m  [36m1.0764[39m  [36m1.6081[39m  [36m1.1839[39m  [36m1.1771[39m  [36m1.5306[39m  [36m1.5573[39m  [36m1.6081[39m  [2m±1.23%[22m  [2m    423[22m
   [32m·[39m escrow-redeem_2-1         [34m  745.91[39m  [36m1.2196[39m  [36m1.8122[39m  [36m1.3406[39m  [36m1.4840[39m  [36m1.7035[39m  [36m1.8048[39m  [36m1.8122[39m  [2m±1.23%[22m  [2m    373[22m
   [32m·[39m escrow-redeem_2-2         [34m  748.70[39m  [36m1.2147[39m  [36m1.7937[39m  [36m1.3356[39m  [36m1.4799[39m  [36m1.6628[39m  [36m1.7027[39m  [36m1.7937[39m  [2m±1.21%[22m  [2m    375[22m
   [32m·[39m escrow-redeem_2-3         [34m  748.67[39m  [36m1.2195[39m  [36m1.7694[39m  [36m1.3357[39m  [36m1.4766[39m  [36m1.6589[39m  [36m1.6816[39m  [36m1.7694[39m  [2m±1.20%[22m  [2m    375[22m
   [32m·[39m escrow-refund-1           [34m1,506.43[39m  [36m0.5952[39m  [36m1.1905[39m  [36m0.6638[39m  [36m0.6267[39m  [36m1.0212[39m  [36m1.0821[39m  [36m1.1905[39m  [2m±1.31%[22m  [2m    754[22m
   [32m·[39m future-increase-margin-1  [34m1,177.81[39m  [36m0.7770[39m  [36m1.2294[39m  [36m0.8490[39m  [36m0.8153[39m  [36m1.1470[39m  [36m1.1890[39m  [36m1.2294[39m  [2m±1.03%[22m  [2m    589[22m
   [32m·[39m future-increase-margin-2  [34m  594.91[39m  [36m1.5159[39m  [36m2.1350[39m  [36m1.6809[39m  [36m1.9193[39m  [36m2.0719[39m  [36m2.1070[39m  [36m2.1350[39m  [2m±1.24%[22m  [2m    298[22m
   [32m·[39m future-increase-margin-3  [34m  595.11[39m  [36m1.5241[39m  [36m2.0038[39m  [36m1.6804[39m  [36m1.9165[39m  [36m2.0026[39m  [36m2.0029[39m  [36m2.0038[39m  [2m±1.23%[22m  [2m    298[22m
   [32m·[39m future-increase-margin-4  [34m  586.85[39m  [36m1.5693[39m  [36m2.0564[39m  [36m1.7040[39m  [36m1.8983[39m  [36m2.0284[39m  [36m2.0388[39m  [36m2.0564[39m  [2m±1.03%[22m  [2m    294[22m
   [32m·[39m future-increase-margin-5  [34m  254.74[39m  [36m3.4568[39m  [36m4.5441[39m  [36m3.9256[39m  [36m4.2785[39m  [36m4.4995[39m  [36m4.5441[39m  [36m4.5441[39m  [2m±1.66%[22m  [2m    128[22m
   [32m·[39m future-pay-out-1          [34m1,161.98[39m  [36m0.7767[39m  [36m1.2313[39m  [36m0.8606[39m  [36m0.8115[39m  [36m1.1873[39m  [36m1.1971[39m  [36m1.2313[39m  [2m±1.24%[22m  [2m    581[22m
   [32m·[39m future-pay-out-2          [34m  587.10[39m  [36m1.5152[39m  [36m2.1358[39m  [36m1.7033[39m  [36m1.9762[39m  [36m2.1200[39m  [36m2.1355[39m  [36m2.1358[39m  [2m±1.43%[22m  [2m    294[22m
   [32m·[39m future-pay-out-3          [34m  587.94[39m  [36m1.5210[39m  [36m2.1987[39m  [36m1.7009[39m  [36m1.9710[39m  [36m2.1007[39m  [36m2.1855[39m  [36m2.1987[39m  [2m±1.43%[22m  [2m    294[22m
   [32m·[39m future-pay-out-4          [34m  257.99[39m  [36m3.4367[39m  [36m4.6258[39m  [36m3.8761[39m  [36m4.1989[39m  [36m4.5045[39m  [36m4.6258[39m  [36m4.6258[39m  [2m±1.61%[22m  [2m    129[22m
   [32m·[39m future-settle-early-1     [34m1,163.22[39m  [36m0.7800[39m  [36m1.2482[39m  [36m0.8597[39m  [36m0.8113[39m  [36m1.1953[39m  [36m1.2027[39m  [36m1.2482[39m  [2m±1.25%[22m  [2m    582[22m
   [32m·[39m future-settle-early-2     [34m  587.92[39m  [36m1.5213[39m  [36m2.1803[39m  [36m1.7009[39m  [36m1.9720[39m  [36m2.0878[39m  [36m2.1208[39m  [36m2.1803[39m  [2m±1.43%[22m  [2m    294[22m
   [32m·[39m future-settle-early-3     [34m  589.19[39m  [36m1.5222[39m  [36m2.1007[39m  [36m1.6973[39m  [36m1.9634[39m  [36m2.0970[39m  [36m2.0999[39m  [36m2.1007[39m  [2m±1.40%[22m  [2m    295[22m
   [32m·[39m future-settle-early-4     [34m  301.15[39m  [36m2.9758[39m  [36m3.9825[39m  [36m3.3206[39m  [36m3.6977[39m  [36m3.9209[39m  [36m3.9825[39m  [36m3.9825[39m  [2m±1.65%[22m  [2m    151[22m
   [32m·[39m game-sm-success_1-1       [34m  685.15[39m  [36m1.2873[39m  [36m2.1161[39m  [36m1.4595[39m  [36m1.7757[39m  [36m1.9671[39m  [36m2.0792[39m  [36m2.1161[39m  [2m±1.78%[22m  [2m    343[22m
   [32m·[39m game-sm-success_1-2       [34m  977.97[39m  [36m0.9614[39m  [36m1.3399[39m  [36m1.0225[39m  [36m0.9947[39m  [36m1.2765[39m  [36m1.2831[39m  [36m1.3399[39m  [2m±0.84%[22m  [2m    489[22m
   [32m·[39m game-sm-success_1-3       [34m  347.75[39m  [36m1.8827[39m  [36m3.7112[39m  [36m2.8757[39m  [36m3.3839[39m  [36m3.6742[39m  [36m3.7112[39m  [36m3.7112[39m  [2m±2.44%[22m  [2m    174[22m
   [32m·[39m game-sm-success_1-4       [34m  842.43[39m  [36m1.1080[39m  [36m1.5476[39m  [36m1.1870[39m  [36m1.1455[39m  [36m1.4831[39m  [36m1.5008[39m  [36m1.5476[39m  [2m±0.97%[22m  [2m    422[22m
   [32m·[39m game-sm-success_2-1       [34m  625.31[39m  [36m1.2876[39m  [36m2.6351[39m  [36m1.5992[39m  [36m1.8614[39m  [36m2.5916[39m  [36m2.6073[39m  [36m2.6351[39m  [2m±2.42%[22m  [2m    313[22m
   [32m·[39m game-sm-success_2-2       [34m1,423.79[39m  [36m0.6352[39m  [36m1.0426[39m  [36m0.7023[39m  [36m0.6773[39m  [36m0.9769[39m  [36m0.9856[39m  [36m1.0426[39m  [2m±1.00%[22m  [2m    712[22m
   [32m·[39m game-sm-success_2-3       [34m  467.89[39m  [36m1.8541[39m  [36m2.7083[39m  [36m2.1373[39m  [36m2.4698[39m  [36m2.6517[39m  [36m2.6629[39m  [36m2.7083[39m  [2m±1.79%[22m  [2m    234[22m
   [32m·[39m game-sm-success_2-4       [34m1,220.35[39m  [36m0.7469[39m  [36m1.2016[39m  [36m0.8194[39m  [36m0.7853[39m  [36m1.1404[39m  [36m1.1763[39m  [36m1.2016[39m  [2m±1.10%[22m  [2m    611[22m
   [32m·[39m game-sm-success_2-5       [34m  467.21[39m  [36m1.8558[39m  [36m2.6797[39m  [36m2.1404[39m  [36m2.4729[39m  [36m2.6609[39m  [36m2.6639[39m  [36m2.6797[39m  [2m±1.80%[22m  [2m    234[22m
   [32m·[39m game-sm-success_2-6       [34m1,219.22[39m  [36m0.7478[39m  [36m1.2071[39m  [36m0.8202[39m  [36m0.7841[39m  [36m1.1405[39m  [36m1.1600[39m  [36m1.2071[39m  [2m±1.11%[22m  [2m    610[22m
   [32m·[39m guardrail-sorted-large    [34m  605.03[39m  [36m1.4661[39m  [36m2.1896[39m  [36m1.6528[39m  [36m1.8349[39m  [36m2.0428[39m  [36m2.0556[39m  [36m2.1896[39m  [2m±1.22%[22m  [2m    303[22m
   [32m·[39m guardrail-sorted-small    [34m2,988.81[39m  [36m0.2977[39m  [36m0.6698[39m  [36m0.3346[39m  [36m0.3234[39m  [36m0.6163[39m  [36m0.6322[39m  [36m0.6507[39m  [2m±0.99%[22m  [2m   1495[22m
   [32m·[39m guardrail-unsorted-large  [34m  452.59[39m  [36m1.9750[39m  [36m2.6054[39m  [36m2.2095[39m  [36m2.3323[39m  [36m2.5880[39m  [36m2.5889[39m  [36m2.6054[39m  [2m±1.03%[22m  [2m    227[22m
   [32m·[39m guardrail-unsorted-small  [34m2,979.67[39m  [36m0.2948[39m  [36m0.7553[39m  [36m0.3356[39m  [36m0.3392[39m  [36m0.6306[39m  [36m0.6462[39m  [36m0.6611[39m  [2m±1.08%[22m  [2m   1490[22m
   [32m·[39m multisig-sm-01            [34m  651.81[39m  [36m1.3341[39m  [36m2.2272[39m  [36m1.5342[39m  [36m1.8510[39m  [36m2.1452[39m  [36m2.2117[39m  [36m2.2272[39m  [2m±1.98%[22m  [2m    326[22m
   [32m·[39m multisig-sm-02            [34m  667.45[39m  [36m1.3125[39m  [36m2.2338[39m  [36m1.4982[39m  [36m1.7509[39m  [36m2.1241[39m  [36m2.1265[39m  [36m2.2338[39m  [2m±1.91%[22m  [2m    334[22m
   [32m·[39m multisig-sm-03            [34m  662.50[39m  [36m1.3242[39m  [36m2.2402[39m  [36m1.5094[39m  [36m1.6308[39m  [36m2.1311[39m  [36m2.1451[39m  [36m2.2402[39m  [2m±1.91%[22m  [2m    332[22m
   [32m·[39m multisig-sm-04            [34m  656.52[39m  [36m1.3357[39m  [36m2.2213[39m  [36m1.5232[39m  [36m1.6392[39m  [36m2.1131[39m  [36m2.1913[39m  [36m2.2213[39m  [2m±1.93%[22m  [2m    329[22m
   [32m·[39m multisig-sm-05            [34m  510.81[39m  [36m1.7116[39m  [36m2.5369[39m  [36m1.9577[39m  [36m2.2785[39m  [36m2.4799[39m  [36m2.4814[39m  [36m2.5369[39m  [2m±1.79%[22m  [2m    256[22m
   [32m·[39m multisig-sm-06            [34m  656.14[39m  [36m1.3227[39m  [36m2.2074[39m  [36m1.5241[39m  [36m1.7934[39m  [36m2.1278[39m  [36m2.1842[39m  [36m2.2074[39m  [2m±1.96%[22m  [2m    329[22m
   [32m·[39m multisig-sm-07            [34m  668.52[39m  [36m1.3152[39m  [36m2.1605[39m  [36m1.4958[39m  [36m1.7427[39m  [36m2.1252[39m  [36m2.1373[39m  [36m2.1605[39m  [2m±1.91%[22m  [2m    335[22m
   [32m·[39m multisig-sm-08            [34m  663.70[39m  [36m1.3215[39m  [36m2.1985[39m  [36m1.5067[39m  [36m1.5883[39m  [36m2.1331[39m  [36m2.1372[39m  [36m2.1985[39m  [2m±1.91%[22m  [2m    332[22m
   [32m·[39m multisig-sm-09            [34m  657.97[39m  [36m1.3239[39m  [36m2.2638[39m  [36m1.5198[39m  [36m1.6457[39m  [36m2.1048[39m  [36m2.1621[39m  [36m2.2638[39m  [2m±1.91%[22m  [2m    330[22m
   [32m·[39m multisig-sm-10            [34m  512.35[39m  [36m1.7095[39m  [36m2.5048[39m  [36m1.9518[39m  [36m2.2758[39m  [36m2.4751[39m  [36m2.4764[39m  [36m2.5048[39m  [2m±1.80%[22m  [2m    257[22m
   [32m·[39m ping-pong-1               [34m  790.47[39m  [36m1.1123[39m  [36m1.8705[39m  [36m1.2651[39m  [36m1.1809[39m  [36m1.8218[39m  [36m1.8435[39m  [36m1.8705[39m  [2m±1.84%[22m  [2m    396[22m
   [32m·[39m ping-pong-2               [34m  791.30[39m  [36m1.1137[39m  [36m2.1402[39m  [36m1.2637[39m  [36m1.1852[39m  [36m1.8156[39m  [36m1.8939[39m  [36m2.1402[39m  [2m±1.84%[22m  [2m    396[22m
   [32m·[39m ping-pong_2-1             [34m1,099.25[39m  [36m0.8086[39m  [36m1.5643[39m  [36m0.9097[39m  [36m0.8411[39m  [36m1.4392[39m  [36m1.5338[39m  [36m1.5643[39m  [2m±1.78%[22m  [2m    550[22m
   [32m·[39m prism-1                   [34m1,647.73[39m  [36m0.5509[39m  [36m0.9849[39m  [36m0.6069[39m  [36m0.5837[39m  [36m0.8954[39m  [36m0.9239[39m  [36m0.9849[39m  [2m±1.10%[22m  [2m    824[22m
   [32m·[39m prism-2                   [34m  671.33[39m  [36m1.3476[39m  [36m2.3164[39m  [36m1.4896[39m  [36m1.5052[39m  [36m2.0807[39m  [36m2.1291[39m  [36m2.3164[39m  [2m±1.59%[22m  [2m    336[22m
   [32m·[39m prism-3                   [34m  820.79[39m  [36m1.1035[39m  [36m1.6527[39m  [36m1.2183[39m  [36m1.4274[39m  [36m1.5531[39m  [36m1.5890[39m  [36m1.6527[39m  [2m±1.21%[22m  [2m    411[22m
   [32m·[39m pubkey-1                  [34m1,904.14[39m  [36m0.4785[39m  [36m0.9920[39m  [36m0.5252[39m  [36m0.5027[39m  [36m0.8304[39m  [36m0.8888[39m  [36m0.9920[39m  [2m±1.07%[22m  [2m    953[22m
   [32m·[39m stablecoin_1-1            [34m  174.74[39m  [36m5.1852[39m  [36m6.4608[39m  [36m5.7227[39m  [36m6.0771[39m  [36m6.4608[39m  [36m6.4608[39m  [36m6.4608[39m  [2m±1.44%[22m  [2m     88[22m
   [32m·[39m stablecoin_1-2            [34m1,434.97[39m  [36m0.6281[39m  [36m0.9985[39m  [36m0.6969[39m  [36m0.6681[39m  [36m0.9855[39m  [36m0.9868[39m  [36m0.9985[39m  [2m±1.08%[22m  [2m    718[22m
   [32m·[39m stablecoin_1-3            [34m  160.28[39m  [36m5.5867[39m  [36m7.1389[39m  [36m6.2390[39m  [36m6.6571[39m  [36m7.1389[39m  [36m7.1389[39m  [36m7.1389[39m  [2m±1.64%[22m  [2m     81[22m
   [32m·[39m stablecoin_1-4            [34m1,342.73[39m  [36m0.6664[39m  [36m1.1934[39m  [36m0.7448[39m  [36m0.7108[39m  [36m1.1156[39m  [36m1.1238[39m  [36m1.1934[39m  [2m±1.15%[22m  [2m    672[22m
   [32m·[39m stablecoin_1-5            [34m  135.30[39m  [36m6.5217[39m  [36m8.0618[39m  [36m7.3910[39m  [36m7.5918[39m  [36m8.0618[39m  [36m8.0618[39m  [36m8.0618[39m  [2m±1.08%[22m  [2m     68[22m
   [32m·[39m stablecoin_1-6            [34m1,126.88[39m  [36m0.8067[39m  [36m1.3003[39m  [36m0.8874[39m  [36m0.8492[39m  [36m1.2043[39m  [36m1.2474[39m  [36m1.3003[39m  [2m±1.08%[22m  [2m    564[22m
   [32m·[39m stablecoin_2-1            [34m  173.93[39m  [36m5.1518[39m  [36m6.5649[39m  [36m5.7495[39m  [36m6.0939[39m  [36m6.5649[39m  [36m6.5649[39m  [36m6.5649[39m  [2m±1.54%[22m  [2m     88[22m
   [32m·[39m stablecoin_2-2            [34m1,435.38[39m  [36m0.6288[39m  [36m1.0391[39m  [36m0.6967[39m  [36m0.6683[39m  [36m0.9842[39m  [36m0.9916[39m  [36m1.0391[39m  [2m±1.09%[22m  [2m    718[22m
   [32m·[39m stablecoin_2-3            [34m  160.81[39m  [36m5.6156[39m  [36m7.3917[39m  [36m6.2187[39m  [36m6.5586[39m  [36m7.3917[39m  [36m7.3917[39m  [36m7.3917[39m  [2m±1.54%[22m  [2m     81[22m
   [32m·[39m stablecoin_2-4            [34m1,351.99[39m  [36m0.6662[39m  [36m1.1241[39m  [36m0.7397[39m  [36m0.7091[39m  [36m1.0203[39m  [36m1.0352[39m  [36m1.1241[39m  [2m±1.08%[22m  [2m    676[22m
   [32m·[39m token-account-1           [34m1,428.62[39m  [36m0.6270[39m  [36m1.2824[39m  [36m0.7000[39m  [36m0.6624[39m  [36m1.0533[39m  [36m1.0669[39m  [36m1.2824[39m  [2m±1.29%[22m  [2m    715[22m
   [32m·[39m token-account-2           [34m  698.14[39m  [36m0.9835[39m  [36m3.0239[39m  [36m1.4324[39m  [36m1.5000[39m  [36m2.0215[39m  [36m2.3877[39m  [36m3.0239[39m  [2m±2.09%[22m  [2m    350[22m
   [32m·[39m uniswap-1                 [34m  552.84[39m  [36m1.1499[39m  [36m2.2426[39m  [36m1.8088[39m  [36m2.0833[39m  [36m2.2002[39m  [36m2.2148[39m  [36m2.2426[39m  [2m±1.31%[22m  [2m    277[22m
   [32m·[39m uniswap-2                 [34m  861.24[39m  [36m1.0750[39m  [36m1.5807[39m  [36m1.1611[39m  [36m1.1107[39m  [36m1.5301[39m  [36m1.5311[39m  [36m1.5807[39m  [2m±1.16%[22m  [2m    431[22m
   [32m·[39m uniswap-3                 [34m  141.87[39m  [36m5.4413[39m  [36m8.9161[39m  [36m7.0488[39m  [36m8.1810[39m  [36m8.9161[39m  [36m8.9161[39m  [36m8.9161[39m  [2m±4.23%[22m  [2m     71[22m
   [32m·[39m uniswap-4                 [34m  884.69[39m  [36m1.0490[39m  [36m3.1241[39m  [36m1.1303[39m  [36m1.1108[39m  [36m1.3635[39m  [36m1.4046[39m  [36m3.1241[39m  [2m±1.14%[22m  [2m    443[22m
   [32m·[39m uniswap-5                 [34m  253.82[39m  [36m3.3685[39m  [36m5.8854[39m  [36m3.9398[39m  [36m4.1575[39m  [36m4.5433[39m  [36m5.8854[39m  [36m5.8854[39m  [2m±1.66%[22m  [2m    127[22m
   [32m·[39m uniswap-6                 [34m  926.92[39m  [36m1.0046[39m  [36m1.4655[39m  [36m1.0788[39m  [36m1.0543[39m  [36m1.3433[39m  [36m1.3726[39m  [36m1.4655[39m  [2m±0.86%[22m  [2m    464[22m
   [32m·[39m vesting-1                 [34m  861.28[39m  [36m1.0528[39m  [36m1.6185[39m  [36m1.1611[39m  [36m1.1432[39m  [36m1.4753[39m  [36m1.5234[39m  [36m1.6185[39m  [2m±1.26%[22m  [2m    431[22m

[1m[30m[46m BENCH [49m[39m[22m [36mSummary
[39m
  guardrail-sorted-small[2m - bench/plutus_use_cases.bench.ts[2m > [22m[2mplutus use cases[22m
[32m    1.00x [39m[90mfaster than [39mguardrail-unsorted-small
[32m    1.57x [39m[90mfaster than [39mpubkey-1
[32m    1.81x [39m[90mfaster than [39mprism-1
[32m    1.91x [39m[90mfaster than [39mauction_2-1
[32m    1.96x [39m[90mfaster than [39mauction_1-1
[32m    1.98x [39m[90mfaster than [39mescrow-refund-1
[32m    2.08x [39m[90mfaster than [39mstablecoin_2-2
[32m    2.08x [39m[90mfaster than [39mstablecoin_1-2
[32m    2.09x [39m[90mfaster than [39mtoken-account-1
[32m    2.10x [39m[90mfaster than [39mgame-sm-success_2-2
[32m    2.21x [39m[90mfaster than [39mstablecoin_2-4
[32m    2.23x [39m[90mfaster than [39mstablecoin_1-4
[32m    2.32x [39m[90mfaster than [39mcrowdfunding-success-2
[32m    2.32x [39m[90mfaster than [39mcrowdfunding-success-1
[32m    2.32x [39m[90mfaster than [39mcrowdfunding-success-3
[32m    2.39x [39m[90mfaster than [39mauction_2-5
[32m    2.40x [39m[90mfaster than [39mauction_1-4
[32m    2.45x [39m[90mfaster than [39mgame-sm-success_2-4
[32m    2.45x [39m[90mfaster than [39mgame-sm-success_2-6
[32m    2.54x [39m[90mfaster than [39mfuture-increase-margin-1
[32m    2.54x [39m[90mfaster than [39mcurrency-1
[32m    2.57x [39m[90mfaster than [39mfuture-settle-early-1
[32m    2.57x [39m[90mfaster than [39mfuture-pay-out-1
[32m    2.65x [39m[90mfaster than [39mstablecoin_1-6
[32m    2.65x [39m[90mfaster than [39mcoop-1
[32m    2.72x [39m[90mfaster than [39mping-pong_2-1
[32m    3.06x [39m[90mfaster than [39mgame-sm-success_1-2
[32m    3.22x [39m[90mfaster than [39muniswap-6
[32m    3.38x [39m[90mfaster than [39muniswap-4
[32m    3.47x [39m[90mfaster than [39mvesting-1
[32m    3.47x [39m[90mfaster than [39muniswap-2
[32m    3.54x [39m[90mfaster than [39mescrow-redeem_1-2
[32m    3.54x [39m[90mfaster than [39mescrow-redeem_1-1
[32m    3.55x [39m[90mfaster than [39mgame-sm-success_1-4
[32m    3.58x [39m[90mfaster than [39mcoop-7
[32m    3.64x [39m[90mfaster than [39mprism-3
[32m    3.78x [39m[90mfaster than [39mping-pong-2
[32m    3.78x [39m[90mfaster than [39mping-pong-1
[32m    3.99x [39m[90mfaster than [39mescrow-redeem_2-2
[32m    3.99x [39m[90mfaster than [39mescrow-redeem_2-3
[32m    4.01x [39m[90mfaster than [39mescrow-redeem_2-1
[32m    4.28x [39m[90mfaster than [39mtoken-account-2
[32m    4.36x [39m[90mfaster than [39mgame-sm-success_1-1
[32m    4.45x [39m[90mfaster than [39mprism-2
[32m    4.47x [39m[90mfaster than [39mmultisig-sm-07
[32m    4.48x [39m[90mfaster than [39mmultisig-sm-02
[32m    4.50x [39m[90mfaster than [39mmultisig-sm-08
[32m    4.51x [39m[90mfaster than [39mmultisig-sm-03
[32m    4.54x [39m[90mfaster than [39mmultisig-sm-09
[32m    4.55x [39m[90mfaster than [39mmultisig-sm-04
[32m    4.56x [39m[90mfaster than [39mmultisig-sm-06
[32m    4.59x [39m[90mfaster than [39mmultisig-sm-01
[32m    4.62x [39m[90mfaster than [39mcoop-5
[32m    4.78x [39m[90mfaster than [39mgame-sm-success_2-1
[32m    4.94x [39m[90mfaster than [39mguardrail-sorted-large
[32m    5.02x [39m[90mfaster than [39mfuture-increase-margin-3
[32m    5.02x [39m[90mfaster than [39mfuture-increase-margin-2
[32m    5.07x [39m[90mfaster than [39mfuture-settle-early-3
[32m    5.08x [39m[90mfaster than [39mfuture-pay-out-3
[32m    5.08x [39m[90mfaster than [39mfuture-settle-early-2
[32m    5.09x [39m[90mfaster than [39mfuture-pay-out-2
[32m    5.09x [39m[90mfaster than [39mfuture-increase-margin-4
[32m    5.41x [39m[90mfaster than [39muniswap-1
[32m    5.83x [39m[90mfaster than [39mmultisig-sm-10
[32m    5.85x [39m[90mfaster than [39mmultisig-sm-05
[32m    5.96x [39m[90mfaster than [39mauction_2-2
[32m    5.98x [39m[90mfaster than [39mauction_1-2
[32m    5.98x [39m[90mfaster than [39mauction_1-3
[32m    5.98x [39m[90mfaster than [39mauction_2-4
[32m    6.39x [39m[90mfaster than [39mgame-sm-success_2-3
[32m    6.40x [39m[90mfaster than [39mgame-sm-success_2-5
[32m    6.60x [39m[90mfaster than [39mguardrail-unsorted-large
[32m    7.17x [39m[90mfaster than [39mcoop-6
[32m    7.45x [39m[90mfaster than [39mauction_2-3
[32m    8.14x [39m[90mfaster than [39mcoop-2
[32m    8.59x [39m[90mfaster than [39mgame-sm-success_1-3
[32m    9.92x [39m[90mfaster than [39mfuture-settle-early-4
[32m    10.14x [39m[90mfaster than [39mcoop-4
[32m    11.59x [39m[90mfaster than [39mfuture-pay-out-4
[32m    11.73x [39m[90mfaster than [39mfuture-increase-margin-5
[32m    11.78x [39m[90mfaster than [39muniswap-5
[32m    17.10x [39m[90mfaster than [39mstablecoin_1-1
[32m    17.18x [39m[90mfaster than [39mstablecoin_2-1
[32m    18.59x [39m[90mfaster than [39mstablecoin_2-3
[32m    18.65x [39m[90mfaster than [39mstablecoin_1-3
[32m    20.21x [39m[90mfaster than [39mcoop-3
[32m    21.07x [39m[90mfaster than [39muniswap-3
[32m    22.09x [39m[90mfaster than [39mstablecoin_1-5

