[33mBenchmarking is an experimental feature.
Breaking changes might not follow SemVer, please pin Vitest's version when using it.[39m

[1m[30m[46m RUN [49m[39m[22m [36mv4.1.10 [39m[90m/bench/blaze-plutus/packages/blaze-plutus[39m


 [32m✓[39m bench/plutus_use_cases.bench.ts[2m > [22mplutus use cases[33m 54086[2mms[22m[39m
     [1mname                    [22m  [1m      hz[22m  [1m   min[22m  [1m   max[22m  [1m  mean[22m  [1m   p75[22m  [1m   p99[22m  [1m  p995[22m  [1m  p999[22m  [1m   rme[22m  [1msamples[22m
   [32m·[39m auction_1-1               [34m1,570.82[39m  [36m0.5719[39m  [36m1.0462[39m  [36m0.6366[39m  [36m0.6131[39m  [36m0.9733[39m  [36m1.0097[39m  [36m1.0462[39m  [2m±1.14%[22m  [2m    786[22m
   [32m·[39m auction_1-2               [34m  506.47[39m  [36m1.6998[39m  [36m2.8297[39m  [36m1.9744[39m  [36m2.3060[39m  [36m2.5379[39m  [36m2.5458[39m  [36m2.8297[39m  [2m±1.83%[22m  [2m    254[22m
   [32m·[39m auction_1-3               [34m  503.22[39m  [36m1.7032[39m  [36m2.5315[39m  [36m1.9872[39m  [36m2.3150[39m  [36m2.5008[39m  [36m2.5258[39m  [36m2.5315[39m  [2m±1.83%[22m  [2m    252[22m
   [32m·[39m auction_1-4               [34m1,270.65[39m  [36m0.7067[39m  [36m1.1971[39m  [36m0.7870[39m  [36m0.7509[39m  [36m1.1421[39m  [36m1.1651[39m  [36m1.1971[39m  [2m±1.21%[22m  [2m    636[22m
   [32m·[39m auction_2-1               [34m1,577.39[39m  [36m0.5687[39m  [36m1.0753[39m  [36m0.6340[39m  [36m0.6089[39m  [36m1.0215[39m  [36m1.0324[39m  [36m1.0753[39m  [2m±1.19%[22m  [2m    789[22m
   [32m·[39m auction_2-2               [34m  510.11[39m  [36m1.6933[39m  [36m2.5574[39m  [36m1.9604[39m  [36m2.2936[39m  [36m2.5129[39m  [36m2.5146[39m  [36m2.5574[39m  [2m±1.82%[22m  [2m    256[22m
   [32m·[39m auction_2-3               [34m  404.93[39m  [36m2.1061[39m  [36m3.0047[39m  [36m2.4695[39m  [36m2.7499[39m  [36m2.9418[39m  [36m2.9843[39m  [36m3.0047[39m  [2m±1.73%[22m  [2m    203[22m
   [32m·[39m auction_2-4               [34m  502.63[39m  [36m1.7007[39m  [36m2.5313[39m  [36m1.9895[39m  [36m2.3231[39m  [36m2.5099[39m  [36m2.5167[39m  [36m2.5313[39m  [2m±1.87%[22m  [2m    252[22m
   [32m·[39m auction_2-5               [34m1,272.57[39m  [36m0.7014[39m  [36m1.1851[39m  [36m0.7858[39m  [36m0.7488[39m  [36m1.1298[39m  [36m1.1633[39m  [36m1.1851[39m  [2m±1.24%[22m  [2m    637[22m
   [32m·[39m coop-1                    [34m1,154.83[39m  [36m0.7942[39m  [36m1.2456[39m  [36m0.8659[39m  [36m0.8343[39m  [36m1.1887[39m  [36m1.1969[39m  [36m1.2456[39m  [2m±1.01%[22m  [2m    578[22m
   [32m·[39m coop-2                    [34m  372.70[39m  [36m2.4056[39m  [36m3.2864[39m  [36m2.6831[39m  [36m2.8854[39m  [36m3.0938[39m  [36m3.2864[39m  [36m3.2864[39m  [2m±1.20%[22m  [2m    187[22m
   [32m·[39m coop-3                    [34m  150.79[39m  [36m6.2403[39m  [36m7.4568[39m  [36m6.6318[39m  [36m6.7723[39m  [36m7.4568[39m  [36m7.4568[39m  [36m7.4568[39m  [2m±0.73%[22m  [2m     76[22m
   [32m·[39m coop-4                    [34m  311.00[39m  [36m2.8453[39m  [36m3.9798[39m  [36m3.2154[39m  [36m3.3808[39m  [36m3.8950[39m  [36m3.9798[39m  [36m3.9798[39m  [2m±1.20%[22m  [2m    156[22m
   [32m·[39m coop-5                    [34m  651.83[39m  [36m1.3729[39m  [36m2.5807[39m  [36m1.5341[39m  [36m1.7537[39m  [36m2.1335[39m  [36m2.3915[39m  [36m2.5807[39m  [2m±1.42%[22m  [2m    326[22m
   [32m·[39m coop-6                    [34m  426.69[39m  [36m2.1625[39m  [36m3.1141[39m  [36m2.3436[39m  [36m2.4476[39m  [36m2.6170[39m  [36m2.7195[39m  [36m3.1141[39m  [2m±0.82%[22m  [2m    214[22m
   [32m·[39m coop-7                    [34m  847.29[39m  [36m1.1016[39m  [36m1.4840[39m  [36m1.1802[39m  [36m1.2159[39m  [36m1.4134[39m  [36m1.4668[39m  [36m1.4840[39m  [2m±0.83%[22m  [2m    424[22m
   [32m·[39m crowdfunding-success-1    [34m1,313.32[39m  [36m0.6948[39m  [36m1.2240[39m  [36m0.7614[39m  [36m0.7262[39m  [36m1.0396[39m  [36m1.0490[39m  [36m1.2240[39m  [2m±1.06%[22m  [2m    657[22m
   [32m·[39m crowdfunding-success-2    [34m1,311.89[39m  [36m0.7004[39m  [36m1.2535[39m  [36m0.7623[39m  [36m0.7277[39m  [36m1.0378[39m  [36m1.0702[39m  [36m1.2535[39m  [2m±1.06%[22m  [2m    656[22m
   [32m·[39m crowdfunding-success-3    [34m1,312.14[39m  [36m0.6990[39m  [36m1.4074[39m  [36m0.7621[39m  [36m0.7300[39m  [36m1.0748[39m  [36m1.1004[39m  [36m1.4074[39m  [2m±1.08%[22m  [2m    657[22m
   [32m·[39m currency-1                [34m1,204.82[39m  [36m0.7577[39m  [36m1.1948[39m  [36m0.8300[39m  [36m0.7941[39m  [36m1.1177[39m  [36m1.1522[39m  [36m1.1948[39m  [2m±1.03%[22m  [2m    603[22m
   [32m·[39m escrow-redeem_1-1         [34m  863.54[39m  [36m1.0534[39m  [36m1.6511[39m  [36m1.1580[39m  [36m1.1097[39m  [36m1.5291[39m  [36m1.5701[39m  [36m1.6511[39m  [2m±1.26%[22m  [2m    432[22m
   [32m·[39m escrow-redeem_1-2         [34m  863.85[39m  [36m1.0551[39m  [36m1.6195[39m  [36m1.1576[39m  [36m1.1246[39m  [36m1.4667[39m  [36m1.4927[39m  [36m1.6195[39m  [2m±1.24%[22m  [2m    432[22m
   [32m·[39m escrow-redeem_2-1         [34m  762.76[39m  [36m1.1884[39m  [36m1.7569[39m  [36m1.3110[39m  [36m1.4491[39m  [36m1.7061[39m  [36m1.7206[39m  [36m1.7569[39m  [2m±1.25%[22m  [2m    382[22m
   [32m·[39m escrow-redeem_2-2         [34m  762.95[39m  [36m1.1895[39m  [36m1.7895[39m  [36m1.3107[39m  [36m1.4501[39m  [36m1.7011[39m  [36m1.7392[39m  [36m1.7895[39m  [2m±1.25%[22m  [2m    382[22m
   [32m·[39m escrow-redeem_2-3         [34m  763.68[39m  [36m1.1904[39m  [36m1.7837[39m  [36m1.3094[39m  [36m1.4529[39m  [36m1.6740[39m  [36m1.7230[39m  [36m1.7837[39m  [2m±1.24%[22m  [2m    382[22m
   [32m·[39m escrow-refund-1           [34m1,533.82[39m  [36m0.5889[39m  [36m1.0894[39m  [36m0.6520[39m  [36m0.6176[39m  [36m0.9871[39m  [36m1.0105[39m  [36m1.0894[39m  [2m±1.28%[22m  [2m    767[22m
   [32m·[39m future-increase-margin-1  [34m1,206.45[39m  [36m0.7594[39m  [36m1.2658[39m  [36m0.8289[39m  [36m0.7923[39m  [36m1.0841[39m  [36m1.1069[39m  [36m1.2658[39m  [2m±1.02%[22m  [2m    604[22m
   [32m·[39m future-increase-margin-2  [34m  606.54[39m  [36m1.4837[39m  [36m2.1205[39m  [36m1.6487[39m  [36m1.8791[39m  [36m2.0056[39m  [36m2.0671[39m  [36m2.1205[39m  [2m±1.27%[22m  [2m    304[22m
   [32m·[39m future-increase-margin-3  [34m  606.18[39m  [36m1.4843[39m  [36m2.1854[39m  [36m1.6497[39m  [36m1.8816[39m  [36m2.0521[39m  [36m2.0701[39m  [36m2.1854[39m  [2m±1.29%[22m  [2m    304[22m
   [32m·[39m future-increase-margin-4  [34m  601.14[39m  [36m1.5305[39m  [36m1.9800[39m  [36m1.6635[39m  [36m1.8508[39m  [36m1.9412[39m  [36m1.9800[39m  [36m1.9800[39m  [2m±1.00%[22m  [2m    301[22m
   [32m·[39m future-increase-margin-5  [34m  258.65[39m  [36m3.4070[39m  [36m4.6212[39m  [36m3.8663[39m  [36m4.1880[39m  [36m4.5681[39m  [36m4.6212[39m  [36m4.6212[39m  [2m±1.61%[22m  [2m    130[22m
   [32m·[39m future-pay-out-1          [34m1,201.86[39m  [36m0.7533[39m  [36m1.2507[39m  [36m0.8320[39m  [36m0.7922[39m  [36m1.1561[39m  [36m1.1632[39m  [36m1.2507[39m  [2m±1.08%[22m  [2m    601[22m
   [32m·[39m future-pay-out-2          [34m  605.80[39m  [36m1.4856[39m  [36m2.4338[39m  [36m1.6507[39m  [36m1.8862[39m  [36m2.0373[39m  [36m2.1671[39m  [36m2.4338[39m  [2m±1.33%[22m  [2m    303[22m
   [32m·[39m future-pay-out-3          [34m  605.46[39m  [36m1.4807[39m  [36m2.1744[39m  [36m1.6516[39m  [36m1.8901[39m  [36m1.9947[39m  [36m2.1105[39m  [36m2.1744[39m  [2m±1.30%[22m  [2m    303[22m
   [32m·[39m future-pay-out-4          [34m  261.09[39m  [36m3.3925[39m  [36m4.5547[39m  [36m3.8301[39m  [36m4.1537[39m  [36m4.4491[39m  [36m4.5547[39m  [36m4.5547[39m  [2m±1.62%[22m  [2m    131[22m
   [32m·[39m future-settle-early-1     [34m1,199.56[39m  [36m0.7613[39m  [36m1.2980[39m  [36m0.8336[39m  [36m0.7956[39m  [36m1.1126[39m  [36m1.1369[39m  [36m1.2980[39m  [2m±1.09%[22m  [2m    600[22m
   [32m·[39m future-settle-early-2     [34m  607.39[39m  [36m1.4811[39m  [36m2.1270[39m  [36m1.6464[39m  [36m1.8818[39m  [36m1.9875[39m  [36m2.0976[39m  [36m2.1270[39m  [2m±1.28%[22m  [2m    304[22m
   [32m·[39m future-settle-early-3     [34m  608.78[39m  [36m1.4762[39m  [36m2.0541[39m  [36m1.6426[39m  [36m1.8793[39m  [36m1.9842[39m  [36m2.0316[39m  [36m2.0541[39m  [2m±1.26%[22m  [2m    305[22m
   [32m·[39m future-settle-early-4     [34m  304.59[39m  [36m2.9404[39m  [36m4.1372[39m  [36m3.2831[39m  [36m3.6424[39m  [36m3.8883[39m  [36m4.1372[39m  [36m4.1372[39m  [2m±1.70%[22m  [2m    153[22m
   [32m·[39m game-sm-success_1-1       [34m  698.95[39m  [36m1.2654[39m  [36m1.9597[39m  [36m1.4307[39m  [36m1.7328[39m  [36m1.9323[39m  [36m1.9582[39m  [36m1.9597[39m  [2m±1.72%[22m  [2m    350[22m
   [32m·[39m game-sm-success_1-2       [34m1,474.61[39m  [36m0.6281[39m  [36m1.0647[39m  [36m0.6781[39m  [36m0.6573[39m  [36m0.9418[39m  [36m1.0242[39m  [36m1.0647[39m  [2m±0.84%[22m  [2m    738[22m
   [32m·[39m game-sm-success_1-3       [34m  477.31[39m  [36m1.8258[39m  [36m2.6402[39m  [36m2.0951[39m  [36m2.4228[39m  [36m2.5585[39m  [36m2.6275[39m  [36m2.6402[39m  [2m±1.71%[22m  [2m    239[22m
   [32m·[39m game-sm-success_1-4       [34m1,260.26[39m  [36m0.7321[39m  [36m1.2771[39m  [36m0.7935[39m  [36m0.7640[39m  [36m1.1291[39m  [36m1.1534[39m  [36m1.2771[39m  [2m±0.95%[22m  [2m    631[22m
   [32m·[39m game-sm-success_2-1       [34m  700.16[39m  [36m1.2637[39m  [36m1.9722[39m  [36m1.4283[39m  [36m1.7217[39m  [36m1.9036[39m  [36m1.9466[39m  [36m1.9722[39m  [2m±1.68%[22m  [2m    351[22m
   [32m·[39m game-sm-success_2-2       [34m1,477.37[39m  [36m0.6289[39m  [36m1.0421[39m  [36m0.6769[39m  [36m0.6568[39m  [36m0.9347[39m  [36m0.9916[39m  [36m1.0421[39m  [2m±0.81%[22m  [2m    739[22m
   [32m·[39m game-sm-success_2-3       [34m  479.85[39m  [36m1.8238[39m  [36m2.5643[39m  [36m2.0840[39m  [36m2.4005[39m  [36m2.5568[39m  [36m2.5578[39m  [36m2.5643[39m  [2m±1.69%[22m  [2m    240[22m
   [32m·[39m game-sm-success_2-4       [34m1,261.72[39m  [36m0.7335[39m  [36m1.1819[39m  [36m0.7926[39m  [36m0.7654[39m  [36m1.0701[39m  [36m1.1469[39m  [36m1.1819[39m  [2m±0.92%[22m  [2m    631[22m
   [32m·[39m game-sm-success_2-5       [34m  480.91[39m  [36m1.8217[39m  [36m2.6068[39m  [36m2.0794[39m  [36m2.3937[39m  [36m2.5653[39m  [36m2.5763[39m  [36m2.6068[39m  [2m±1.65%[22m  [2m    241[22m
   [32m·[39m game-sm-success_2-6       [34m1,237.82[39m  [36m0.7331[39m  [36m2.7165[39m  [36m0.8079[39m  [36m0.7686[39m  [36m1.2666[39m  [36m1.5815[39m  [36m2.7165[39m  [2m±1.45%[22m  [2m    620[22m
   [32m·[39m guardrail-sorted-large    [34m  429.68[39m  [36m2.1667[39m  [36m2.6148[39m  [36m2.3273[39m  [36m2.5162[39m  [36m2.5667[39m  [36m2.5880[39m  [36m2.6148[39m  [2m±0.87%[22m  [2m    215[22m
   [32m·[39m guardrail-sorted-small    [34m2,143.09[39m  [36m0.2973[39m  [36m5.0190[39m  [36m0.4666[39m  [36m0.4577[39m  [36m0.8223[39m  [36m1.7307[39m  [36m2.9688[39m  [2m±2.61%[22m  [2m   1072[22m
   [32m·[39m guardrail-unsorted-large  [34m  324.41[39m  [36m2.9378[39m  [36m3.3297[39m  [36m3.0825[39m  [36m3.1861[39m  [36m3.3103[39m  [36m3.3297[39m  [36m3.3297[39m  [2m±0.59%[22m  [2m    163[22m
   [32m·[39m guardrail-unsorted-small  [34m2,843.09[39m  [36m0.2857[39m  [36m1.8046[39m  [36m0.3517[39m  [36m0.3473[39m  [36m0.7322[39m  [36m0.7970[39m  [36m1.7811[39m  [2m±1.68%[22m  [2m   1422[22m
   [32m·[39m multisig-sm-01            [34m  664.26[39m  [36m1.3091[39m  [36m2.5506[39m  [36m1.5054[39m  [36m1.7422[39m  [36m2.1604[39m  [36m2.3247[39m  [36m2.5506[39m  [2m±1.95%[22m  [2m    333[22m
   [32m·[39m multisig-sm-02            [34m  688.31[39m  [36m1.2896[39m  [36m2.0707[39m  [36m1.4528[39m  [36m1.6859[39m  [36m1.9586[39m  [36m1.9700[39m  [36m2.0707[39m  [2m±1.71%[22m  [2m    345[22m
   [32m·[39m multisig-sm-03            [34m  678.49[39m  [36m1.2976[39m  [36m2.2988[39m  [36m1.4739[39m  [36m1.5246[39m  [36m2.0474[39m  [36m2.1905[39m  [36m2.2988[39m  [2m±1.80%[22m  [2m    340[22m
   [32m·[39m multisig-sm-04            [34m  671.34[39m  [36m1.3154[39m  [36m2.2638[39m  [36m1.4896[39m  [36m1.5864[39m  [36m2.0375[39m  [36m2.1937[39m  [36m2.2638[39m  [2m±1.84%[22m  [2m    336[22m
   [32m·[39m multisig-sm-05            [34m  521.62[39m  [36m1.6821[39m  [36m2.5294[39m  [36m1.9171[39m  [36m2.2171[39m  [36m2.4547[39m  [36m2.5066[39m  [36m2.5294[39m  [2m±1.74%[22m  [2m    261[22m
   [32m·[39m multisig-sm-06            [34m  669.35[39m  [36m1.3105[39m  [36m2.1266[39m  [36m1.4940[39m  [36m1.7932[39m  [36m2.0259[39m  [36m2.1243[39m  [36m2.1266[39m  [2m±1.86%[22m  [2m    335[22m
   [32m·[39m multisig-sm-07            [34m  683.74[39m  [36m1.2938[39m  [36m2.0940[39m  [36m1.4626[39m  [36m1.6857[39m  [36m2.0109[39m  [36m2.0780[39m  [36m2.0940[39m  [2m±1.79%[22m  [2m    343[22m
   [32m·[39m multisig-sm-08            [34m  680.32[39m  [36m1.3044[39m  [36m2.0546[39m  [36m1.4699[39m  [36m1.5038[39m  [36m2.0305[39m  [36m2.0374[39m  [36m2.0546[39m  [2m±1.80%[22m  [2m    341[22m
   [32m·[39m multisig-sm-09            [34m  671.50[39m  [36m1.3126[39m  [36m2.2226[39m  [36m1.4892[39m  [36m1.5924[39m  [36m2.0540[39m  [36m2.0706[39m  [36m2.2226[39m  [2m±1.83%[22m  [2m    337[22m
   [32m·[39m multisig-sm-10            [34m  523.73[39m  [36m1.6733[39m  [36m2.6043[39m  [36m1.9094[39m  [36m2.1819[39m  [36m2.4701[39m  [36m2.4862[39m  [36m2.6043[39m  [2m±1.70%[22m  [2m    263[22m
   [32m·[39m ping-pong-1               [34m  810.47[39m  [36m1.0975[39m  [36m1.9180[39m  [36m1.2338[39m  [36m1.1684[39m  [36m1.7020[39m  [36m1.7534[39m  [36m1.9180[39m  [2m±1.67%[22m  [2m    406[22m
   [32m·[39m ping-pong-2               [34m  814.25[39m  [36m1.0893[39m  [36m1.7906[39m  [36m1.2281[39m  [36m1.1443[39m  [36m1.7169[39m  [36m1.7652[39m  [36m1.7906[39m  [2m±1.65%[22m  [2m    408[22m
   [32m·[39m ping-pong_2-1             [34m1,130.16[39m  [36m0.7947[39m  [36m1.5308[39m  [36m0.8848[39m  [36m0.8253[39m  [36m1.3529[39m  [36m1.4138[39m  [36m1.5308[39m  [2m±1.61%[22m  [2m    566[22m
   [32m·[39m prism-1                   [34m1,707.15[39m  [36m0.5365[39m  [36m0.9556[39m  [36m0.5858[39m  [36m0.5663[39m  [36m0.8556[39m  [36m0.9078[39m  [36m0.9556[39m  [2m±0.92%[22m  [2m    854[22m
   [32m·[39m prism-2                   [34m  692.40[39m  [36m1.3199[39m  [36m2.0961[39m  [36m1.4442[39m  [36m1.4792[39m  [36m1.9711[39m  [36m1.9841[39m  [36m2.0961[39m  [2m±1.43%[22m  [2m    347[22m
   [32m·[39m prism-3                   [34m  839.49[39m  [36m1.0802[39m  [36m1.6009[39m  [36m1.1912[39m  [36m1.2110[39m  [36m1.5742[39m  [36m1.5753[39m  [36m1.6009[39m  [2m±1.16%[22m  [2m    420[22m
   [32m·[39m pubkey-1                  [34m1,977.54[39m  [36m0.4667[39m  [36m0.8556[39m  [36m0.5057[39m  [36m0.4894[39m  [36m0.7488[39m  [36m0.8268[39m  [36m0.8556[39m  [2m±0.85%[22m  [2m    989[22m
   [32m·[39m stablecoin_1-1            [34m  175.99[39m  [36m5.0937[39m  [36m6.6845[39m  [36m5.6823[39m  [36m6.0022[39m  [36m6.6845[39m  [36m6.6845[39m  [36m6.6845[39m  [2m±1.55%[22m  [2m     88[22m
   [32m·[39m stablecoin_1-2            [34m1,475.13[39m  [36m0.6190[39m  [36m1.0750[39m  [36m0.6779[39m  [36m0.6566[39m  [36m0.9744[39m  [36m1.0171[39m  [36m1.0750[39m  [2m±0.94%[22m  [2m    738[22m
   [32m·[39m stablecoin_1-3            [34m  162.53[39m  [36m5.5130[39m  [36m7.1639[39m  [36m6.1528[39m  [36m6.4611[39m  [36m7.1639[39m  [36m7.1639[39m  [36m7.1639[39m  [2m±1.57%[22m  [2m     82[22m
   [32m·[39m stablecoin_1-4            [34m1,391.96[39m  [36m0.6504[39m  [36m1.1374[39m  [36m0.7184[39m  [36m0.6976[39m  [36m1.0001[39m  [36m1.0049[39m  [36m1.1374[39m  [2m±0.94%[22m  [2m    696[22m
   [32m·[39m stablecoin_1-5            [34m  137.89[39m  [36m6.4403[39m  [36m8.0797[39m  [36m7.2522[39m  [36m7.4171[39m  [36m8.0797[39m  [36m8.0797[39m  [36m8.0797[39m  [2m±1.09%[22m  [2m     69[22m
   [32m·[39m stablecoin_1-6            [34m1,163.87[39m  [36m0.7984[39m  [36m1.2440[39m  [36m0.8592[39m  [36m0.8294[39m  [36m1.1303[39m  [36m1.1910[39m  [36m1.2440[39m  [2m±0.88%[22m  [2m    582[22m
   [32m·[39m stablecoin_2-1            [34m  177.07[39m  [36m5.1006[39m  [36m6.4104[39m  [36m5.6476[39m  [36m5.9513[39m  [36m6.4104[39m  [36m6.4104[39m  [36m6.4104[39m  [2m±1.47%[22m  [2m     89[22m
   [32m·[39m stablecoin_2-2            [34m1,479.38[39m  [36m0.6224[39m  [36m1.0139[39m  [36m0.6760[39m  [36m0.6526[39m  [36m0.9571[39m  [36m0.9692[39m  [36m1.0139[39m  [2m±0.92%[22m  [2m    740[22m
   [32m·[39m stablecoin_2-3            [34m  162.00[39m  [36m5.5426[39m  [36m7.1131[39m  [36m6.1728[39m  [36m6.5085[39m  [36m7.1131[39m  [36m7.1131[39m  [36m7.1131[39m  [2m±1.53%[22m  [2m     82[22m
   [32m·[39m stablecoin_2-4            [34m1,397.71[39m  [36m0.6501[39m  [36m1.1569[39m  [36m0.7155[39m  [36m0.6946[39m  [36m1.0019[39m  [36m1.0911[39m  [36m1.1569[39m  [2m±0.94%[22m  [2m    699[22m
   [32m·[39m token-account-1           [34m1,475.77[39m  [36m0.6165[39m  [36m1.1712[39m  [36m0.6776[39m  [36m0.6481[39m  [36m1.0289[39m  [36m1.0361[39m  [36m1.1712[39m  [2m±1.12%[22m  [2m    738[22m
   [32m·[39m token-account-2           [34m  959.82[39m  [36m0.9581[39m  [36m1.6055[39m  [36m1.0419[39m  [36m1.0345[39m  [36m1.3984[39m  [36m1.4622[39m  [36m1.6055[39m  [2m±1.00%[22m  [2m    480[22m
   [32m·[39m uniswap-1                 [34m  811.35[39m  [36m1.1240[39m  [36m1.7017[39m  [36m1.2325[39m  [36m1.4220[39m  [36m1.5722[39m  [36m1.5950[39m  [36m1.7017[39m  [2m±1.09%[22m  [2m    406[22m
   [32m·[39m uniswap-2                 [34m1,252.95[39m  [36m0.7207[39m  [36m1.2686[39m  [36m0.7981[39m  [36m0.7667[39m  [36m1.1657[39m  [36m1.2231[39m  [36m1.2686[39m  [2m±1.16%[22m  [2m    627[22m
   [32m·[39m uniswap-3                 [34m  181.25[39m  [36m5.2501[39m  [36m6.0006[39m  [36m5.5173[39m  [36m5.6110[39m  [36m6.0006[39m  [36m6.0006[39m  [36m6.0006[39m  [2m±0.63%[22m  [2m     91[22m
   [32m·[39m uniswap-4                 [34m  899.12[39m  [36m1.0320[39m  [36m2.6684[39m  [36m1.1122[39m  [36m1.0819[39m  [36m1.3574[39m  [36m1.4077[39m  [36m2.6684[39m  [2m±1.04%[22m  [2m    450[22m
   [32m·[39m uniswap-5                 [34m  260.71[39m  [36m3.2986[39m  [36m4.4969[39m  [36m3.8357[39m  [36m4.0573[39m  [36m4.4783[39m  [36m4.4969[39m  [36m4.4969[39m  [2m±1.47%[22m  [2m    131[22m
   [32m·[39m uniswap-6                 [34m  942.62[39m  [36m0.9883[39m  [36m1.4170[39m  [36m1.0609[39m  [36m1.0275[39m  [36m1.2889[39m  [36m1.3079[39m  [36m1.4170[39m  [2m±0.84%[22m  [2m    472[22m
   [32m·[39m vesting-1                 [34m  869.69[39m  [36m1.0316[39m  [36m1.7520[39m  [36m1.1498[39m  [36m1.1168[39m  [36m1.5106[39m  [36m1.5949[39m  [36m1.7520[39m  [2m±1.33%[22m  [2m    435[22m

[1m[30m[46m BENCH [49m[39m[22m [36mSummary
[39m
  guardrail-unsorted-small[2m - bench/plutus_use_cases.bench.ts[2m > [22m[2mplutus use cases[22m
[32m    1.33x [39m[90mfaster than [39mguardrail-sorted-small
[32m    1.44x [39m[90mfaster than [39mpubkey-1
[32m    1.67x [39m[90mfaster than [39mprism-1
[32m    1.80x [39m[90mfaster than [39mauction_2-1
[32m    1.81x [39m[90mfaster than [39mauction_1-1
[32m    1.85x [39m[90mfaster than [39mescrow-refund-1
[32m    1.92x [39m[90mfaster than [39mstablecoin_2-2
[32m    1.92x [39m[90mfaster than [39mgame-sm-success_2-2
[32m    1.93x [39m[90mfaster than [39mtoken-account-1
[32m    1.93x [39m[90mfaster than [39mstablecoin_1-2
[32m    1.93x [39m[90mfaster than [39mgame-sm-success_1-2
[32m    2.03x [39m[90mfaster than [39mstablecoin_2-4
[32m    2.04x [39m[90mfaster than [39mstablecoin_1-4
[32m    2.16x [39m[90mfaster than [39mcrowdfunding-success-1
[32m    2.17x [39m[90mfaster than [39mcrowdfunding-success-3
[32m    2.17x [39m[90mfaster than [39mcrowdfunding-success-2
[32m    2.23x [39m[90mfaster than [39mauction_2-5
[32m    2.24x [39m[90mfaster than [39mauction_1-4
[32m    2.25x [39m[90mfaster than [39mgame-sm-success_2-4
[32m    2.26x [39m[90mfaster than [39mgame-sm-success_1-4
[32m    2.27x [39m[90mfaster than [39muniswap-2
[32m    2.30x [39m[90mfaster than [39mgame-sm-success_2-6
[32m    2.36x [39m[90mfaster than [39mfuture-increase-margin-1
[32m    2.36x [39m[90mfaster than [39mcurrency-1
[32m    2.37x [39m[90mfaster than [39mfuture-pay-out-1
[32m    2.37x [39m[90mfaster than [39mfuture-settle-early-1
[32m    2.44x [39m[90mfaster than [39mstablecoin_1-6
[32m    2.46x [39m[90mfaster than [39mcoop-1
[32m    2.52x [39m[90mfaster than [39mping-pong_2-1
[32m    2.96x [39m[90mfaster than [39mtoken-account-2
[32m    3.02x [39m[90mfaster than [39muniswap-6
[32m    3.16x [39m[90mfaster than [39muniswap-4
[32m    3.27x [39m[90mfaster than [39mvesting-1
[32m    3.29x [39m[90mfaster than [39mescrow-redeem_1-2
[32m    3.29x [39m[90mfaster than [39mescrow-redeem_1-1
[32m    3.36x [39m[90mfaster than [39mcoop-7
[32m    3.39x [39m[90mfaster than [39mprism-3
[32m    3.49x [39m[90mfaster than [39mping-pong-2
[32m    3.50x [39m[90mfaster than [39muniswap-1
[32m    3.51x [39m[90mfaster than [39mping-pong-1
[32m    3.72x [39m[90mfaster than [39mescrow-redeem_2-3
[32m    3.73x [39m[90mfaster than [39mescrow-redeem_2-2
[32m    3.73x [39m[90mfaster than [39mescrow-redeem_2-1
[32m    4.06x [39m[90mfaster than [39mgame-sm-success_2-1
[32m    4.07x [39m[90mfaster than [39mgame-sm-success_1-1
[32m    4.11x [39m[90mfaster than [39mprism-2
[32m    4.13x [39m[90mfaster than [39mmultisig-sm-02
[32m    4.16x [39m[90mfaster than [39mmultisig-sm-07
[32m    4.18x [39m[90mfaster than [39mmultisig-sm-08
[32m    4.19x [39m[90mfaster than [39mmultisig-sm-03
[32m    4.23x [39m[90mfaster than [39mmultisig-sm-09
[32m    4.23x [39m[90mfaster than [39mmultisig-sm-04
[32m    4.25x [39m[90mfaster than [39mmultisig-sm-06
[32m    4.28x [39m[90mfaster than [39mmultisig-sm-01
[32m    4.36x [39m[90mfaster than [39mcoop-5
[32m    4.67x [39m[90mfaster than [39mfuture-settle-early-3
[32m    4.68x [39m[90mfaster than [39mfuture-settle-early-2
[32m    4.69x [39m[90mfaster than [39mfuture-increase-margin-2
[32m    4.69x [39m[90mfaster than [39mfuture-increase-margin-3
[32m    4.69x [39m[90mfaster than [39mfuture-pay-out-2
[32m    4.70x [39m[90mfaster than [39mfuture-pay-out-3
[32m    4.73x [39m[90mfaster than [39mfuture-increase-margin-4
[32m    5.43x [39m[90mfaster than [39mmultisig-sm-10
[32m    5.45x [39m[90mfaster than [39mmultisig-sm-05
[32m    5.57x [39m[90mfaster than [39mauction_2-2
[32m    5.61x [39m[90mfaster than [39mauction_1-2
[32m    5.65x [39m[90mfaster than [39mauction_1-3
[32m    5.66x [39m[90mfaster than [39mauction_2-4
[32m    5.91x [39m[90mfaster than [39mgame-sm-success_2-5
[32m    5.92x [39m[90mfaster than [39mgame-sm-success_2-3
[32m    5.96x [39m[90mfaster than [39mgame-sm-success_1-3
[32m    6.62x [39m[90mfaster than [39mguardrail-sorted-large
[32m    6.66x [39m[90mfaster than [39mcoop-6
[32m    7.02x [39m[90mfaster than [39mauction_2-3
[32m    7.63x [39m[90mfaster than [39mcoop-2
[32m    8.76x [39m[90mfaster than [39mguardrail-unsorted-large
[32m    9.14x [39m[90mfaster than [39mcoop-4
[32m    9.33x [39m[90mfaster than [39mfuture-settle-early-4
[32m    10.89x [39m[90mfaster than [39mfuture-pay-out-4
[32m    10.91x [39m[90mfaster than [39muniswap-5
[32m    10.99x [39m[90mfaster than [39mfuture-increase-margin-5
[32m    15.69x [39m[90mfaster than [39muniswap-3
[32m    16.06x [39m[90mfaster than [39mstablecoin_2-1
[32m    16.16x [39m[90mfaster than [39mstablecoin_1-1
[32m    17.49x [39m[90mfaster than [39mstablecoin_1-3
[32m    17.55x [39m[90mfaster than [39mstablecoin_2-3
[32m    18.85x [39m[90mfaster than [39mcoop-3
[32m    20.62x [39m[90mfaster than [39mstablecoin_1-5

npm notice
npm notice New major version of npm available! 10.9.9 -> 12.2.0
npm notice Changelog: https://github.com/npm/cli/releases/tag/v12.2.0
npm notice To update run: npm install -g npm@12.2.0
npm notice
