uplcbench: mode=compiled data=/bench/data/plutus_use_cases files=89 warmup=5 iter>=50 min_time=5.0s max_time=30.0s
  [  1/89] auction_1-1               compile 4.04 s  run 44.82 µs  (min 43.62 µs, 110919 iters)
  [  2/89] auction_1-2               compile 11.59 s  run 189.93 µs  (min 187.64 µs, 24252 iters)
  [  3/89] auction_1-3               compile 11.37 s  run 178.71 µs  (min 175.14 µs, 27790 iters)
  [  4/89] auction_1-4               compile 4.42 s  run 54.15 µs  (min 52.87 µs, 89896 iters)
  [  5/89] auction_2-1               compile 3.95 s  run 46.00 µs  (min 43.31 µs, 108137 iters)
  [  6/89] auction_2-2               compile 11.43 s  run 181.54 µs  (min 179.39 µs, 27385 iters)
  [  7/89] auction_2-3               compile 11.92 s  run 228.48 µs  (min 225.26 µs, 21781 iters)
  [  8/89] auction_2-4               compile 11.40 s  run 180.16 µs  (min 177.41 µs, 25056 iters)
  [  9/89] auction_2-5               compile 3.97 s  run 54.23 µs  (min 52.79 µs, 91484 iters)
  [ 10/89] coop-1                    compile 1.09 s  run 58.48 µs  (min 55.29 µs, 85163 iters)
  [ 11/89] coop-2                    compile 2.90 s  run 193.01 µs  (min 187.01 µs, 25830 iters)
  [ 12/89] coop-3                    compile 2.90 s  run 633.73 µs  (min 615.89 µs, 7364 iters)
  [ 13/89] coop-4                    compile 3.65 s  run 259.71 µs  (min 249.95 µs, 19179 iters)
  [ 14/89] coop-5                    compile 3.32 s  run 112.85 µs  (min 107.61 µs, 44028 iters)
  [ 15/89] coop-6                    compile 1.23 s  run 176.06 µs  (min 168.48 µs, 27037 iters)
  [ 16/89] coop-7                    compile 1.59 s  run 81.38 µs  (min 77.39 µs, 61200 iters)
  [ 17/89] crowdfunding-success-1    compile 4.64 s  run 56.54 µs  (min 53.11 µs, 87862 iters)
  [ 18/89] crowdfunding-success-2    compile 4.60 s  run 56.76 µs  (min 53.59 µs, 87495 iters)
  [ 19/89] crowdfunding-success-3    compile 4.61 s  run 56.50 µs  (min 53.17 µs, 87661 iters)
  [ 20/89] currency-1                compile 5.32 s  run 72.91 µs  (min 69.05 µs, 68203 iters)
  [ 21/89] escrow-redeem_1-1         compile 6.37 s  run 101.88 µs  (min 97.33 µs, 48810 iters)
  [ 22/89] escrow-redeem_1-2         compile 6.92 s  run 101.56 µs  (min 95.72 µs, 48978 iters)
  [ 23/89] escrow-redeem_2-1         compile 6.36 s  run 116.21 µs  (min 110.70 µs, 42767 iters)
  [ 24/89] escrow-redeem_2-2         compile 6.35 s  run 116.27 µs  (min 110.42 µs, 42797 iters)
  [ 25/89] escrow-redeem_2-3         compile 6.93 s  run 116.17 µs  (min 110.85 µs, 42830 iters)
  [ 26/89] escrow-refund-1           compile 6.35 s  run 43.61 µs  (min 41.01 µs, 113985 iters)
  [ 27/89] future-increase-margin-1  compile 4.70 s  run 72.42 µs  (min 69.49 µs, 61850 iters)
  [ 28/89] future-increase-margin-2  compile 6.43 s  run 150.19 µs  (min 143.61 µs, 33135 iters)
  [ 29/89] future-increase-margin-3  compile 6.39 s  run 149.75 µs  (min 143.55 µs, 33237 iters)
  [ 30/89] future-increase-margin-4  compile 14.92 s  run 148.42 µs  (min 141.28 µs, 33526 iters)
  [ 31/89] future-increase-margin-5  compile 14.92 s  run 261.69 µs  (min 252.59 µs, 18877 iters)
  [ 32/89] future-pay-out-1          compile 4.75 s  run 72.58 µs  (min 69.36 µs, 68522 iters)
  [ 33/89] future-pay-out-2          compile 6.41 s  run 151.75 µs  (min 144.43 µs, 32801 iters)
  [ 34/89] future-pay-out-3          compile 6.42 s  run 151.21 µs  (min 144.02 µs, 29417 iters)
  [ 35/89] future-pay-out-4          compile 14.41 s  run 261.85 µs  (min 251.31 µs, 19018 iters)
  [ 36/89] future-settle-early-1     compile 5.35 s  run 72.77 µs  (min 69.42 µs, 68343 iters)
  [ 37/89] future-settle-early-2     compile 6.43 s  run 151.40 µs  (min 143.47 µs, 32869 iters)
  [ 38/89] future-settle-early-3     compile 6.45 s  run 151.94 µs  (min 143.39 µs, 32773 iters)
  [ 39/89] future-settle-early-4     compile 15.06 s  run 208.98 µs  (min 200.09 µs, 23822 iters)
  [ 40/89] game-sm-success_1-1       compile 11.60 s  run 119.83 µs  (min 112.60 µs, 41516 iters)
  [ 41/89] game-sm-success_1-2       compile 3.28 s  run 50.32 µs  (min 46.91 µs, 98795 iters)
  [ 42/89] game-sm-success_1-3       compile 11.10 s  run 187.67 µs  (min 177.00 µs, 26510 iters)
  [ 43/89] game-sm-success_1-4       compile 3.56 s  run 58.08 µs  (min 56.79 µs, 81254 iters)
  [ 44/89] game-sm-success_2-1       compile 11.07 s  run 119.11 µs  (min 111.96 µs, 41769 iters)
  [ 45/89] game-sm-success_2-2       compile 3.42 s  run 50.16 µs  (min 48.86 µs, 90706 iters)
  [ 46/89] game-sm-success_2-3       compile 11.09 s  run 187.86 µs  (min 176.85 µs, 26474 iters)
  [ 47/89] game-sm-success_2-4       compile 3.27 s  run 58.00 µs  (min 54.85 µs, 85785 iters)
  [ 48/89] game-sm-success_2-5       compile 11.55 s  run 187.87 µs  (min 177.63 µs, 26487 iters)
  [ 49/89] game-sm-success_2-6       compile 3.32 s  run 57.80 µs  (min 55.05 µs, 86114 iters)
  [ 50/89] guardrail-sorted-large    compile 1.40 s  run 200.75 µs  (min 189.53 µs, 21978 iters)
  [ 51/89] guardrail-sorted-small    compile 1.39 s  run 16.63 µs  (min 15.70 µs, 296277 iters)
  [ 52/89] guardrail-unsorted-large  compile 1.38 s  run 247.46 µs  (min 236.39 µs, 20145 iters)
  [ 53/89] guardrail-unsorted-small  compile 1.37 s  run 15.88 µs  (min 14.99 µs, 312684 iters)
  [ 54/89] multisig-sm-01            compile 12.47 s  run 125.22 µs  (min 118.27 µs, 36004 iters)
  [ 55/89] multisig-sm-02            compile 12.49 s  run 123.14 µs  (min 114.98 µs, 40404 iters)
  [ 56/89] multisig-sm-03            compile 13.01 s  run 124.45 µs  (min 117.25 µs, 39963 iters)
  [ 57/89] multisig-sm-04            compile 12.49 s  run 125.20 µs  (min 117.81 µs, 39724 iters)
  [ 58/89] multisig-sm-05            compile 12.99 s  run 170.95 µs  (min 161.01 µs, 29098 iters)
  [ 59/89] multisig-sm-06            compile 13.03 s  run 124.69 µs  (min 117.78 µs, 39886 iters)
  [ 60/89] multisig-sm-07            compile 12.53 s  run 123.25 µs  (min 116.40 µs, 40342 iters)
  [ 61/89] multisig-sm-08            compile 13.05 s  run 124.38 µs  (min 117.23 µs, 39990 iters)
  [ 62/89] multisig-sm-09            compile 12.50 s  run 125.72 µs  (min 117.73 µs, 37205 iters)
  [ 63/89] multisig-sm-10            compile 12.75 s  run 170.10 µs  (min 161.29 µs, 29247 iters)
  [ 64/89] ping-pong-1               compile 10.34 s  run 103.53 µs  (min 97.11 µs, 48056 iters)
  [ 65/89] ping-pong-2               compile 10.98 s  run 103.73 µs  (min 97.11 µs, 47993 iters)
  [ 66/89] ping-pong_2-1             compile 10.32 s  run 63.58 µs  (min 59.65 µs, 70424 iters)
  [ 67/89] prism-1                   compile 2.90 s  run 41.56 µs  (min 38.88 µs, 119479 iters)
  [ 68/89] prism-2                   compile 11.13 s  run 124.93 µs  (min 117.30 µs, 39824 iters)
  [ 69/89] prism-3                   compile 4.83 s  run 104.94 µs  (min 98.90 µs, 42433 iters)
  [ 70/89] pubkey-1                  compile 3.22 s  run 35.91 µs  (min 33.98 µs, 138011 iters)
  [ 71/89] stablecoin_1-1            compile 18.13 s  run 298.09 µs  (min 287.71 µs, 16688 iters)
  [ 72/89] stablecoin_1-2            compile 3.29 s  run 51.12 µs  (min 48.09 µs, 97154 iters)
  [ 73/89] stablecoin_1-3            compile 17.87 s  run 324.53 µs  (min 311.80 µs, 14601 iters)
  [ 74/89] stablecoin_1-4            compile 3.29 s  run 53.12 µs  (min 50.27 µs, 93426 iters)
  [ 75/89] stablecoin_1-5            compile 18.25 s  run 375.55 µs  (min 362.33 µs, 13255 iters)
  [ 76/89] stablecoin_1-6            compile 3.30 s  run 65.72 µs  (min 60.90 µs, 75719 iters)
  [ 77/89] stablecoin_2-1            compile 18.19 s  run 297.81 µs  (min 287.01 µs, 16686 iters)
  [ 78/89] stablecoin_2-2            compile 3.29 s  run 50.76 µs  (min 48.08 µs, 97728 iters)
  [ 79/89] stablecoin_2-3            compile 18.15 s  run 324.43 µs  (min 313.47 µs, 15338 iters)
  [ 80/89] stablecoin_2-4            compile 3.29 s  run 53.43 µs  (min 50.61 µs, 92961 iters)
  [ 81/89] token-account-1           compile 4.75 s  run 56.30 µs  (min 53.76 µs, 88341 iters)
  [ 82/89] token-account-2           compile 4.78 s  run 94.13 µs  (min 90.61 µs, 52829 iters)
  [ 83/89] uniswap-1                 compile 4.75 s  run 114.39 µs  (min 109.02 µs, 43498 iters)
  [ 84/89] uniswap-2                 compile 4.74 s  run 65.31 µs  (min 62.33 µs, 68259 iters)
  [ 85/89] uniswap-3                 compile 12.30 s  run 416.21 µs  (min 395.88 µs, 11982 iters)
  [ 86/89] uniswap-4                 compile 3.65 s  run 85.22 µs  (min 79.97 µs, 58398 iters)
  [ 87/89] uniswap-5                 compile 12.85 s  run 288.92 µs  (min 272.65 µs, 17240 iters)
  [ 88/89] uniswap-6                 compile 3.72 s  run 81.97 µs  (min 76.44 µs, 60667 iters)
  [ 89/89] vesting-1                 compile 7.07 s  run 109.82 µs  (min 103.24 µs, 45275 iters)
