goos: linux
goarch: amd64
pkg: github.com/blinklabs-io/plutigo/tests
cpu: 11th Gen Intel(R) Core(TM) i9-11900 @ 2.50GHz
BenchmarkFlatFiles/auction_1-1-16         	   50217	    119153 ns/op	     352 B/op	      13 allocs/op
BenchmarkFlatFiles/auction_1-2-16         	   14455	    414311 ns/op	    1026 B/op	      44 allocs/op
BenchmarkFlatFiles/auction_1-3-16         	   14798	    405916 ns/op	     701 B/op	      34 allocs/op
BenchmarkFlatFiles/auction_1-4-16         	   42915	    155326 ns/op	     488 B/op	      15 allocs/op
BenchmarkFlatFiles/auction_2-1-16         	   50269	    119668 ns/op	     352 B/op	      13 allocs/op
BenchmarkFlatFiles/auction_2-2-16         	   14548	    414382 ns/op	    1024 B/op	      44 allocs/op
BenchmarkFlatFiles/auction_2-3-16         	   12014	    499450 ns/op	    1319 B/op	      45 allocs/op
BenchmarkFlatFiles/auction_2-4-16         	   14716	    446642 ns/op	     702 B/op	      34 allocs/op
BenchmarkFlatFiles/auction_2-5-16         	   43081	    139649 ns/op	     488 B/op	      15 allocs/op
BenchmarkFlatFiles/coop-1-16              	   46300	    129759 ns/op	    4776 B/op	      58 allocs/op
BenchmarkFlatFiles/coop-2-16              	   15030	    399050 ns/op	   46222 B/op	     437 allocs/op
BenchmarkFlatFiles/coop-3-16              	    5032	   1145824 ns/op	   46538 B/op	     206 allocs/op
BenchmarkFlatFiles/coop-4-16              	   12392	    484052 ns/op	   32184 B/op	     331 allocs/op
BenchmarkFlatFiles/coop-5-16              	   24536	    270919 ns/op	   12820 B/op	     134 allocs/op
BenchmarkFlatFiles/coop-6-16              	   17124	    350228 ns/op	   43998 B/op	     420 allocs/op
BenchmarkFlatFiles/coop-7-16              	   33735	    177818 ns/op	   13184 B/op	     141 allocs/op
BenchmarkFlatFiles/crowdfunding-success-1-16         	   41554	    143165 ns/op	     351 B/op	       8 allocs/op
BenchmarkFlatFiles/crowdfunding-success-2-16         	   42439	    156133 ns/op	     351 B/op	       8 allocs/op
BenchmarkFlatFiles/crowdfunding-success-3-16         	   42440	    141515 ns/op	     351 B/op	       8 allocs/op
BenchmarkFlatFiles/currency-1-16                     	   36939	    162388 ns/op	     187 B/op	      10 allocs/op
BenchmarkFlatFiles/escrow-redeem_1-1-16              	   26784	    224410 ns/op	     481 B/op	      14 allocs/op
BenchmarkFlatFiles/escrow-redeem_1-2-16              	   26949	    222956 ns/op	     480 B/op	      14 allocs/op
BenchmarkFlatFiles/escrow-redeem_2-1-16              	   23896	    250513 ns/op	     556 B/op	      15 allocs/op
BenchmarkFlatFiles/escrow-redeem_2-2-16              	   19238	    283064 ns/op	     573 B/op	      15 allocs/op
BenchmarkFlatFiles/escrow-redeem_2-3-16              	   23917	    251012 ns/op	     556 B/op	      15 allocs/op
BenchmarkFlatFiles/escrow-refund-1-16                	   43953	    136566 ns/op	     247 B/op	      11 allocs/op
BenchmarkFlatFiles/future-increase-margin-1-16       	   36847	    162991 ns/op	     187 B/op	      10 allocs/op
BenchmarkFlatFiles/future-increase-margin-2-16       	   17154	    348430 ns/op	     901 B/op	      19 allocs/op
BenchmarkFlatFiles/future-increase-margin-3-16       	   19195	    312422 ns/op	     884 B/op	      19 allocs/op
BenchmarkFlatFiles/future-increase-margin-4-16       	   16818	    356644 ns/op	    1457 B/op	      68 allocs/op
BenchmarkFlatFiles/future-increase-margin-5-16       	   12210	    491511 ns/op	     872 B/op	      40 allocs/op
BenchmarkFlatFiles/future-pay-out-1-16               	   37022	    162400 ns/op	     187 B/op	      10 allocs/op
BenchmarkFlatFiles/future-pay-out-2-16               	   19140	    313469 ns/op	     885 B/op	      19 allocs/op
BenchmarkFlatFiles/future-pay-out-3-16               	   16017	    350663 ns/op	     912 B/op	      19 allocs/op
BenchmarkFlatFiles/future-pay-out-4-16               	   12080	    496408 ns/op	     874 B/op	      40 allocs/op
BenchmarkFlatFiles/future-settle-early-1-16          	   36879	    162193 ns/op	     187 B/op	      10 allocs/op
BenchmarkFlatFiles/future-settle-early-2-16          	   19312	    311192 ns/op	     883 B/op	      19 allocs/op
BenchmarkFlatFiles/future-settle-early-3-16          	   16651	    350582 ns/op	     906 B/op	      19 allocs/op
BenchmarkFlatFiles/future-settle-early-4-16          	   15192	    394677 ns/op	     667 B/op	      37 allocs/op
BenchmarkFlatFiles/game-sm-success_1-1-16            	   21625	    277442 ns/op	     986 B/op	      46 allocs/op
BenchmarkFlatFiles/game-sm-success_1-2-16            	   49268	    121591 ns/op	     470 B/op	      10 allocs/op
BenchmarkFlatFiles/game-sm-success_1-3-16            	   15022	    399021 ns/op	    1367 B/op	      52 allocs/op
BenchmarkFlatFiles/game-sm-success_1-4-16            	   44528	    134780 ns/op	     605 B/op	      12 allocs/op
BenchmarkFlatFiles/game-sm-success_2-1-16            	   21669	    303825 ns/op	     986 B/op	      46 allocs/op
BenchmarkFlatFiles/game-sm-success_2-2-16            	   49402	    121388 ns/op	     470 B/op	      10 allocs/op
BenchmarkFlatFiles/game-sm-success_2-3-16            	   15081	    397695 ns/op	    1366 B/op	      52 allocs/op
BenchmarkFlatFiles/game-sm-success_2-4-16            	   44499	    134833 ns/op	     605 B/op	      12 allocs/op
BenchmarkFlatFiles/game-sm-success_2-5-16            	   13143	    443861 ns/op	    1394 B/op	      52 allocs/op
BenchmarkFlatFiles/game-sm-success_2-6-16            	   44602	    134543 ns/op	     605 B/op	      12 allocs/op
BenchmarkFlatFiles/guardrail-sorted-large-16         	   21879	    273705 ns/op	   88413 B/op	    1021 allocs/op
BenchmarkFlatFiles/guardrail-sorted-small-16         	  100251	     59715 ns/op	     309 B/op	       4 allocs/op
BenchmarkFlatFiles/guardrail-unsorted-large-16       	   17197	    348729 ns/op	   88461 B/op	    1021 allocs/op
BenchmarkFlatFiles/guardrail-unsorted-small-16       	  102522	     58092 ns/op	     309 B/op	       4 allocs/op
BenchmarkFlatFiles/multisig-sm-01-16                 	   19231	    327103 ns/op	    1193 B/op	      59 allocs/op
BenchmarkFlatFiles/multisig-sm-02-16                 	   20374	    294358 ns/op	    1292 B/op	      62 allocs/op
BenchmarkFlatFiles/multisig-sm-03-16                 	   20252	    296991 ns/op	    1412 B/op	      65 allocs/op
BenchmarkFlatFiles/multisig-sm-04-16                 	   20193	    297540 ns/op	    1548 B/op	      68 allocs/op
BenchmarkFlatFiles/multisig-sm-05-16                 	   15218	    416479 ns/op	     708 B/op	      35 allocs/op
BenchmarkFlatFiles/multisig-sm-06-16                 	   20308	    295887 ns/op	    1189 B/op	      59 allocs/op
BenchmarkFlatFiles/multisig-sm-07-16                 	   20404	    294135 ns/op	    1292 B/op	      62 allocs/op
BenchmarkFlatFiles/multisig-sm-08-16                 	   19689	    304398 ns/op	    1415 B/op	      65 allocs/op
BenchmarkFlatFiles/multisig-sm-09-16                 	   20112	    298127 ns/op	    1549 B/op	      68 allocs/op
BenchmarkFlatFiles/multisig-sm-10-16                 	   15871	    377954 ns/op	     700 B/op	      35 allocs/op
BenchmarkFlatFiles/ping-pong-1-16                    	   20510	    275831 ns/op	     421 B/op	      33 allocs/op
BenchmarkFlatFiles/ping-pong-2-16                    	   24500	    244653 ns/op	     394 B/op	      32 allocs/op
BenchmarkFlatFiles/ping-pong_2-1-16                  	   32114	    186778 ns/op	     216 B/op	      29 allocs/op
BenchmarkFlatFiles/prism-1-16                        	   56665	    105948 ns/op	     213 B/op	       6 allocs/op
BenchmarkFlatFiles/prism-2-16                        	   18910	    322700 ns/op	     804 B/op	      38 allocs/op
BenchmarkFlatFiles/prism-3-16                        	   28040	    213670 ns/op	     639 B/op	      12 allocs/op
BenchmarkFlatFiles/pubkey-1-16                       	   61634	     97525 ns/op	     148 B/op	       5 allocs/op
BenchmarkFlatFiles/stablecoin_1-1-16                 	   10000	    554081 ns/op	    1775 B/op	      67 allocs/op
BenchmarkFlatFiles/stablecoin_1-2-16                 	   50164	    119607 ns/op	     470 B/op	      10 allocs/op
BenchmarkFlatFiles/stablecoin_1-3-16                 	    9249	    614731 ns/op	    1815 B/op	      67 allocs/op
BenchmarkFlatFiles/stablecoin_1-4-16                 	   48270	    137167 ns/op	     535 B/op	      11 allocs/op
BenchmarkFlatFiles/stablecoin_1-5-16                 	    7998	    733819 ns/op	    2337 B/op	      70 allocs/op
BenchmarkFlatFiles/stablecoin_1-6-16                 	   41598	    144245 ns/op	     734 B/op	      14 allocs/op
BenchmarkFlatFiles/stablecoin_2-1-16                 	   10000	    553081 ns/op	    1775 B/op	      67 allocs/op
BenchmarkFlatFiles/stablecoin_2-2-16                 	   50313	    132159 ns/op	     470 B/op	      10 allocs/op
BenchmarkFlatFiles/stablecoin_2-3-16                 	    9608	    617929 ns/op	    1802 B/op	      67 allocs/op
BenchmarkFlatFiles/stablecoin_2-4-16                 	   48182	    124597 ns/op	     535 B/op	      11 allocs/op
BenchmarkFlatFiles/token-account-1-16                	   44334	    134756 ns/op	     167 B/op	      10 allocs/op
BenchmarkFlatFiles/token-account-2-16                	   30220	    198789 ns/op	     443 B/op	       9 allocs/op
BenchmarkFlatFiles/uniswap-1-16                      	   25048	    239083 ns/op	     188 B/op	       9 allocs/op
BenchmarkFlatFiles/uniswap-2-16                      	   40280	    164117 ns/op	     236 B/op	      11 allocs/op
BenchmarkFlatFiles/uniswap-3-16                      	    6399	    918768 ns/op	   10620 B/op	     180 allocs/op
BenchmarkFlatFiles/uniswap-4-16                      	   32745	    183425 ns/op	    3422 B/op	      24 allocs/op
BenchmarkFlatFiles/uniswap-5-16                      	    8864	    654504 ns/op	    7454 B/op	     128 allocs/op
BenchmarkFlatFiles/uniswap-6-16                      	   33967	    196142 ns/op	     989 B/op	      21 allocs/op
BenchmarkFlatFiles/vesting-1-16                      	   26678	    225027 ns/op	     262 B/op	       7 allocs/op
PASS
