Found 89 benchmark files

plutus_use_cases benchmarks
===========================================================================
  auction_1-1                    10000 runs    252.28us +/-  57.34us  [186.58us ..   3.26ms]
  auction_1-2                     8298 runs    602.59us +/-   7.74us  [592.43us .. 779.32us]
  auction_1-3                     8355 runs    598.47us +/-  17.54us  [584.66us .. 940.67us]
  auction_1-4                    10000 runs    224.68us +/-   5.02us  [219.26us .. 311.50us]
  auction_2-1                    10000 runs    191.36us +/-   5.80us  [186.53us .. 288.59us]
  auction_2-2                     8291 runs    603.11us +/-   7.31us  [593.61us .. 726.81us]
  auction_2-3                     6844 runs    730.57us +/-   8.52us  [718.19us .. 906.05us]
  auction_2-4                     8398 runs    595.43us +/-  10.40us  [582.54us .. 726.37us]
  auction_2-5                    10000 runs    224.57us +/-   5.76us  [219.30us .. 366.07us]
  coop-1                         10000 runs    227.14us +/-  48.98us  [182.86us ..   1.93ms]
  coop-2                          8700 runs    574.77us +/-  79.99us  [537.90us .. 921.39us]
  coop-3                          3545 runs      1.41ms +/-  31.49us  [  1.38ms ..   1.73ms]
  coop-4                          7607 runs    657.30us +/-   9.81us  [646.82us .. 876.92us]
  coop-5                         10000 runs    344.24us +/-   9.94us  [336.90us .. 424.95us]
  coop-6                         10000 runs    476.58us +/-   9.41us  [467.94us .. 620.63us]
  coop-7                         10000 runs    320.61us +/-  91.24us  [246.15us ..   4.48ms]
  crowdfunding-success-1         10000 runs    218.66us +/-   3.97us  [213.21us .. 291.84us]
  crowdfunding-success-2         10000 runs    218.16us +/-   4.11us  [212.96us .. 321.71us]
  crowdfunding-success-3         10000 runs    218.91us +/-   5.62us  [213.05us .. 299.66us]
  currency-1                     10000 runs    244.72us +/-   6.05us  [239.32us .. 562.88us]
  escrow-redeem_1-1              10000 runs    334.32us +/-  11.56us  [325.17us .. 406.67us]
  escrow-redeem_1-2              10000 runs    336.32us +/-  14.82us  [325.55us .. 475.05us]
  escrow-redeem_2-1              10000 runs    370.27us +/-  10.50us  [361.10us .. 504.44us]
  escrow-redeem_2-2              10000 runs    368.89us +/-   6.96us  [360.65us .. 474.71us]
  escrow-redeem_2-3              10000 runs    372.66us +/-  15.89us  [361.12us .. 452.43us]
  escrow-refund-1                10000 runs    209.05us +/-   3.58us  [204.25us .. 366.51us]
  future-increase-margin-1       10000 runs    245.25us +/-   5.00us  [239.88us .. 355.83us]
  future-increase-margin-2        9775 runs    511.51us +/-  88.70us  [442.70us .. 799.43us]
  future-increase-margin-3       10000 runs    451.80us +/-   9.66us  [442.55us .. 625.27us]
  future-increase-margin-4        8990 runs    556.23us +/-   6.57us  [546.66us .. 738.48us]
  future-increase-margin-5        5654 runs    884.40us +/-  13.22us  [862.56us ..   1.47ms]
  future-pay-out-1               10000 runs    245.45us +/-   5.50us  [239.68us .. 338.87us]
  future-pay-out-2               10000 runs    482.67us +/-  86.62us  [441.67us ..   3.43ms]
  future-pay-out-3               10000 runs    482.53us +/-  88.44us  [440.91us ..   3.52ms]
  future-pay-out-4                5652 runs    884.66us +/-  11.38us  [866.04us ..   1.20ms]
  future-settle-early-1          10000 runs    245.67us +/-   7.43us  [239.67us .. 620.45us]
  future-settle-early-2          10000 runs    452.11us +/-  10.48us  [441.51us .. 675.77us]
  future-settle-early-3          10000 runs    452.39us +/-  12.46us  [442.19us .. 571.13us]
  future-settle-early-4           7032 runs    711.14us +/-   9.54us  [689.22us .. 911.78us]
  game-sm-success_1-1            10000 runs    432.69us +/-   5.98us  [423.51us .. 594.56us]
  game-sm-success_1-2            10000 runs    193.78us +/-   3.52us  [189.56us .. 245.16us]
  game-sm-success_1-3             7414 runs    674.46us +/- 144.52us  [584.28us ..   4.60ms]
  game-sm-success_1-4            10000 runs    214.94us +/-   3.36us  [210.24us .. 358.16us]
  game-sm-success_2-1            10000 runs    432.56us +/-   6.03us  [424.94us .. 572.80us]
  game-sm-success_2-2            10000 runs    193.88us +/-   3.34us  [189.57us .. 304.74us]
  game-sm-success_2-3             8403 runs    595.04us +/-   8.22us  [584.59us .. 728.60us]
  game-sm-success_2-4            10000 runs    215.83us +/-   4.02us  [210.84us .. 268.36us]
  game-sm-success_2-5             8415 runs    594.24us +/-   7.05us  [583.86us .. 767.44us]
  game-sm-success_2-6            10000 runs    280.08us +/-  63.35us  [210.47us ..   2.18ms]
  guardrail-sorted-large         10000 runs    317.71us +/-   8.09us  [311.54us .. 419.53us]
  guardrail-sorted-small         10000 runs     91.16us +/-   2.32us  [ 88.99us .. 142.78us]
  guardrail-unsorted-large       10000 runs    411.98us +/-   4.57us  [406.45us .. 587.79us]
  guardrail-unsorted-small       10000 runs     89.52us +/-   2.38us  [ 87.37us .. 131.61us]
  multisig-sm-01                 10000 runs    463.77us +/-   6.19us  [455.02us .. 607.73us]
  multisig-sm-02                 10000 runs    457.97us +/-   6.45us  [448.53us .. 616.15us]
  multisig-sm-03                 10000 runs    457.48us +/-   7.61us  [449.74us .. 753.19us]
  multisig-sm-04                 10000 runs    462.91us +/-   6.06us  [453.83us .. 596.95us]
  multisig-sm-05                  8677 runs    576.24us +/-   7.03us  [566.86us .. 749.32us]
  multisig-sm-06                  9504 runs    526.10us +/- 107.01us  [455.13us ..   3.62ms]
  multisig-sm-07                 10000 runs    457.98us +/-   6.52us  [448.17us .. 746.49us]
  multisig-sm-08                 10000 runs    458.20us +/-   6.11us  [449.45us .. 585.35us]
  multisig-sm-09                 10000 runs    461.40us +/-   6.47us  [452.77us .. 617.72us]
  multisig-sm-10                  8685 runs    575.72us +/-   7.93us  [566.30us .. 859.14us]
  ping-pong-1                    10000 runs    443.45us +/-  82.27us  [376.24us ..   2.33ms]
  ping-pong-2                    10000 runs    384.46us +/-   5.59us  [376.89us .. 554.59us]
  ping-pong_2-1                  10000 runs    291.00us +/-   4.52us  [285.27us .. 394.33us]
  prism-1                        10000 runs    169.94us +/-   3.96us  [165.90us .. 377.55us]
  prism-2                        10000 runs    451.45us +/-   9.19us  [441.98us .. 798.15us]
  prism-3                        10000 runs    333.92us +/-   4.63us  [327.48us .. 479.82us]
  pubkey-1                       10000 runs    153.89us +/-   3.46us  [150.39us .. 211.58us]
  stablecoin_1-1                  4707 runs      1.06ms +/-  12.50us  [  1.05ms ..   1.67ms]
  stablecoin_1-2                 10000 runs    191.20us +/-   3.26us  [187.37us .. 282.31us]
  stablecoin_1-3                  4186 runs      1.19ms +/-  10.05us  [  1.18ms ..   1.37ms]
  stablecoin_1-4                 10000 runs    199.04us +/-   2.76us  [195.00us .. 255.96us]
  stablecoin_1-5                  3058 runs      1.64ms +/- 308.41us  [  1.45ms ..   9.12ms]
  stablecoin_1-6                 10000 runs    230.30us +/-   4.50us  [225.53us .. 383.33us]
  stablecoin_2-1                  4703 runs      1.06ms +/-   9.03us  [  1.05ms ..   1.22ms]
  stablecoin_2-2                 10000 runs    190.77us +/-   3.20us  [186.24us .. 242.89us]
  stablecoin_2-3                  4185 runs      1.19ms +/-  10.44us  [  1.18ms ..   1.34ms]
  stablecoin_2-4                 10000 runs    198.75us +/-   2.61us  [194.61us .. 265.55us]
  token-account-1                10000 runs    207.69us +/-   3.22us  [203.65us .. 329.98us]
  token-account-2                10000 runs    300.08us +/-  64.46us  [284.18us ..   4.01ms]
  uniswap-1                      10000 runs    395.93us +/-  69.32us  [336.08us .. 570.56us]
  uniswap-2                      10000 runs    231.86us +/-   3.71us  [227.45us .. 342.98us]
  uniswap-3                       3605 runs      1.39ms +/-  16.76us  [  1.36ms ..   1.70ms]
  uniswap-4                      10000 runs    288.83us +/-   4.68us  [283.07us .. 362.27us]
  uniswap-5                       5247 runs    953.05us +/-  26.01us  [932.59us ..   1.15ms]
  uniswap-6                      10000 runs    278.33us +/-   3.68us  [272.71us .. 389.36us]
  vesting-1                      10000 runs    334.17us +/-   9.98us  [325.53us .. 410.59us]
===========================================================================
Results saved to bench/results/plutus_use_cases.json
