copying runtime jar...
[info] [launcher] getting org.scala-sbt sbt 1.13.0  (this may take some time)...
[info] [launcher] getting Scala 2.12.21 (for sbt)...
[info] welcome to sbt 1.13.0 (Ubuntu Java 21.0.12.1)
[info] loading settings for project scalus-build from plugins.sbt...
[info] loading project definition from /bench/scalus/project
[info] compiling 2 Scala sources to /bench/scalus/project/target/scala-2.12/sbt-1.0/classes ...
[info] Non-compiled module 'compiler-bridge_2.12' for Scala 2.12.21. Compiling...
[info]   Compilation completed in 4.86s.
[info] done compiling
[info] loading settings for project root from build.sbt...
[info] resolving key references (27503 settings) ...
[info] 
[info]   ███████╗ ██████╗ █████╗ ██╗     ██╗   ██╗███████╗
[info]   ██╔════╝██╔════╝██╔══██╗██║     ██║   ██║██╔════╝
[info]   ███████╗██║     ███████║██║     ██║   ██║███████╗
[info]   ╚════██║██║     ██╔══██║██║     ██║   ██║╚════██║
[info]   ███████║╚██████╗██║  ██║███████╗╚██████╔╝███████║
[info]   ╚══════╝ ╚═════╝╚═╝  ╚═╝╚══════╝ ╚═════╝ ╚══════╝
[info] 
[info]   Version: HEAD+20261008-0358 Scala 3.3.8
[info] 
[info] Useful sbt tasks:
[info] a. ~compile - Compile with file-watch enabled
[info] b. quick - Format all, compile and quick test everything on JVM
[info] c. precommit - Format all, clean compile and test everything on JVM
[info] d. ci - Clean compile, check formatting and test everything, build docs, run MiMa
[info] e. benchmark - Run benchmarks
[info] f. mima - Check binary compatibility with the previous version using MiMa
[info] Copied shared files to target /bench/scalus/scalus-plugin/src/main/shared/scala
[info] compiling 42 Scala sources to /bench/scalus/scalus-plugin/target/scala-3.3.8/classes ...
[info] done compiling
[info] compiling 294 Scala sources to /bench/scalus/scalus-core/jvm/target/scala-3.3.8/classes ...
[info] done compiling
[info] compiling 17 Scala sources to /bench/scalus/scalus-uplc-jit-compiler/target/scala-3.3.8/classes ...
[info] compiling 112 Scala sources to /bench/scalus/scalus-cardano-ledger/jvm/target/scala-3.3.8/classes ...
[info] done compiling
[info] done compiling
[info] compiling 8 Scala sources and 2 Java sources to /bench/scalus/bloxbean-cardano-client-lib/target/scala-3.3.8/classes ...
[info] done compiling
[info] compiling 14 Scala sources to /bench/scalus/bloxbean-cardano-client-lib/target/scala-3.3.8/test-classes ...
[info] done compiling
[info] compiling 5 Scala sources to /bench/scalus/bench/target/scala-3.3.8/classes ...
[info] done compiling
[info] running (fork) org.openjdk.jmh.generators.bytecode.JmhBytecodeGenerator /bench/scalus/bench/target/scala-3.3.8/classes /bench/scalus/bench/target/scala-3.3.8/src_managed/jmh /bench/scalus/bench/target/scala-3.3.8/resource_managed/jmh default
[info] Processing 11 classes from /bench/scalus/bench/target/scala-3.3.8/classes with "reflection" generator
[info] Writing out Java source to /bench/scalus/bench/target/scala-3.3.8/src_managed/jmh and resources to /bench/scalus/bench/target/scala-3.3.8/resource_managed/jmh
[info] compiling 31 Java sources to /bench/scalus/bench/target/scala-3.3.8/classes ...
[info] done compiling
[info] running (fork) org.openjdk.jmh.Main -i 1 -wi 1 -w 5s -r 5s -f 1 -t 1 -rff /results/2026-10-08/scalus-cek-jmh.csv -p file=auction_1-1.flat,auction_1-2.flat,auction_1-3.flat,auction_1-4.flat,auction_2-1.flat,auction_2-2.flat,auction_2-3.flat,auction_2-4.flat,auction_2-5.flat,coop-1.flat,coop-2.flat,coop-3.flat,coop-4.flat,coop-5.flat,coop-6.flat,coop-7.flat,crowdfunding-success-1.flat,crowdfunding-success-2.flat,crowdfunding-success-3.flat,currency-1.flat,escrow-redeem_1-1.flat,escrow-redeem_1-2.flat,escrow-redeem_2-1.flat,escrow-redeem_2-2.flat,escrow-redeem_2-3.flat,escrow-refund-1.flat,future-increase-margin-1.flat,future-increase-margin-2.flat,future-increase-margin-3.flat,future-increase-margin-4.flat,future-increase-margin-5.flat,future-pay-out-1.flat,future-pay-out-2.flat,future-pay-out-3.flat,future-pay-out-4.flat,future-settle-early-1.flat,future-settle-early-2.flat,future-settle-early-3.flat,future-settle-early-4.flat,game-sm-success_1-1.flat,game-sm-success_1-2.flat,game-sm-success_1-3.flat,game-sm-success_1-4.flat,game-sm-success_2-1.flat,game-sm-success_2-2.flat,game-sm-success_2-3.flat,game-sm-success_2-4.flat,game-sm-success_2-5.flat,game-sm-success_2-6.flat,guardrail-sorted-large.flat,guardrail-sorted-small.flat,guardrail-unsorted-large.flat,guardrail-unsorted-small.flat,multisig-sm-01.flat,multisig-sm-02.flat,multisig-sm-03.flat,multisig-sm-04.flat,multisig-sm-05.flat,multisig-sm-06.flat,multisig-sm-07.flat,multisig-sm-08.flat,multisig-sm-09.flat,multisig-sm-10.flat,ping-pong-1.flat,ping-pong-2.flat,ping-pong_2-1.flat,prism-1.flat,prism-2.flat,prism-3.flat,pubkey-1.flat,stablecoin_1-1.flat,stablecoin_1-2.flat,stablecoin_1-3.flat,stablecoin_1-4.flat,stablecoin_1-5.flat,stablecoin_1-6.flat,stablecoin_2-1.flat,stablecoin_2-2.flat,stablecoin_2-3.flat,stablecoin_2-4.flat,token-account-1.flat,token-account-2.flat,uniswap-1.flat,uniswap-2.flat,uniswap-3.flat,uniswap-4.flat,uniswap-5.flat,uniswap-6.flat,vesting-1.flat .*CekJVMBenchmark
[info] # JMH version: 1.37
[info] # VM version: JDK 21.0.12.1, OpenJDK 64-Bit Server VM, 21.0.12.1+1-1-24.04.4-Ubuntu
[info] # VM invoker: /usr/lib/jvm/java-21-openjdk-amd64/bin/java
[info] # VM options: -Xss64m -Xmx4g
[info] # Blackhole mode: compiler (auto-detected, use -Djmh.blackhole.autoDetect=false to disable)
[info] # Warmup: 1 iterations, 5 s each
[info] # Measurement: 1 iterations, 5 s each
[info] # Timeout: 10 min per iteration
[info] # Threads: 1 thread, will synchronize iterations
[info] # Benchmark mode: Average time, time/op
[info] # Benchmark: scalus.uplc.eval.CekJVMBenchmark.bench
[info] # Parameters: (file = auction_1-1.flat)
[info] # Run progress: 0.00% complete, ETA 00:14:50
[info] # Fork: 1 of 1
[info] # Warmup Iteration   1: 186.199 us/op
[info] Iteration   1: 176.202 us/op
[info] Result "scalus.uplc.eval.CekJVMBenchmark.bench":
[info]   176.202 us/op
[info] # JMH version: 1.37
[info] # VM version: JDK 21.0.12.1, OpenJDK 64-Bit Server VM, 21.0.12.1+1-1-24.04.4-Ubuntu
[info] # VM invoker: /usr/lib/jvm/java-21-openjdk-amd64/bin/java
[info] # VM options: -Xss64m -Xmx4g
[info] # Blackhole mode: compiler (auto-detected, use -Djmh.blackhole.autoDetect=false to disable)
[info] # Warmup: 1 iterations, 5 s each
[info] # Measurement: 1 iterations, 5 s each
[info] # Timeout: 10 min per iteration
[info] # Threads: 1 thread, will synchronize iterations
[info] # Benchmark mode: Average time, time/op
[info] # Benchmark: scalus.uplc.eval.CekJVMBenchmark.bench
[info] # Parameters: (file = auction_1-2.flat)
[info] # Run progress: 1.12% complete, ETA 00:15:25
[info] # Fork: 1 of 1
[info] # Warmup Iteration   1: 769.291 us/op
[info] Iteration   1: 740.255 us/op
[info] Result "scalus.uplc.eval.CekJVMBenchmark.bench":
[info]   740.255 us/op
[info] # JMH version: 1.37
[info] # VM version: JDK 21.0.12.1, OpenJDK 64-Bit Server VM, 21.0.12.1+1-1-24.04.4-Ubuntu
[info] # VM invoker: /usr/lib/jvm/java-21-openjdk-amd64/bin/java
[info] # VM options: -Xss64m -Xmx4g
[info] # Blackhole mode: compiler (auto-detected, use -Djmh.blackhole.autoDetect=false to disable)
[info] # Warmup: 1 iterations, 5 s each
[info] # Measurement: 1 iterations, 5 s each
[info] # Timeout: 10 min per iteration
[info] # Threads: 1 thread, will synchronize iterations
[info] # Benchmark mode: Average time, time/op
[info] # Benchmark: scalus.uplc.eval.CekJVMBenchmark.bench
[info] # Parameters: (file = auction_1-3.flat)
[info] # Run progress: 2.25% complete, ETA 00:15:13
[info] # Fork: 1 of 1
[info] # Warmup Iteration   1: 821.270 us/op
[info] Iteration   1: 726.837 us/op
[info] Result "scalus.uplc.eval.CekJVMBenchmark.bench":
[info]   726.837 us/op
[info] # JMH version: 1.37
[info] # VM version: JDK 21.0.12.1, OpenJDK 64-Bit Server VM, 21.0.12.1+1-1-24.04.4-Ubuntu
[info] # VM invoker: /usr/lib/jvm/java-21-openjdk-amd64/bin/java
[info] # VM options: -Xss64m -Xmx4g
[info] # Blackhole mode: compiler (auto-detected, use -Djmh.blackhole.autoDetect=false to disable)
[info] # Warmup: 1 iterations, 5 s each
[info] # Measurement: 1 iterations, 5 s each
[info] # Timeout: 10 min per iteration
[info] # Threads: 1 thread, will synchronize iterations
[info] # Benchmark mode: Average time, time/op
[info] # Benchmark: scalus.uplc.eval.CekJVMBenchmark.bench
[info] # Parameters: (file = auction_1-4.flat)
[info] # Run progress: 3.37% complete, ETA 00:15:02
[info] # Fork: 1 of 1
[info] # Warmup Iteration   1: 230.757 us/op
[info] Iteration   1: 219.265 us/op
[info] Result "scalus.uplc.eval.CekJVMBenchmark.bench":
[info]   219.265 us/op
[info] # JMH version: 1.37
[info] # VM version: JDK 21.0.12.1, OpenJDK 64-Bit Server VM, 21.0.12.1+1-1-24.04.4-Ubuntu
[info] # VM invoker: /usr/lib/jvm/java-21-openjdk-amd64/bin/java
[info] # VM options: -Xss64m -Xmx4g
[info] # Blackhole mode: compiler (auto-detected, use -Djmh.blackhole.autoDetect=false to disable)
[info] # Warmup: 1 iterations, 5 s each
[info] # Measurement: 1 iterations, 5 s each
[info] # Timeout: 10 min per iteration
[info] # Threads: 1 thread, will synchronize iterations
[info] # Benchmark mode: Average time, time/op
[info] # Benchmark: scalus.uplc.eval.CekJVMBenchmark.bench
[info] # Parameters: (file = auction_2-1.flat)
[info] # Run progress: 4.49% complete, ETA 00:14:51
[info] # Fork: 1 of 1
[info] # Warmup Iteration   1: 185.639 us/op
[info] Iteration   1: 198.531 us/op
[info] Result "scalus.uplc.eval.CekJVMBenchmark.bench":
[info]   198.531 us/op
[info] # JMH version: 1.37
[info] # VM version: JDK 21.0.12.1, OpenJDK 64-Bit Server VM, 21.0.12.1+1-1-24.04.4-Ubuntu
[info] # VM invoker: /usr/lib/jvm/java-21-openjdk-amd64/bin/java
[info] # VM options: -Xss64m -Xmx4g
[info] # Blackhole mode: compiler (auto-detected, use -Djmh.blackhole.autoDetect=false to disable)
[info] # Warmup: 1 iterations, 5 s each
[info] # Measurement: 1 iterations, 5 s each
[info] # Timeout: 10 min per iteration
[info] # Threads: 1 thread, will synchronize iterations
[info] # Benchmark mode: Average time, time/op
[info] # Benchmark: scalus.uplc.eval.CekJVMBenchmark.bench
[info] # Parameters: (file = auction_2-2.flat)
[info] # Run progress: 5.62% complete, ETA 00:14:41
[info] # Fork: 1 of 1
[info] # Warmup Iteration   1: 752.674 us/op
[info] Iteration   1: 719.955 us/op
[info] Result "scalus.uplc.eval.CekJVMBenchmark.bench":
[info]   719.955 us/op
[info] # JMH version: 1.37
[info] # VM version: JDK 21.0.12.1, OpenJDK 64-Bit Server VM, 21.0.12.1+1-1-24.04.4-Ubuntu
[info] # VM invoker: /usr/lib/jvm/java-21-openjdk-amd64/bin/java
[info] # VM options: -Xss64m -Xmx4g
[info] # Blackhole mode: compiler (auto-detected, use -Djmh.blackhole.autoDetect=false to disable)
[info] # Warmup: 1 iterations, 5 s each
[info] # Measurement: 1 iterations, 5 s each
[info] # Timeout: 10 min per iteration
[info] # Threads: 1 thread, will synchronize iterations
[info] # Benchmark mode: Average time, time/op
[info] # Benchmark: scalus.uplc.eval.CekJVMBenchmark.bench
[info] # Parameters: (file = auction_2-3.flat)
[info] # Run progress: 6.74% complete, ETA 00:14:30
[info] # Fork: 1 of 1
[info] # Warmup Iteration   1: 1013.661 us/op
[info] Iteration   1: 949.341 us/op
[info] Result "scalus.uplc.eval.CekJVMBenchmark.bench":
[info]   949.341 us/op
[info] # JMH version: 1.37
[info] # VM version: JDK 21.0.12.1, OpenJDK 64-Bit Server VM, 21.0.12.1+1-1-24.04.4-Ubuntu
[info] # VM invoker: /usr/lib/jvm/java-21-openjdk-amd64/bin/java
[info] # VM options: -Xss64m -Xmx4g
[info] # Blackhole mode: compiler (auto-detected, use -Djmh.blackhole.autoDetect=false to disable)
[info] # Warmup: 1 iterations, 5 s each
[info] # Measurement: 1 iterations, 5 s each
[info] # Timeout: 10 min per iteration
[info] # Threads: 1 thread, will synchronize iterations
[info] # Benchmark mode: Average time, time/op
[info] # Benchmark: scalus.uplc.eval.CekJVMBenchmark.bench
[info] # Parameters: (file = auction_2-4.flat)
[info] # Run progress: 7.87% complete, ETA 00:14:19
[info] # Fork: 1 of 1
[info] # Warmup Iteration   1: 723.689 us/op
[info] Iteration   1: 718.778 us/op
[info] Result "scalus.uplc.eval.CekJVMBenchmark.bench":
[info]   718.778 us/op
[info] # JMH version: 1.37
[info] # VM version: JDK 21.0.12.1, OpenJDK 64-Bit Server VM, 21.0.12.1+1-1-24.04.4-Ubuntu
[info] # VM invoker: /usr/lib/jvm/java-21-openjdk-amd64/bin/java
[info] # VM options: -Xss64m -Xmx4g
[info] # Blackhole mode: compiler (auto-detected, use -Djmh.blackhole.autoDetect=false to disable)
[info] # Warmup: 1 iterations, 5 s each
[info] # Measurement: 1 iterations, 5 s each
[info] # Timeout: 10 min per iteration
[info] # Threads: 1 thread, will synchronize iterations
[info] # Benchmark mode: Average time, time/op
[info] # Benchmark: scalus.uplc.eval.CekJVMBenchmark.bench
[info] # Parameters: (file = auction_2-5.flat)
[info] # Run progress: 8.99% complete, ETA 00:14:09
[info] # Fork: 1 of 1
[info] # Warmup Iteration   1: 253.761 us/op
[info] Iteration   1: 214.593 us/op
[info] Result "scalus.uplc.eval.CekJVMBenchmark.bench":
[info]   214.593 us/op
[info] # JMH version: 1.37
[info] # VM version: JDK 21.0.12.1, OpenJDK 64-Bit Server VM, 21.0.12.1+1-1-24.04.4-Ubuntu
[info] # VM invoker: /usr/lib/jvm/java-21-openjdk-amd64/bin/java
[info] # VM options: -Xss64m -Xmx4g
[info] # Blackhole mode: compiler (auto-detected, use -Djmh.blackhole.autoDetect=false to disable)
[info] # Warmup: 1 iterations, 5 s each
[info] # Measurement: 1 iterations, 5 s each
[info] # Timeout: 10 min per iteration
[info] # Threads: 1 thread, will synchronize iterations
[info] # Benchmark mode: Average time, time/op
[info] # Benchmark: scalus.uplc.eval.CekJVMBenchmark.bench
[info] # Parameters: (file = coop-1.flat)
[info] # Run progress: 10.11% complete, ETA 00:13:59
[info] # Fork: 1 of 1
[info] # Warmup Iteration   1: 229.349 us/op
[info] Iteration   1: 219.120 us/op
[info] Result "scalus.uplc.eval.CekJVMBenchmark.bench":
[info]   219.120 us/op
[info] # JMH version: 1.37
[info] # VM version: JDK 21.0.12.1, OpenJDK 64-Bit Server VM, 21.0.12.1+1-1-24.04.4-Ubuntu
[info] # VM invoker: /usr/lib/jvm/java-21-openjdk-amd64/bin/java
[info] # VM options: -Xss64m -Xmx4g
[info] # Blackhole mode: compiler (auto-detected, use -Djmh.blackhole.autoDetect=false to disable)
[info] # Warmup: 1 iterations, 5 s each
[info] # Measurement: 1 iterations, 5 s each
[info] # Timeout: 10 min per iteration
[info] # Threads: 1 thread, will synchronize iterations
[info] # Benchmark mode: Average time, time/op
[info] # Benchmark: scalus.uplc.eval.CekJVMBenchmark.bench
[info] # Parameters: (file = coop-2.flat)
[info] # Run progress: 11.24% complete, ETA 00:13:48
[info] # Fork: 1 of 1
[info] # Warmup Iteration   1: 839.612 us/op
[info] Iteration   1: 753.000 us/op
[info] Result "scalus.uplc.eval.CekJVMBenchmark.bench":
[info]   753.000 us/op
[info] # JMH version: 1.37
[info] # VM version: JDK 21.0.12.1, OpenJDK 64-Bit Server VM, 21.0.12.1+1-1-24.04.4-Ubuntu
[info] # VM invoker: /usr/lib/jvm/java-21-openjdk-amd64/bin/java
[info] # VM options: -Xss64m -Xmx4g
[info] # Blackhole mode: compiler (auto-detected, use -Djmh.blackhole.autoDetect=false to disable)
[info] # Warmup: 1 iterations, 5 s each
[info] # Measurement: 1 iterations, 5 s each
[info] # Timeout: 10 min per iteration
[info] # Threads: 1 thread, will synchronize iterations
[info] # Benchmark mode: Average time, time/op
[info] # Benchmark: scalus.uplc.eval.CekJVMBenchmark.bench
[info] # Parameters: (file = coop-3.flat)
[info] # Run progress: 12.36% complete, ETA 00:13:38
[info] # Fork: 1 of 1
[info] # Warmup Iteration   1: 2645.068 us/op
[info] Iteration   1: 2515.324 us/op
[info] Result "scalus.uplc.eval.CekJVMBenchmark.bench":
[info]   2515.324 us/op
[info] # JMH version: 1.37
[info] # VM version: JDK 21.0.12.1, OpenJDK 64-Bit Server VM, 21.0.12.1+1-1-24.04.4-Ubuntu
[info] # VM invoker: /usr/lib/jvm/java-21-openjdk-amd64/bin/java
[info] # VM options: -Xss64m -Xmx4g
[info] # Blackhole mode: compiler (auto-detected, use -Djmh.blackhole.autoDetect=false to disable)
[info] # Warmup: 1 iterations, 5 s each
[info] # Measurement: 1 iterations, 5 s each
[info] # Timeout: 10 min per iteration
[info] # Threads: 1 thread, will synchronize iterations
[info] # Benchmark mode: Average time, time/op
[info] # Benchmark: scalus.uplc.eval.CekJVMBenchmark.bench
[info] # Parameters: (file = coop-4.flat)
[info] # Run progress: 13.48% complete, ETA 00:13:27
[info] # Fork: 1 of 1
[info] # Warmup Iteration   1: 990.358 us/op
[info] Iteration   1: 935.683 us/op
[info] Result "scalus.uplc.eval.CekJVMBenchmark.bench":
[info]   935.683 us/op
[info] # JMH version: 1.37
[info] # VM version: JDK 21.0.12.1, OpenJDK 64-Bit Server VM, 21.0.12.1+1-1-24.04.4-Ubuntu
[info] # VM invoker: /usr/lib/jvm/java-21-openjdk-amd64/bin/java
[info] # VM options: -Xss64m -Xmx4g
[info] # Blackhole mode: compiler (auto-detected, use -Djmh.blackhole.autoDetect=false to disable)
[info] # Warmup: 1 iterations, 5 s each
[info] # Measurement: 1 iterations, 5 s each
[info] # Timeout: 10 min per iteration
[info] # Threads: 1 thread, will synchronize iterations
[info] # Benchmark mode: Average time, time/op
[info] # Benchmark: scalus.uplc.eval.CekJVMBenchmark.bench
[info] # Parameters: (file = coop-5.flat)
[info] # Run progress: 14.61% complete, ETA 00:13:17
[info] # Fork: 1 of 1
[info] # Warmup Iteration   1: 401.966 us/op
[info] Iteration   1: 443.502 us/op
[info] Result "scalus.uplc.eval.CekJVMBenchmark.bench":
[info]   443.502 us/op
[info] # JMH version: 1.37
[info] # VM version: JDK 21.0.12.1, OpenJDK 64-Bit Server VM, 21.0.12.1+1-1-24.04.4-Ubuntu
[info] # VM invoker: /usr/lib/jvm/java-21-openjdk-amd64/bin/java
[info] # VM options: -Xss64m -Xmx4g
[info] # Blackhole mode: compiler (auto-detected, use -Djmh.blackhole.autoDetect=false to disable)
[info] # Warmup: 1 iterations, 5 s each
[info] # Measurement: 1 iterations, 5 s each
[info] # Timeout: 10 min per iteration
[info] # Threads: 1 thread, will synchronize iterations
[info] # Benchmark mode: Average time, time/op
[info] # Benchmark: scalus.uplc.eval.CekJVMBenchmark.bench
[info] # Parameters: (file = coop-6.flat)
[info] # Run progress: 15.73% complete, ETA 00:13:06
[info] # Fork: 1 of 1
[info] # Warmup Iteration   1: 700.213 us/op
[info] Iteration   1: 656.261 us/op
[info] Result "scalus.uplc.eval.CekJVMBenchmark.bench":
[info]   656.261 us/op
[info] # JMH version: 1.37
[info] # VM version: JDK 21.0.12.1, OpenJDK 64-Bit Server VM, 21.0.12.1+1-1-24.04.4-Ubuntu
[info] # VM invoker: /usr/lib/jvm/java-21-openjdk-amd64/bin/java
[info] # VM options: -Xss64m -Xmx4g
[info] # Blackhole mode: compiler (auto-detected, use -Djmh.blackhole.autoDetect=false to disable)
[info] # Warmup: 1 iterations, 5 s each
[info] # Measurement: 1 iterations, 5 s each
[info] # Timeout: 10 min per iteration
[info] # Threads: 1 thread, will synchronize iterations
[info] # Benchmark mode: Average time, time/op
[info] # Benchmark: scalus.uplc.eval.CekJVMBenchmark.bench
[info] # Parameters: (file = coop-7.flat)
[info] # Run progress: 16.85% complete, ETA 00:12:56
[info] # Fork: 1 of 1
[info] # Warmup Iteration   1: 309.910 us/op
[info] Iteration   1: 292.259 us/op
[info] Result "scalus.uplc.eval.CekJVMBenchmark.bench":
[info]   292.259 us/op
[info] # JMH version: 1.37
[info] # VM version: JDK 21.0.12.1, OpenJDK 64-Bit Server VM, 21.0.12.1+1-1-24.04.4-Ubuntu
[info] # VM invoker: /usr/lib/jvm/java-21-openjdk-amd64/bin/java
[info] # VM options: -Xss64m -Xmx4g
[info] # Blackhole mode: compiler (auto-detected, use -Djmh.blackhole.autoDetect=false to disable)
[info] # Warmup: 1 iterations, 5 s each
[info] # Measurement: 1 iterations, 5 s each
[info] # Timeout: 10 min per iteration
[info] # Threads: 1 thread, will synchronize iterations
[info] # Benchmark mode: Average time, time/op
[info] # Benchmark: scalus.uplc.eval.CekJVMBenchmark.bench
[info] # Parameters: (file = crowdfunding-success-1.flat)
[info] # Run progress: 17.98% complete, ETA 00:12:45
[info] # Fork: 1 of 1
[info] # Warmup Iteration   1: 238.636 us/op
[info] Iteration   1: 199.967 us/op
[info] Result "scalus.uplc.eval.CekJVMBenchmark.bench":
[info]   199.967 us/op
[info] # JMH version: 1.37
[info] # VM version: JDK 21.0.12.1, OpenJDK 64-Bit Server VM, 21.0.12.1+1-1-24.04.4-Ubuntu
[info] # VM invoker: /usr/lib/jvm/java-21-openjdk-amd64/bin/java
[info] # VM options: -Xss64m -Xmx4g
[info] # Blackhole mode: compiler (auto-detected, use -Djmh.blackhole.autoDetect=false to disable)
[info] # Warmup: 1 iterations, 5 s each
[info] # Measurement: 1 iterations, 5 s each
[info] # Timeout: 10 min per iteration
[info] # Threads: 1 thread, will synchronize iterations
[info] # Benchmark mode: Average time, time/op
[info] # Benchmark: scalus.uplc.eval.CekJVMBenchmark.bench
[info] # Parameters: (file = crowdfunding-success-2.flat)
[info] # Run progress: 19.10% complete, ETA 00:12:34
[info] # Fork: 1 of 1
[info] # Warmup Iteration   1: 210.598 us/op
[info] Iteration   1: 201.312 us/op
[info] Result "scalus.uplc.eval.CekJVMBenchmark.bench":
[info]   201.312 us/op
[info] # JMH version: 1.37
[info] # VM version: JDK 21.0.12.1, OpenJDK 64-Bit Server VM, 21.0.12.1+1-1-24.04.4-Ubuntu
[info] # VM invoker: /usr/lib/jvm/java-21-openjdk-amd64/bin/java
[info] # VM options: -Xss64m -Xmx4g
[info] # Blackhole mode: compiler (auto-detected, use -Djmh.blackhole.autoDetect=false to disable)
[info] # Warmup: 1 iterations, 5 s each
[info] # Measurement: 1 iterations, 5 s each
[info] # Timeout: 10 min per iteration
[info] # Threads: 1 thread, will synchronize iterations
[info] # Benchmark mode: Average time, time/op
[info] # Benchmark: scalus.uplc.eval.CekJVMBenchmark.bench
[info] # Parameters: (file = crowdfunding-success-3.flat)
[info] # Run progress: 20.22% complete, ETA 00:12:24
[info] # Fork: 1 of 1
[info] # Warmup Iteration   1: 206.254 us/op
[info] Iteration   1: 203.067 us/op
[info] Result "scalus.uplc.eval.CekJVMBenchmark.bench":
[info]   203.067 us/op
[info] # JMH version: 1.37
[info] # VM version: JDK 21.0.12.1, OpenJDK 64-Bit Server VM, 21.0.12.1+1-1-24.04.4-Ubuntu
[info] # VM invoker: /usr/lib/jvm/java-21-openjdk-amd64/bin/java
[info] # VM options: -Xss64m -Xmx4g
[info] # Blackhole mode: compiler (auto-detected, use -Djmh.blackhole.autoDetect=false to disable)
[info] # Warmup: 1 iterations, 5 s each
[info] # Measurement: 1 iterations, 5 s each
[info] # Timeout: 10 min per iteration
[info] # Threads: 1 thread, will synchronize iterations
[info] # Benchmark mode: Average time, time/op
[info] # Benchmark: scalus.uplc.eval.CekJVMBenchmark.bench
[info] # Parameters: (file = currency-1.flat)
[info] # Run progress: 21.35% complete, ETA 00:12:14
[info] # Fork: 1 of 1
[info] # Warmup Iteration   1: 273.009 us/op
[info] Iteration   1: 260.373 us/op
[info] Result "scalus.uplc.eval.CekJVMBenchmark.bench":
[info]   260.373 us/op
[info] # JMH version: 1.37
[info] # VM version: JDK 21.0.12.1, OpenJDK 64-Bit Server VM, 21.0.12.1+1-1-24.04.4-Ubuntu
[info] # VM invoker: /usr/lib/jvm/java-21-openjdk-amd64/bin/java
[info] # VM options: -Xss64m -Xmx4g
[info] # Blackhole mode: compiler (auto-detected, use -Djmh.blackhole.autoDetect=false to disable)
[info] # Warmup: 1 iterations, 5 s each
[info] # Measurement: 1 iterations, 5 s each
[info] # Timeout: 10 min per iteration
[info] # Threads: 1 thread, will synchronize iterations
[info] # Benchmark mode: Average time, time/op
[info] # Benchmark: scalus.uplc.eval.CekJVMBenchmark.bench
[info] # Parameters: (file = escrow-redeem_1-1.flat)
[info] # Run progress: 22.47% complete, ETA 00:12:03
[info] # Fork: 1 of 1
[info] # Warmup Iteration   1: 375.770 us/op
[info] Iteration   1: 357.835 us/op
[info] Result "scalus.uplc.eval.CekJVMBenchmark.bench":
[info]   357.835 us/op
[info] # JMH version: 1.37
[info] # VM version: JDK 21.0.12.1, OpenJDK 64-Bit Server VM, 21.0.12.1+1-1-24.04.4-Ubuntu
[info] # VM invoker: /usr/lib/jvm/java-21-openjdk-amd64/bin/java
[info] # VM options: -Xss64m -Xmx4g
[info] # Blackhole mode: compiler (auto-detected, use -Djmh.blackhole.autoDetect=false to disable)
[info] # Warmup: 1 iterations, 5 s each
[info] # Measurement: 1 iterations, 5 s each
[info] # Timeout: 10 min per iteration
[info] # Threads: 1 thread, will synchronize iterations
[info] # Benchmark mode: Average time, time/op
[info] # Benchmark: scalus.uplc.eval.CekJVMBenchmark.bench
[info] # Parameters: (file = escrow-redeem_1-2.flat)
[info] # Run progress: 23.60% complete, ETA 00:11:53
[info] # Fork: 1 of 1
[info] # Warmup Iteration   1: 375.856 us/op
[info] Iteration   1: 408.952 us/op
[info] Result "scalus.uplc.eval.CekJVMBenchmark.bench":
[info]   408.952 us/op
[info] # JMH version: 1.37
[info] # VM version: JDK 21.0.12.1, OpenJDK 64-Bit Server VM, 21.0.12.1+1-1-24.04.4-Ubuntu
[info] # VM invoker: /usr/lib/jvm/java-21-openjdk-amd64/bin/java
[info] # VM options: -Xss64m -Xmx4g
[info] # Blackhole mode: compiler (auto-detected, use -Djmh.blackhole.autoDetect=false to disable)
[info] # Warmup: 1 iterations, 5 s each
[info] # Measurement: 1 iterations, 5 s each
[info] # Timeout: 10 min per iteration
[info] # Threads: 1 thread, will synchronize iterations
[info] # Benchmark mode: Average time, time/op
[info] # Benchmark: scalus.uplc.eval.CekJVMBenchmark.bench
[info] # Parameters: (file = escrow-redeem_2-1.flat)
[info] # Run progress: 24.72% complete, ETA 00:11:42
[info] # Fork: 1 of 1
[info] # Warmup Iteration   1: 438.135 us/op
[info] Iteration   1: 418.135 us/op
[info] Result "scalus.uplc.eval.CekJVMBenchmark.bench":
[info]   418.135 us/op
[info] # JMH version: 1.37
[info] # VM version: JDK 21.0.12.1, OpenJDK 64-Bit Server VM, 21.0.12.1+1-1-24.04.4-Ubuntu
[info] # VM invoker: /usr/lib/jvm/java-21-openjdk-amd64/bin/java
[info] # VM options: -Xss64m -Xmx4g
[info] # Blackhole mode: compiler (auto-detected, use -Djmh.blackhole.autoDetect=false to disable)
[info] # Warmup: 1 iterations, 5 s each
[info] # Measurement: 1 iterations, 5 s each
[info] # Timeout: 10 min per iteration
[info] # Threads: 1 thread, will synchronize iterations
[info] # Benchmark mode: Average time, time/op
[info] # Benchmark: scalus.uplc.eval.CekJVMBenchmark.bench
[info] # Parameters: (file = escrow-redeem_2-2.flat)
[info] # Run progress: 25.84% complete, ETA 00:11:32
[info] # Fork: 1 of 1
[info] # Warmup Iteration   1: 464.865 us/op
[info] Iteration   1: 418.568 us/op
[info] Result "scalus.uplc.eval.CekJVMBenchmark.bench":
[info]   418.568 us/op
[info] # JMH version: 1.37
[info] # VM version: JDK 21.0.12.1, OpenJDK 64-Bit Server VM, 21.0.12.1+1-1-24.04.4-Ubuntu
[info] # VM invoker: /usr/lib/jvm/java-21-openjdk-amd64/bin/java
[info] # VM options: -Xss64m -Xmx4g
[info] # Blackhole mode: compiler (auto-detected, use -Djmh.blackhole.autoDetect=false to disable)
[info] # Warmup: 1 iterations, 5 s each
[info] # Measurement: 1 iterations, 5 s each
[info] # Timeout: 10 min per iteration
[info] # Threads: 1 thread, will synchronize iterations
[info] # Benchmark mode: Average time, time/op
[info] # Benchmark: scalus.uplc.eval.CekJVMBenchmark.bench
[info] # Parameters: (file = escrow-redeem_2-3.flat)
[info] # Run progress: 26.97% complete, ETA 00:11:21
[info] # Fork: 1 of 1
[info] # Warmup Iteration   1: 438.029 us/op
[info] Iteration   1: 416.858 us/op
[info] Result "scalus.uplc.eval.CekJVMBenchmark.bench":
[info]   416.858 us/op
[info] # JMH version: 1.37
[info] # VM version: JDK 21.0.12.1, OpenJDK 64-Bit Server VM, 21.0.12.1+1-1-24.04.4-Ubuntu
[info] # VM invoker: /usr/lib/jvm/java-21-openjdk-amd64/bin/java
[info] # VM options: -Xss64m -Xmx4g
[info] # Blackhole mode: compiler (auto-detected, use -Djmh.blackhole.autoDetect=false to disable)
[info] # Warmup: 1 iterations, 5 s each
[info] # Measurement: 1 iterations, 5 s each
[info] # Timeout: 10 min per iteration
[info] # Threads: 1 thread, will synchronize iterations
[info] # Benchmark mode: Average time, time/op
[info] # Benchmark: scalus.uplc.eval.CekJVMBenchmark.bench
[info] # Parameters: (file = escrow-refund-1.flat)
[info] # Run progress: 28.09% complete, ETA 00:11:11
[info] # Fork: 1 of 1
[info] # Warmup Iteration   1: 178.293 us/op
[info] Iteration   1: 149.638 us/op
[info] Result "scalus.uplc.eval.CekJVMBenchmark.bench":
[info]   149.638 us/op
[info] # JMH version: 1.37
[info] # VM version: JDK 21.0.12.1, OpenJDK 64-Bit Server VM, 21.0.12.1+1-1-24.04.4-Ubuntu
[info] # VM invoker: /usr/lib/jvm/java-21-openjdk-amd64/bin/java
[info] # VM options: -Xss64m -Xmx4g
[info] # Blackhole mode: compiler (auto-detected, use -Djmh.blackhole.autoDetect=false to disable)
[info] # Warmup: 1 iterations, 5 s each
[info] # Measurement: 1 iterations, 5 s each
[info] # Timeout: 10 min per iteration
[info] # Threads: 1 thread, will synchronize iterations
[info] # Benchmark mode: Average time, time/op
[info] # Benchmark: scalus.uplc.eval.CekJVMBenchmark.bench
[info] # Parameters: (file = future-increase-margin-1.flat)
[info] # Run progress: 29.21% complete, ETA 00:11:00
[info] # Fork: 1 of 1
[info] # Warmup Iteration   1: 269.376 us/op
[info] Iteration   1: 258.503 us/op
[info] Result "scalus.uplc.eval.CekJVMBenchmark.bench":
[info]   258.503 us/op
[info] # JMH version: 1.37
[info] # VM version: JDK 21.0.12.1, OpenJDK 64-Bit Server VM, 21.0.12.1+1-1-24.04.4-Ubuntu
[info] # VM invoker: /usr/lib/jvm/java-21-openjdk-amd64/bin/java
[info] # VM options: -Xss64m -Xmx4g
[info] # Blackhole mode: compiler (auto-detected, use -Djmh.blackhole.autoDetect=false to disable)
[info] # Warmup: 1 iterations, 5 s each
[info] # Measurement: 1 iterations, 5 s each
[info] # Timeout: 10 min per iteration
[info] # Threads: 1 thread, will synchronize iterations
[info] # Benchmark mode: Average time, time/op
[info] # Benchmark: scalus.uplc.eval.CekJVMBenchmark.bench
[info] # Parameters: (file = future-increase-margin-2.flat)
[info] # Run progress: 30.34% complete, ETA 00:10:50
[info] # Fork: 1 of 1
[info] # Warmup Iteration   1: 598.438 us/op
[info] Iteration   1: 644.607 us/op
[info] Result "scalus.uplc.eval.CekJVMBenchmark.bench":
[info]   644.607 us/op
[info] # JMH version: 1.37
[info] # VM version: JDK 21.0.12.1, OpenJDK 64-Bit Server VM, 21.0.12.1+1-1-24.04.4-Ubuntu
[info] # VM invoker: /usr/lib/jvm/java-21-openjdk-amd64/bin/java
[info] # VM options: -Xss64m -Xmx4g
[info] # Blackhole mode: compiler (auto-detected, use -Djmh.blackhole.autoDetect=false to disable)
[info] # Warmup: 1 iterations, 5 s each
[info] # Measurement: 1 iterations, 5 s each
[info] # Timeout: 10 min per iteration
[info] # Threads: 1 thread, will synchronize iterations
[info] # Benchmark mode: Average time, time/op
[info] # Benchmark: scalus.uplc.eval.CekJVMBenchmark.bench
[info] # Parameters: (file = future-increase-margin-3.flat)
[info] # Run progress: 31.46% complete, ETA 00:10:39
[info] # Fork: 1 of 1
[info] # Warmup Iteration   1: 590.865 us/op
[info] Iteration   1: 571.301 us/op
[info] Result "scalus.uplc.eval.CekJVMBenchmark.bench":
[info]   571.301 us/op
[info] # JMH version: 1.37
[info] # VM version: JDK 21.0.12.1, OpenJDK 64-Bit Server VM, 21.0.12.1+1-1-24.04.4-Ubuntu
[info] # VM invoker: /usr/lib/jvm/java-21-openjdk-amd64/bin/java
[info] # VM options: -Xss64m -Xmx4g
[info] # Blackhole mode: compiler (auto-detected, use -Djmh.blackhole.autoDetect=false to disable)
[info] # Warmup: 1 iterations, 5 s each
[info] # Measurement: 1 iterations, 5 s each
[info] # Timeout: 10 min per iteration
[info] # Threads: 1 thread, will synchronize iterations
[info] # Benchmark mode: Average time, time/op
[info] # Benchmark: scalus.uplc.eval.CekJVMBenchmark.bench
[info] # Parameters: (file = future-increase-margin-4.flat)
[info] # Run progress: 32.58% complete, ETA 00:10:29
[info] # Fork: 1 of 1
[info] # Warmup Iteration   1: 563.297 us/op
[info] Iteration   1: 534.403 us/op
[info] Result "scalus.uplc.eval.CekJVMBenchmark.bench":
[info]   534.403 us/op
[info] # JMH version: 1.37
[info] # VM version: JDK 21.0.12.1, OpenJDK 64-Bit Server VM, 21.0.12.1+1-1-24.04.4-Ubuntu
[info] # VM invoker: /usr/lib/jvm/java-21-openjdk-amd64/bin/java
[info] # VM options: -Xss64m -Xmx4g
[info] # Blackhole mode: compiler (auto-detected, use -Djmh.blackhole.autoDetect=false to disable)
[info] # Warmup: 1 iterations, 5 s each
[info] # Measurement: 1 iterations, 5 s each
[info] # Timeout: 10 min per iteration
[info] # Threads: 1 thread, will synchronize iterations
[info] # Benchmark mode: Average time, time/op
[info] # Benchmark: scalus.uplc.eval.CekJVMBenchmark.bench
[info] # Parameters: (file = future-increase-margin-5.flat)
[info] # Run progress: 33.71% complete, ETA 00:10:18
[info] # Fork: 1 of 1
[info] # Warmup Iteration   1: 981.762 us/op
[info] Iteration   1: 964.248 us/op
[info] Result "scalus.uplc.eval.CekJVMBenchmark.bench":
[info]   964.248 us/op
[info] # JMH version: 1.37
[info] # VM version: JDK 21.0.12.1, OpenJDK 64-Bit Server VM, 21.0.12.1+1-1-24.04.4-Ubuntu
[info] # VM invoker: /usr/lib/jvm/java-21-openjdk-amd64/bin/java
[info] # VM options: -Xss64m -Xmx4g
[info] # Blackhole mode: compiler (auto-detected, use -Djmh.blackhole.autoDetect=false to disable)
[info] # Warmup: 1 iterations, 5 s each
[info] # Measurement: 1 iterations, 5 s each
[info] # Timeout: 10 min per iteration
[info] # Threads: 1 thread, will synchronize iterations
[info] # Benchmark mode: Average time, time/op
[info] # Benchmark: scalus.uplc.eval.CekJVMBenchmark.bench
[info] # Parameters: (file = future-pay-out-1.flat)
[info] # Run progress: 34.83% complete, ETA 00:10:08
[info] # Fork: 1 of 1
[info] # Warmup Iteration   1: 282.544 us/op
[info] Iteration   1: 259.854 us/op
[info] Result "scalus.uplc.eval.CekJVMBenchmark.bench":
[info]   259.854 us/op
[info] # JMH version: 1.37
[info] # VM version: JDK 21.0.12.1, OpenJDK 64-Bit Server VM, 21.0.12.1+1-1-24.04.4-Ubuntu
[info] # VM invoker: /usr/lib/jvm/java-21-openjdk-amd64/bin/java
[info] # VM options: -Xss64m -Xmx4g
[info] # Blackhole mode: compiler (auto-detected, use -Djmh.blackhole.autoDetect=false to disable)
[info] # Warmup: 1 iterations, 5 s each
[info] # Measurement: 1 iterations, 5 s each
[info] # Timeout: 10 min per iteration
[info] # Threads: 1 thread, will synchronize iterations
[info] # Benchmark mode: Average time, time/op
[info] # Benchmark: scalus.uplc.eval.CekJVMBenchmark.bench
[info] # Parameters: (file = future-pay-out-2.flat)
[info] # Run progress: 35.96% complete, ETA 00:09:57
[info] # Fork: 1 of 1
[info] # Warmup Iteration   1: 604.131 us/op
[info] Iteration   1: 573.386 us/op
[info] Result "scalus.uplc.eval.CekJVMBenchmark.bench":
[info]   573.386 us/op
[info] # JMH version: 1.37
[info] # VM version: JDK 21.0.12.1, OpenJDK 64-Bit Server VM, 21.0.12.1+1-1-24.04.4-Ubuntu
[info] # VM invoker: /usr/lib/jvm/java-21-openjdk-amd64/bin/java
[info] # VM options: -Xss64m -Xmx4g
[info] # Blackhole mode: compiler (auto-detected, use -Djmh.blackhole.autoDetect=false to disable)
[info] # Warmup: 1 iterations, 5 s each
[info] # Measurement: 1 iterations, 5 s each
[info] # Timeout: 10 min per iteration
[info] # Threads: 1 thread, will synchronize iterations
[info] # Benchmark mode: Average time, time/op
[info] # Benchmark: scalus.uplc.eval.CekJVMBenchmark.bench
[info] # Parameters: (file = future-pay-out-3.flat)
[info] # Run progress: 37.08% complete, ETA 00:09:47
[info] # Fork: 1 of 1
[info] # Warmup Iteration   1: 677.404 us/op
[info] Iteration   1: 572.779 us/op
[info] Result "scalus.uplc.eval.CekJVMBenchmark.bench":
[info]   572.779 us/op
[info] # JMH version: 1.37
[info] # VM version: JDK 21.0.12.1, OpenJDK 64-Bit Server VM, 21.0.12.1+1-1-24.04.4-Ubuntu
[info] # VM invoker: /usr/lib/jvm/java-21-openjdk-amd64/bin/java
[info] # VM options: -Xss64m -Xmx4g
[info] # Blackhole mode: compiler (auto-detected, use -Djmh.blackhole.autoDetect=false to disable)
[info] # Warmup: 1 iterations, 5 s each
[info] # Measurement: 1 iterations, 5 s each
[info] # Timeout: 10 min per iteration
[info] # Threads: 1 thread, will synchronize iterations
[info] # Benchmark mode: Average time, time/op
[info] # Benchmark: scalus.uplc.eval.CekJVMBenchmark.bench
[info] # Parameters: (file = future-pay-out-4.flat)
[info] # Run progress: 38.20% complete, ETA 00:09:36
[info] # Fork: 1 of 1
[info] # Warmup Iteration   1: 980.391 us/op
[info] Iteration   1: 919.188 us/op
[info] Result "scalus.uplc.eval.CekJVMBenchmark.bench":
[info]   919.188 us/op
[info] # JMH version: 1.37
[info] # VM version: JDK 21.0.12.1, OpenJDK 64-Bit Server VM, 21.0.12.1+1-1-24.04.4-Ubuntu
[info] # VM invoker: /usr/lib/jvm/java-21-openjdk-amd64/bin/java
[info] # VM options: -Xss64m -Xmx4g
[info] # Blackhole mode: compiler (auto-detected, use -Djmh.blackhole.autoDetect=false to disable)
[info] # Warmup: 1 iterations, 5 s each
[info] # Measurement: 1 iterations, 5 s each
[info] # Timeout: 10 min per iteration
[info] # Threads: 1 thread, will synchronize iterations
[info] # Benchmark mode: Average time, time/op
[info] # Benchmark: scalus.uplc.eval.CekJVMBenchmark.bench
[info] # Parameters: (file = future-settle-early-1.flat)
[info] # Run progress: 39.33% complete, ETA 00:09:26
[info] # Fork: 1 of 1
[info] # Warmup Iteration   1: 277.601 us/op
[info] Iteration   1: 268.008 us/op
[info] Result "scalus.uplc.eval.CekJVMBenchmark.bench":
[info]   268.008 us/op
[info] # JMH version: 1.37
[info] # VM version: JDK 21.0.12.1, OpenJDK 64-Bit Server VM, 21.0.12.1+1-1-24.04.4-Ubuntu
[info] # VM invoker: /usr/lib/jvm/java-21-openjdk-amd64/bin/java
[info] # VM options: -Xss64m -Xmx4g
[info] # Blackhole mode: compiler (auto-detected, use -Djmh.blackhole.autoDetect=false to disable)
[info] # Warmup: 1 iterations, 5 s each
[info] # Measurement: 1 iterations, 5 s each
[info] # Timeout: 10 min per iteration
[info] # Threads: 1 thread, will synchronize iterations
[info] # Benchmark mode: Average time, time/op
[info] # Benchmark: scalus.uplc.eval.CekJVMBenchmark.bench
[info] # Parameters: (file = future-settle-early-2.flat)
[info] # Run progress: 40.45% complete, ETA 00:09:15
[info] # Fork: 1 of 1
[info] # Warmup Iteration   1: 599.210 us/op
[info] Iteration   1: 648.209 us/op
[info] Result "scalus.uplc.eval.CekJVMBenchmark.bench":
[info]   648.209 us/op
[info] # JMH version: 1.37
[info] # VM version: JDK 21.0.12.1, OpenJDK 64-Bit Server VM, 21.0.12.1+1-1-24.04.4-Ubuntu
[info] # VM invoker: /usr/lib/jvm/java-21-openjdk-amd64/bin/java
[info] # VM options: -Xss64m -Xmx4g
[info] # Blackhole mode: compiler (auto-detected, use -Djmh.blackhole.autoDetect=false to disable)
[info] # Warmup: 1 iterations, 5 s each
[info] # Measurement: 1 iterations, 5 s each
[info] # Timeout: 10 min per iteration
[info] # Threads: 1 thread, will synchronize iterations
[info] # Benchmark mode: Average time, time/op
[info] # Benchmark: scalus.uplc.eval.CekJVMBenchmark.bench
[info] # Parameters: (file = future-settle-early-3.flat)
[info] # Run progress: 41.57% complete, ETA 00:09:05
[info] # Fork: 1 of 1
[info] # Warmup Iteration   1: 593.182 us/op
[info] Iteration   1: 573.893 us/op
[info] Result "scalus.uplc.eval.CekJVMBenchmark.bench":
[info]   573.893 us/op
[info] # JMH version: 1.37
[info] # VM version: JDK 21.0.12.1, OpenJDK 64-Bit Server VM, 21.0.12.1+1-1-24.04.4-Ubuntu
[info] # VM invoker: /usr/lib/jvm/java-21-openjdk-amd64/bin/java
[info] # VM options: -Xss64m -Xmx4g
[info] # Blackhole mode: compiler (auto-detected, use -Djmh.blackhole.autoDetect=false to disable)
[info] # Warmup: 1 iterations, 5 s each
[info] # Measurement: 1 iterations, 5 s each
[info] # Timeout: 10 min per iteration
[info] # Threads: 1 thread, will synchronize iterations
[info] # Benchmark mode: Average time, time/op
[info] # Benchmark: scalus.uplc.eval.CekJVMBenchmark.bench
[info] # Parameters: (file = future-settle-early-4.flat)
[info] # Run progress: 42.70% complete, ETA 00:08:54
[info] # Fork: 1 of 1
[info] # Warmup Iteration   1: 734.115 us/op
[info] Iteration   1: 676.858 us/op
[info] Result "scalus.uplc.eval.CekJVMBenchmark.bench":
[info]   676.858 us/op
[info] # JMH version: 1.37
[info] # VM version: JDK 21.0.12.1, OpenJDK 64-Bit Server VM, 21.0.12.1+1-1-24.04.4-Ubuntu
[info] # VM invoker: /usr/lib/jvm/java-21-openjdk-amd64/bin/java
[info] # VM options: -Xss64m -Xmx4g
[info] # Blackhole mode: compiler (auto-detected, use -Djmh.blackhole.autoDetect=false to disable)
[info] # Warmup: 1 iterations, 5 s each
[info] # Measurement: 1 iterations, 5 s each
[info] # Timeout: 10 min per iteration
[info] # Threads: 1 thread, will synchronize iterations
[info] # Benchmark mode: Average time, time/op
[info] # Benchmark: scalus.uplc.eval.CekJVMBenchmark.bench
[info] # Parameters: (file = game-sm-success_1-1.flat)
[info] # Run progress: 43.82% complete, ETA 00:08:44
[info] # Fork: 1 of 1
[info] # Warmup Iteration   1: 476.422 us/op
[info] Iteration   1: 402.722 us/op
[info] Result "scalus.uplc.eval.CekJVMBenchmark.bench":
[info]   402.722 us/op
[info] # JMH version: 1.37
[info] # VM version: JDK 21.0.12.1, OpenJDK 64-Bit Server VM, 21.0.12.1+1-1-24.04.4-Ubuntu
[info] # VM invoker: /usr/lib/jvm/java-21-openjdk-amd64/bin/java
[info] # VM options: -Xss64m -Xmx4g
[info] # Blackhole mode: compiler (auto-detected, use -Djmh.blackhole.autoDetect=false to disable)
[info] # Warmup: 1 iterations, 5 s each
[info] # Measurement: 1 iterations, 5 s each
[info] # Timeout: 10 min per iteration
[info] # Threads: 1 thread, will synchronize iterations
[info] # Benchmark mode: Average time, time/op
[info] # Benchmark: scalus.uplc.eval.CekJVMBenchmark.bench
[info] # Parameters: (file = game-sm-success_1-2.flat)
[info] # Run progress: 44.94% complete, ETA 00:08:33
[info] # Fork: 1 of 1
[info] # Warmup Iteration   1: 200.595 us/op
[info] Iteration   1: 192.646 us/op
[info] Result "scalus.uplc.eval.CekJVMBenchmark.bench":
[info]   192.646 us/op
[info] # JMH version: 1.37
[info] # VM version: JDK 21.0.12.1, OpenJDK 64-Bit Server VM, 21.0.12.1+1-1-24.04.4-Ubuntu
[info] # VM invoker: /usr/lib/jvm/java-21-openjdk-amd64/bin/java
[info] # VM options: -Xss64m -Xmx4g
[info] # Blackhole mode: compiler (auto-detected, use -Djmh.blackhole.autoDetect=false to disable)
[info] # Warmup: 1 iterations, 5 s each
[info] # Measurement: 1 iterations, 5 s each
[info] # Timeout: 10 min per iteration
[info] # Threads: 1 thread, will synchronize iterations
[info] # Benchmark mode: Average time, time/op
[info] # Benchmark: scalus.uplc.eval.CekJVMBenchmark.bench
[info] # Parameters: (file = game-sm-success_1-3.flat)
[info] # Run progress: 46.07% complete, ETA 00:08:23
[info] # Fork: 1 of 1
[info] # Warmup Iteration   1: 738.717 us/op
[info] Iteration   1: 691.238 us/op
[info] Result "scalus.uplc.eval.CekJVMBenchmark.bench":
[info]   691.238 us/op
[info] # JMH version: 1.37
[info] # VM version: JDK 21.0.12.1, OpenJDK 64-Bit Server VM, 21.0.12.1+1-1-24.04.4-Ubuntu
[info] # VM invoker: /usr/lib/jvm/java-21-openjdk-amd64/bin/java
[info] # VM options: -Xss64m -Xmx4g
[info] # Blackhole mode: compiler (auto-detected, use -Djmh.blackhole.autoDetect=false to disable)
[info] # Warmup: 1 iterations, 5 s each
[info] # Measurement: 1 iterations, 5 s each
[info] # Timeout: 10 min per iteration
[info] # Threads: 1 thread, will synchronize iterations
[info] # Benchmark mode: Average time, time/op
[info] # Benchmark: scalus.uplc.eval.CekJVMBenchmark.bench
[info] # Parameters: (file = game-sm-success_1-4.flat)
[info] # Run progress: 47.19% complete, ETA 00:08:12
[info] # Fork: 1 of 1
[info] # Warmup Iteration   1: 252.085 us/op
[info] Iteration   1: 234.635 us/op
[info] Result "scalus.uplc.eval.CekJVMBenchmark.bench":
[info]   234.635 us/op
[info] # JMH version: 1.37
[info] # VM version: JDK 21.0.12.1, OpenJDK 64-Bit Server VM, 21.0.12.1+1-1-24.04.4-Ubuntu
[info] # VM invoker: /usr/lib/jvm/java-21-openjdk-amd64/bin/java
[info] # VM options: -Xss64m -Xmx4g
[info] # Blackhole mode: compiler (auto-detected, use -Djmh.blackhole.autoDetect=false to disable)
[info] # Warmup: 1 iterations, 5 s each
[info] # Measurement: 1 iterations, 5 s each
[info] # Timeout: 10 min per iteration
[info] # Threads: 1 thread, will synchronize iterations
[info] # Benchmark mode: Average time, time/op
[info] # Benchmark: scalus.uplc.eval.CekJVMBenchmark.bench
[info] # Parameters: (file = game-sm-success_2-1.flat)
[info] # Run progress: 48.31% complete, ETA 00:08:02
[info] # Fork: 1 of 1
[info] # Warmup Iteration   1: 429.397 us/op
[info] Iteration   1: 409.765 us/op
[info] Result "scalus.uplc.eval.CekJVMBenchmark.bench":
[info]   409.765 us/op
[info] # JMH version: 1.37
[info] # VM version: JDK 21.0.12.1, OpenJDK 64-Bit Server VM, 21.0.12.1+1-1-24.04.4-Ubuntu
[info] # VM invoker: /usr/lib/jvm/java-21-openjdk-amd64/bin/java
[info] # VM options: -Xss64m -Xmx4g
[info] # Blackhole mode: compiler (auto-detected, use -Djmh.blackhole.autoDetect=false to disable)
[info] # Warmup: 1 iterations, 5 s each
[info] # Measurement: 1 iterations, 5 s each
[info] # Timeout: 10 min per iteration
[info] # Threads: 1 thread, will synchronize iterations
[info] # Benchmark mode: Average time, time/op
[info] # Benchmark: scalus.uplc.eval.CekJVMBenchmark.bench
[info] # Parameters: (file = game-sm-success_2-2.flat)
[info] # Run progress: 49.44% complete, ETA 00:07:51
[info] # Fork: 1 of 1
[info] # Warmup Iteration   1: 203.788 us/op
[info] Iteration   1: 220.312 us/op
[info] Result "scalus.uplc.eval.CekJVMBenchmark.bench":
[info]   220.312 us/op
[info] # JMH version: 1.37
[info] # VM version: JDK 21.0.12.1, OpenJDK 64-Bit Server VM, 21.0.12.1+1-1-24.04.4-Ubuntu
[info] # VM invoker: /usr/lib/jvm/java-21-openjdk-amd64/bin/java
[info] # VM options: -Xss64m -Xmx4g
[info] # Blackhole mode: compiler (auto-detected, use -Djmh.blackhole.autoDetect=false to disable)
[info] # Warmup: 1 iterations, 5 s each
[info] # Measurement: 1 iterations, 5 s each
[info] # Timeout: 10 min per iteration
[info] # Threads: 1 thread, will synchronize iterations
[info] # Benchmark mode: Average time, time/op
[info] # Benchmark: scalus.uplc.eval.CekJVMBenchmark.bench
[info] # Parameters: (file = game-sm-success_2-3.flat)
[info] # Run progress: 50.56% complete, ETA 00:07:41
[info] # Fork: 1 of 1
[info] # Warmup Iteration   1: 726.088 us/op
[info] Iteration   1: 681.335 us/op
[info] Result "scalus.uplc.eval.CekJVMBenchmark.bench":
[info]   681.335 us/op
[info] # JMH version: 1.37
[info] # VM version: JDK 21.0.12.1, OpenJDK 64-Bit Server VM, 21.0.12.1+1-1-24.04.4-Ubuntu
[info] # VM invoker: /usr/lib/jvm/java-21-openjdk-amd64/bin/java
[info] # VM options: -Xss64m -Xmx4g
[info] # Blackhole mode: compiler (auto-detected, use -Djmh.blackhole.autoDetect=false to disable)
[info] # Warmup: 1 iterations, 5 s each
[info] # Measurement: 1 iterations, 5 s each
[info] # Timeout: 10 min per iteration
[info] # Threads: 1 thread, will synchronize iterations
[info] # Benchmark mode: Average time, time/op
[info] # Benchmark: scalus.uplc.eval.CekJVMBenchmark.bench
[info] # Parameters: (file = game-sm-success_2-4.flat)
[info] # Run progress: 51.69% complete, ETA 00:07:30
[info] # Fork: 1 of 1
[info] # Warmup Iteration   1: 235.312 us/op
[info] Iteration   1: 226.717 us/op
[info] Result "scalus.uplc.eval.CekJVMBenchmark.bench":
[info]   226.717 us/op
[info] # JMH version: 1.37
[info] # VM version: JDK 21.0.12.1, OpenJDK 64-Bit Server VM, 21.0.12.1+1-1-24.04.4-Ubuntu
[info] # VM invoker: /usr/lib/jvm/java-21-openjdk-amd64/bin/java
[info] # VM options: -Xss64m -Xmx4g
[info] # Blackhole mode: compiler (auto-detected, use -Djmh.blackhole.autoDetect=false to disable)
[info] # Warmup: 1 iterations, 5 s each
[info] # Measurement: 1 iterations, 5 s each
[info] # Timeout: 10 min per iteration
[info] # Threads: 1 thread, will synchronize iterations
[info] # Benchmark mode: Average time, time/op
[info] # Benchmark: scalus.uplc.eval.CekJVMBenchmark.bench
[info] # Parameters: (file = game-sm-success_2-5.flat)
[info] # Run progress: 52.81% complete, ETA 00:07:20
[info] # Fork: 1 of 1
[info] # Warmup Iteration   1: 732.796 us/op
[info] Iteration   1: 691.511 us/op
[info] Result "scalus.uplc.eval.CekJVMBenchmark.bench":
[info]   691.511 us/op
[info] # JMH version: 1.37
[info] # VM version: JDK 21.0.12.1, OpenJDK 64-Bit Server VM, 21.0.12.1+1-1-24.04.4-Ubuntu
[info] # VM invoker: /usr/lib/jvm/java-21-openjdk-amd64/bin/java
[info] # VM options: -Xss64m -Xmx4g
[info] # Blackhole mode: compiler (auto-detected, use -Djmh.blackhole.autoDetect=false to disable)
[info] # Warmup: 1 iterations, 5 s each
[info] # Measurement: 1 iterations, 5 s each
[info] # Timeout: 10 min per iteration
[info] # Threads: 1 thread, will synchronize iterations
[info] # Benchmark mode: Average time, time/op
[info] # Benchmark: scalus.uplc.eval.CekJVMBenchmark.bench
[info] # Parameters: (file = game-sm-success_2-6.flat)
[info] # Run progress: 53.93% complete, ETA 00:07:09
[info] # Fork: 1 of 1
[info] # Warmup Iteration   1: 268.068 us/op
[info] Iteration   1: 224.588 us/op
[info] Result "scalus.uplc.eval.CekJVMBenchmark.bench":
[info]   224.588 us/op
[info] # JMH version: 1.37
[info] # VM version: JDK 21.0.12.1, OpenJDK 64-Bit Server VM, 21.0.12.1+1-1-24.04.4-Ubuntu
[info] # VM invoker: /usr/lib/jvm/java-21-openjdk-amd64/bin/java
[info] # VM options: -Xss64m -Xmx4g
[info] # Blackhole mode: compiler (auto-detected, use -Djmh.blackhole.autoDetect=false to disable)
[info] # Warmup: 1 iterations, 5 s each
[info] # Measurement: 1 iterations, 5 s each
[info] # Timeout: 10 min per iteration
[info] # Threads: 1 thread, will synchronize iterations
[info] # Benchmark mode: Average time, time/op
[info] # Benchmark: scalus.uplc.eval.CekJVMBenchmark.bench
[info] # Parameters: (file = guardrail-sorted-large.flat)
[info] # Run progress: 55.06% complete, ETA 00:06:59
[info] # Fork: 1 of 1
[info] # Warmup Iteration   1: 462.723 us/op
[info] Iteration   1: 437.017 us/op
[info] Result "scalus.uplc.eval.CekJVMBenchmark.bench":
[info]   437.017 us/op
[info] # JMH version: 1.37
[info] # VM version: JDK 21.0.12.1, OpenJDK 64-Bit Server VM, 21.0.12.1+1-1-24.04.4-Ubuntu
[info] # VM invoker: /usr/lib/jvm/java-21-openjdk-amd64/bin/java
[info] # VM options: -Xss64m -Xmx4g
[info] # Blackhole mode: compiler (auto-detected, use -Djmh.blackhole.autoDetect=false to disable)
[info] # Warmup: 1 iterations, 5 s each
[info] # Measurement: 1 iterations, 5 s each
[info] # Timeout: 10 min per iteration
[info] # Threads: 1 thread, will synchronize iterations
[info] # Benchmark mode: Average time, time/op
[info] # Benchmark: scalus.uplc.eval.CekJVMBenchmark.bench
[info] # Parameters: (file = guardrail-sorted-small.flat)
[info] # Run progress: 56.18% complete, ETA 00:06:48
[info] # Fork: 1 of 1
[info] # Warmup Iteration   1: 73.665 us/op
[info] Iteration   1: 74.090 us/op
[info] Result "scalus.uplc.eval.CekJVMBenchmark.bench":
[info]   74.090 us/op
[info] # JMH version: 1.37
[info] # VM version: JDK 21.0.12.1, OpenJDK 64-Bit Server VM, 21.0.12.1+1-1-24.04.4-Ubuntu
[info] # VM invoker: /usr/lib/jvm/java-21-openjdk-amd64/bin/java
[info] # VM options: -Xss64m -Xmx4g
[info] # Blackhole mode: compiler (auto-detected, use -Djmh.blackhole.autoDetect=false to disable)
[info] # Warmup: 1 iterations, 5 s each
[info] # Measurement: 1 iterations, 5 s each
[info] # Timeout: 10 min per iteration
[info] # Threads: 1 thread, will synchronize iterations
[info] # Benchmark mode: Average time, time/op
[info] # Benchmark: scalus.uplc.eval.CekJVMBenchmark.bench
[info] # Parameters: (file = guardrail-unsorted-large.flat)
[info] # Run progress: 57.30% complete, ETA 00:06:38
[info] # Fork: 1 of 1
[info] # Warmup Iteration   1: 688.237 us/op
[info] Iteration   1: 643.895 us/op
[info] Result "scalus.uplc.eval.CekJVMBenchmark.bench":
[info]   643.895 us/op
[info] # JMH version: 1.37
[info] # VM version: JDK 21.0.12.1, OpenJDK 64-Bit Server VM, 21.0.12.1+1-1-24.04.4-Ubuntu
[info] # VM invoker: /usr/lib/jvm/java-21-openjdk-amd64/bin/java
[info] # VM options: -Xss64m -Xmx4g
[info] # Blackhole mode: compiler (auto-detected, use -Djmh.blackhole.autoDetect=false to disable)
[info] # Warmup: 1 iterations, 5 s each
[info] # Measurement: 1 iterations, 5 s each
[info] # Timeout: 10 min per iteration
[info] # Threads: 1 thread, will synchronize iterations
[info] # Benchmark mode: Average time, time/op
[info] # Benchmark: scalus.uplc.eval.CekJVMBenchmark.bench
[info] # Parameters: (file = guardrail-unsorted-small.flat)
[info] # Run progress: 58.43% complete, ETA 00:06:27
[info] # Fork: 1 of 1
[info] # Warmup Iteration   1: 71.314 us/op
[info] Iteration   1: 68.353 us/op
[info] Result "scalus.uplc.eval.CekJVMBenchmark.bench":
[info]   68.353 us/op
[info] # JMH version: 1.37
[info] # VM version: JDK 21.0.12.1, OpenJDK 64-Bit Server VM, 21.0.12.1+1-1-24.04.4-Ubuntu
[info] # VM invoker: /usr/lib/jvm/java-21-openjdk-amd64/bin/java
[info] # VM options: -Xss64m -Xmx4g
[info] # Blackhole mode: compiler (auto-detected, use -Djmh.blackhole.autoDetect=false to disable)
[info] # Warmup: 1 iterations, 5 s each
[info] # Measurement: 1 iterations, 5 s each
[info] # Timeout: 10 min per iteration
[info] # Threads: 1 thread, will synchronize iterations
[info] # Benchmark mode: Average time, time/op
[info] # Benchmark: scalus.uplc.eval.CekJVMBenchmark.bench
[info] # Parameters: (file = multisig-sm-01.flat)
[info] # Run progress: 59.55% complete, ETA 00:06:17
[info] # Fork: 1 of 1
[info] # Warmup Iteration   1: 446.104 us/op
[info] Iteration   1: 478.210 us/op
[info] Result "scalus.uplc.eval.CekJVMBenchmark.bench":
[info]   478.210 us/op
[info] # JMH version: 1.37
[info] # VM version: JDK 21.0.12.1, OpenJDK 64-Bit Server VM, 21.0.12.1+1-1-24.04.4-Ubuntu
[info] # VM invoker: /usr/lib/jvm/java-21-openjdk-amd64/bin/java
[info] # VM options: -Xss64m -Xmx4g
[info] # Blackhole mode: compiler (auto-detected, use -Djmh.blackhole.autoDetect=false to disable)
[info] # Warmup: 1 iterations, 5 s each
[info] # Measurement: 1 iterations, 5 s each
[info] # Timeout: 10 min per iteration
[info] # Threads: 1 thread, will synchronize iterations
[info] # Benchmark mode: Average time, time/op
[info] # Benchmark: scalus.uplc.eval.CekJVMBenchmark.bench
[info] # Parameters: (file = multisig-sm-02.flat)
[info] # Run progress: 60.67% complete, ETA 00:06:06
[info] # Fork: 1 of 1
[info] # Warmup Iteration   1: 426.417 us/op
[info] Iteration   1: 406.136 us/op
[info] Result "scalus.uplc.eval.CekJVMBenchmark.bench":
[info]   406.136 us/op
[info] # JMH version: 1.37
[info] # VM version: JDK 21.0.12.1, OpenJDK 64-Bit Server VM, 21.0.12.1+1-1-24.04.4-Ubuntu
[info] # VM invoker: /usr/lib/jvm/java-21-openjdk-amd64/bin/java
[info] # VM options: -Xss64m -Xmx4g
[info] # Blackhole mode: compiler (auto-detected, use -Djmh.blackhole.autoDetect=false to disable)
[info] # Warmup: 1 iterations, 5 s each
[info] # Measurement: 1 iterations, 5 s each
[info] # Timeout: 10 min per iteration
[info] # Threads: 1 thread, will synchronize iterations
[info] # Benchmark mode: Average time, time/op
[info] # Benchmark: scalus.uplc.eval.CekJVMBenchmark.bench
[info] # Parameters: (file = multisig-sm-03.flat)
[info] # Run progress: 61.80% complete, ETA 00:05:56
[info] # Fork: 1 of 1
[info] # Warmup Iteration   1: 435.515 us/op
[info] Iteration   1: 407.874 us/op
[info] Result "scalus.uplc.eval.CekJVMBenchmark.bench":
[info]   407.874 us/op
[info] # JMH version: 1.37
[info] # VM version: JDK 21.0.12.1, OpenJDK 64-Bit Server VM, 21.0.12.1+1-1-24.04.4-Ubuntu
[info] # VM invoker: /usr/lib/jvm/java-21-openjdk-amd64/bin/java
[info] # VM options: -Xss64m -Xmx4g
[info] # Blackhole mode: compiler (auto-detected, use -Djmh.blackhole.autoDetect=false to disable)
[info] # Warmup: 1 iterations, 5 s each
[info] # Measurement: 1 iterations, 5 s each
[info] # Timeout: 10 min per iteration
[info] # Threads: 1 thread, will synchronize iterations
[info] # Benchmark mode: Average time, time/op
[info] # Benchmark: scalus.uplc.eval.CekJVMBenchmark.bench
[info] # Parameters: (file = multisig-sm-04.flat)
[info] # Run progress: 62.92% complete, ETA 00:05:46
[info] # Fork: 1 of 1
[info] # Warmup Iteration   1: 506.759 us/op
[info] Iteration   1: 418.669 us/op
[info] Result "scalus.uplc.eval.CekJVMBenchmark.bench":
[info]   418.669 us/op
[info] # JMH version: 1.37
[info] # VM version: JDK 21.0.12.1, OpenJDK 64-Bit Server VM, 21.0.12.1+1-1-24.04.4-Ubuntu
[info] # VM invoker: /usr/lib/jvm/java-21-openjdk-amd64/bin/java
[info] # VM options: -Xss64m -Xmx4g
[info] # Blackhole mode: compiler (auto-detected, use -Djmh.blackhole.autoDetect=false to disable)
[info] # Warmup: 1 iterations, 5 s each
[info] # Measurement: 1 iterations, 5 s each
[info] # Timeout: 10 min per iteration
[info] # Threads: 1 thread, will synchronize iterations
[info] # Benchmark mode: Average time, time/op
[info] # Benchmark: scalus.uplc.eval.CekJVMBenchmark.bench
[info] # Parameters: (file = multisig-sm-05.flat)
[info] # Run progress: 64.04% complete, ETA 00:05:35
[info] # Fork: 1 of 1
[info] # Warmup Iteration   1: 645.605 us/op
[info] Iteration   1: 618.104 us/op
[info] Result "scalus.uplc.eval.CekJVMBenchmark.bench":
[info]   618.104 us/op
[info] # JMH version: 1.37
[info] # VM version: JDK 21.0.12.1, OpenJDK 64-Bit Server VM, 21.0.12.1+1-1-24.04.4-Ubuntu
[info] # VM invoker: /usr/lib/jvm/java-21-openjdk-amd64/bin/java
[info] # VM options: -Xss64m -Xmx4g
[info] # Blackhole mode: compiler (auto-detected, use -Djmh.blackhole.autoDetect=false to disable)
[info] # Warmup: 1 iterations, 5 s each
[info] # Measurement: 1 iterations, 5 s each
[info] # Timeout: 10 min per iteration
[info] # Threads: 1 thread, will synchronize iterations
[info] # Benchmark mode: Average time, time/op
[info] # Benchmark: scalus.uplc.eval.CekJVMBenchmark.bench
[info] # Parameters: (file = multisig-sm-06.flat)
[info] # Run progress: 65.17% complete, ETA 00:05:25
[info] # Fork: 1 of 1
[info] # Warmup Iteration   1: 443.554 us/op
[info] Iteration   1: 422.932 us/op
[info] Result "scalus.uplc.eval.CekJVMBenchmark.bench":
[info]   422.932 us/op
[info] # JMH version: 1.37
[info] # VM version: JDK 21.0.12.1, OpenJDK 64-Bit Server VM, 21.0.12.1+1-1-24.04.4-Ubuntu
[info] # VM invoker: /usr/lib/jvm/java-21-openjdk-amd64/bin/java
[info] # VM options: -Xss64m -Xmx4g
[info] # Blackhole mode: compiler (auto-detected, use -Djmh.blackhole.autoDetect=false to disable)
[info] # Warmup: 1 iterations, 5 s each
[info] # Measurement: 1 iterations, 5 s each
[info] # Timeout: 10 min per iteration
[info] # Threads: 1 thread, will synchronize iterations
[info] # Benchmark mode: Average time, time/op
[info] # Benchmark: scalus.uplc.eval.CekJVMBenchmark.bench
[info] # Parameters: (file = multisig-sm-07.flat)
[info] # Run progress: 66.29% complete, ETA 00:05:14
[info] # Fork: 1 of 1
[info] # Warmup Iteration   1: 429.654 us/op
[info] Iteration   1: 467.352 us/op
[info] Result "scalus.uplc.eval.CekJVMBenchmark.bench":
[info]   467.352 us/op
[info] # JMH version: 1.37
[info] # VM version: JDK 21.0.12.1, OpenJDK 64-Bit Server VM, 21.0.12.1+1-1-24.04.4-Ubuntu
[info] # VM invoker: /usr/lib/jvm/java-21-openjdk-amd64/bin/java
[info] # VM options: -Xss64m -Xmx4g
[info] # Blackhole mode: compiler (auto-detected, use -Djmh.blackhole.autoDetect=false to disable)
[info] # Warmup: 1 iterations, 5 s each
[info] # Measurement: 1 iterations, 5 s each
[info] # Timeout: 10 min per iteration
[info] # Threads: 1 thread, will synchronize iterations
[info] # Benchmark mode: Average time, time/op
[info] # Benchmark: scalus.uplc.eval.CekJVMBenchmark.bench
[info] # Parameters: (file = multisig-sm-08.flat)
[info] # Run progress: 67.42% complete, ETA 00:05:04
[info] # Fork: 1 of 1
[info] # Warmup Iteration   1: 436.970 us/op
[info] Iteration   1: 418.895 us/op
[info] Result "scalus.uplc.eval.CekJVMBenchmark.bench":
[info]   418.895 us/op
[info] # JMH version: 1.37
[info] # VM version: JDK 21.0.12.1, OpenJDK 64-Bit Server VM, 21.0.12.1+1-1-24.04.4-Ubuntu
[info] # VM invoker: /usr/lib/jvm/java-21-openjdk-amd64/bin/java
[info] # VM options: -Xss64m -Xmx4g
[info] # Blackhole mode: compiler (auto-detected, use -Djmh.blackhole.autoDetect=false to disable)
[info] # Warmup: 1 iterations, 5 s each
[info] # Measurement: 1 iterations, 5 s each
[info] # Timeout: 10 min per iteration
[info] # Threads: 1 thread, will synchronize iterations
[info] # Benchmark mode: Average time, time/op
[info] # Benchmark: scalus.uplc.eval.CekJVMBenchmark.bench
[info] # Parameters: (file = multisig-sm-09.flat)
[info] # Run progress: 68.54% complete, ETA 00:04:53
[info] # Fork: 1 of 1
[info] # Warmup Iteration   1: 443.098 us/op
[info] Iteration   1: 420.006 us/op
[info] Result "scalus.uplc.eval.CekJVMBenchmark.bench":
[info]   420.006 us/op
[info] # JMH version: 1.37
[info] # VM version: JDK 21.0.12.1, OpenJDK 64-Bit Server VM, 21.0.12.1+1-1-24.04.4-Ubuntu
[info] # VM invoker: /usr/lib/jvm/java-21-openjdk-amd64/bin/java
[info] # VM options: -Xss64m -Xmx4g
[info] # Blackhole mode: compiler (auto-detected, use -Djmh.blackhole.autoDetect=false to disable)
[info] # Warmup: 1 iterations, 5 s each
[info] # Measurement: 1 iterations, 5 s each
[info] # Timeout: 10 min per iteration
[info] # Threads: 1 thread, will synchronize iterations
[info] # Benchmark mode: Average time, time/op
[info] # Benchmark: scalus.uplc.eval.CekJVMBenchmark.bench
[info] # Parameters: (file = multisig-sm-10.flat)
[info] # Run progress: 69.66% complete, ETA 00:04:43
[info] # Fork: 1 of 1
[info] # Warmup Iteration   1: 687.661 us/op
[info] Iteration   1: 620.967 us/op
[info] Result "scalus.uplc.eval.CekJVMBenchmark.bench":
[info]   620.967 us/op
[info] # JMH version: 1.37
[info] # VM version: JDK 21.0.12.1, OpenJDK 64-Bit Server VM, 21.0.12.1+1-1-24.04.4-Ubuntu
[info] # VM invoker: /usr/lib/jvm/java-21-openjdk-amd64/bin/java
[info] # VM options: -Xss64m -Xmx4g
[info] # Blackhole mode: compiler (auto-detected, use -Djmh.blackhole.autoDetect=false to disable)
[info] # Warmup: 1 iterations, 5 s each
[info] # Measurement: 1 iterations, 5 s each
[info] # Timeout: 10 min per iteration
[info] # Threads: 1 thread, will synchronize iterations
[info] # Benchmark mode: Average time, time/op
[info] # Benchmark: scalus.uplc.eval.CekJVMBenchmark.bench
[info] # Parameters: (file = ping-pong-1.flat)
[info] # Run progress: 70.79% complete, ETA 00:04:32
[info] # Fork: 1 of 1
[info] # Warmup Iteration   1: 371.590 us/op
[info] Iteration   1: 354.162 us/op
[info] Result "scalus.uplc.eval.CekJVMBenchmark.bench":
[info]   354.162 us/op
[info] # JMH version: 1.37
[info] # VM version: JDK 21.0.12.1, OpenJDK 64-Bit Server VM, 21.0.12.1+1-1-24.04.4-Ubuntu
[info] # VM invoker: /usr/lib/jvm/java-21-openjdk-amd64/bin/java
[info] # VM options: -Xss64m -Xmx4g
[info] # Blackhole mode: compiler (auto-detected, use -Djmh.blackhole.autoDetect=false to disable)
[info] # Warmup: 1 iterations, 5 s each
[info] # Measurement: 1 iterations, 5 s each
[info] # Timeout: 10 min per iteration
[info] # Threads: 1 thread, will synchronize iterations
[info] # Benchmark mode: Average time, time/op
[info] # Benchmark: scalus.uplc.eval.CekJVMBenchmark.bench
[info] # Parameters: (file = ping-pong-2.flat)
[info] # Run progress: 71.91% complete, ETA 00:04:22
[info] # Fork: 1 of 1
[info] # Warmup Iteration   1: 374.227 us/op
[info] Iteration   1: 357.518 us/op
[info] Result "scalus.uplc.eval.CekJVMBenchmark.bench":
[info]   357.518 us/op
[info] # JMH version: 1.37
[info] # VM version: JDK 21.0.12.1, OpenJDK 64-Bit Server VM, 21.0.12.1+1-1-24.04.4-Ubuntu
[info] # VM invoker: /usr/lib/jvm/java-21-openjdk-amd64/bin/java
[info] # VM options: -Xss64m -Xmx4g
[info] # Blackhole mode: compiler (auto-detected, use -Djmh.blackhole.autoDetect=false to disable)
[info] # Warmup: 1 iterations, 5 s each
[info] # Measurement: 1 iterations, 5 s each
[info] # Timeout: 10 min per iteration
[info] # Threads: 1 thread, will synchronize iterations
[info] # Benchmark mode: Average time, time/op
[info] # Benchmark: scalus.uplc.eval.CekJVMBenchmark.bench
[info] # Parameters: (file = ping-pong_2-1.flat)
[info] # Run progress: 73.03% complete, ETA 00:04:11
[info] # Fork: 1 of 1
[info] # Warmup Iteration   1: 249.577 us/op
[info] Iteration   1: 208.872 us/op
[info] Result "scalus.uplc.eval.CekJVMBenchmark.bench":
[info]   208.872 us/op
[info] # JMH version: 1.37
[info] # VM version: JDK 21.0.12.1, OpenJDK 64-Bit Server VM, 21.0.12.1+1-1-24.04.4-Ubuntu
[info] # VM invoker: /usr/lib/jvm/java-21-openjdk-amd64/bin/java
[info] # VM options: -Xss64m -Xmx4g
[info] # Blackhole mode: compiler (auto-detected, use -Djmh.blackhole.autoDetect=false to disable)
[info] # Warmup: 1 iterations, 5 s each
[info] # Measurement: 1 iterations, 5 s each
[info] # Timeout: 10 min per iteration
[info] # Threads: 1 thread, will synchronize iterations
[info] # Benchmark mode: Average time, time/op
[info] # Benchmark: scalus.uplc.eval.CekJVMBenchmark.bench
[info] # Parameters: (file = prism-1.flat)
[info] # Run progress: 74.16% complete, ETA 00:04:01
[info] # Fork: 1 of 1
[info] # Warmup Iteration   1: 167.252 us/op
[info] Iteration   1: 160.279 us/op
[info] Result "scalus.uplc.eval.CekJVMBenchmark.bench":
[info]   160.279 us/op
[info] # JMH version: 1.37
[info] # VM version: JDK 21.0.12.1, OpenJDK 64-Bit Server VM, 21.0.12.1+1-1-24.04.4-Ubuntu
[info] # VM invoker: /usr/lib/jvm/java-21-openjdk-amd64/bin/java
[info] # VM options: -Xss64m -Xmx4g
[info] # Blackhole mode: compiler (auto-detected, use -Djmh.blackhole.autoDetect=false to disable)
[info] # Warmup: 1 iterations, 5 s each
[info] # Measurement: 1 iterations, 5 s each
[info] # Timeout: 10 min per iteration
[info] # Threads: 1 thread, will synchronize iterations
[info] # Benchmark mode: Average time, time/op
[info] # Benchmark: scalus.uplc.eval.CekJVMBenchmark.bench
[info] # Parameters: (file = prism-2.flat)
[info] # Run progress: 75.28% complete, ETA 00:03:50
[info] # Fork: 1 of 1
[info] # Warmup Iteration   1: 463.743 us/op
[info] Iteration   1: 498.219 us/op
[info] Result "scalus.uplc.eval.CekJVMBenchmark.bench":
[info]   498.219 us/op
[info] # JMH version: 1.37
[info] # VM version: JDK 21.0.12.1, OpenJDK 64-Bit Server VM, 21.0.12.1+1-1-24.04.4-Ubuntu
[info] # VM invoker: /usr/lib/jvm/java-21-openjdk-amd64/bin/java
[info] # VM options: -Xss64m -Xmx4g
[info] # Blackhole mode: compiler (auto-detected, use -Djmh.blackhole.autoDetect=false to disable)
[info] # Warmup: 1 iterations, 5 s each
[info] # Measurement: 1 iterations, 5 s each
[info] # Timeout: 10 min per iteration
[info] # Threads: 1 thread, will synchronize iterations
[info] # Benchmark mode: Average time, time/op
[info] # Benchmark: scalus.uplc.eval.CekJVMBenchmark.bench
[info] # Parameters: (file = prism-3.flat)
[info] # Run progress: 76.40% complete, ETA 00:03:40
[info] # Fork: 1 of 1
[info] # Warmup Iteration   1: 401.881 us/op
[info] Iteration   1: 387.597 us/op
[info] Result "scalus.uplc.eval.CekJVMBenchmark.bench":
[info]   387.597 us/op
[info] # JMH version: 1.37
[info] # VM version: JDK 21.0.12.1, OpenJDK 64-Bit Server VM, 21.0.12.1+1-1-24.04.4-Ubuntu
[info] # VM invoker: /usr/lib/jvm/java-21-openjdk-amd64/bin/java
[info] # VM options: -Xss64m -Xmx4g
[info] # Blackhole mode: compiler (auto-detected, use -Djmh.blackhole.autoDetect=false to disable)
[info] # Warmup: 1 iterations, 5 s each
[info] # Measurement: 1 iterations, 5 s each
[info] # Timeout: 10 min per iteration
[info] # Threads: 1 thread, will synchronize iterations
[info] # Benchmark mode: Average time, time/op
[info] # Benchmark: scalus.uplc.eval.CekJVMBenchmark.bench
[info] # Parameters: (file = pubkey-1.flat)
[info] # Run progress: 77.53% complete, ETA 00:03:29
[info] # Fork: 1 of 1
[info] # Warmup Iteration   1: 141.887 us/op
[info] Iteration   1: 135.967 us/op
[info] Result "scalus.uplc.eval.CekJVMBenchmark.bench":
[info]   135.967 us/op
[info] # JMH version: 1.37
[info] # VM version: JDK 21.0.12.1, OpenJDK 64-Bit Server VM, 21.0.12.1+1-1-24.04.4-Ubuntu
[info] # VM invoker: /usr/lib/jvm/java-21-openjdk-amd64/bin/java
[info] # VM options: -Xss64m -Xmx4g
[info] # Blackhole mode: compiler (auto-detected, use -Djmh.blackhole.autoDetect=false to disable)
[info] # Warmup: 1 iterations, 5 s each
[info] # Measurement: 1 iterations, 5 s each
[info] # Timeout: 10 min per iteration
[info] # Threads: 1 thread, will synchronize iterations
[info] # Benchmark mode: Average time, time/op
[info] # Benchmark: scalus.uplc.eval.CekJVMBenchmark.bench
[info] # Parameters: (file = stablecoin_1-1.flat)
[info] # Run progress: 78.65% complete, ETA 00:03:19
[info] # Fork: 1 of 1
[info] # Warmup Iteration   1: 1080.941 us/op
[info] Iteration   1: 1026.819 us/op
[info] Result "scalus.uplc.eval.CekJVMBenchmark.bench":
[info]   1026.819 us/op
[info] # JMH version: 1.37
[info] # VM version: JDK 21.0.12.1, OpenJDK 64-Bit Server VM, 21.0.12.1+1-1-24.04.4-Ubuntu
[info] # VM invoker: /usr/lib/jvm/java-21-openjdk-amd64/bin/java
[info] # VM options: -Xss64m -Xmx4g
[info] # Blackhole mode: compiler (auto-detected, use -Djmh.blackhole.autoDetect=false to disable)
[info] # Warmup: 1 iterations, 5 s each
[info] # Measurement: 1 iterations, 5 s each
[info] # Timeout: 10 min per iteration
[info] # Threads: 1 thread, will synchronize iterations
[info] # Benchmark mode: Average time, time/op
[info] # Benchmark: scalus.uplc.eval.CekJVMBenchmark.bench
[info] # Parameters: (file = stablecoin_1-2.flat)
[info] # Run progress: 79.78% complete, ETA 00:03:08
[info] # Fork: 1 of 1
[info] # Warmup Iteration   1: 214.089 us/op
[info] Iteration   1: 194.389 us/op
[info] Result "scalus.uplc.eval.CekJVMBenchmark.bench":
[info]   194.389 us/op
[info] # JMH version: 1.37
[info] # VM version: JDK 21.0.12.1, OpenJDK 64-Bit Server VM, 21.0.12.1+1-1-24.04.4-Ubuntu
[info] # VM invoker: /usr/lib/jvm/java-21-openjdk-amd64/bin/java
[info] # VM options: -Xss64m -Xmx4g
[info] # Blackhole mode: compiler (auto-detected, use -Djmh.blackhole.autoDetect=false to disable)
[info] # Warmup: 1 iterations, 5 s each
[info] # Measurement: 1 iterations, 5 s each
[info] # Timeout: 10 min per iteration
[info] # Threads: 1 thread, will synchronize iterations
[info] # Benchmark mode: Average time, time/op
[info] # Benchmark: scalus.uplc.eval.CekJVMBenchmark.bench
[info] # Parameters: (file = stablecoin_1-3.flat)
[info] # Run progress: 80.90% complete, ETA 00:02:58
[info] # Fork: 1 of 1
[info] # Warmup Iteration   1: 1247.864 us/op
[info] Iteration   1: 1166.677 us/op
[info] Result "scalus.uplc.eval.CekJVMBenchmark.bench":
[info]   1166.677 us/op
[info] # JMH version: 1.37
[info] # VM version: JDK 21.0.12.1, OpenJDK 64-Bit Server VM, 21.0.12.1+1-1-24.04.4-Ubuntu
[info] # VM invoker: /usr/lib/jvm/java-21-openjdk-amd64/bin/java
[info] # VM options: -Xss64m -Xmx4g
[info] # Blackhole mode: compiler (auto-detected, use -Djmh.blackhole.autoDetect=false to disable)
[info] # Warmup: 1 iterations, 5 s each
[info] # Measurement: 1 iterations, 5 s each
[info] # Timeout: 10 min per iteration
[info] # Threads: 1 thread, will synchronize iterations
[info] # Benchmark mode: Average time, time/op
[info] # Benchmark: scalus.uplc.eval.CekJVMBenchmark.bench
[info] # Parameters: (file = stablecoin_1-4.flat)
[info] # Run progress: 82.02% complete, ETA 00:02:47
[info] # Fork: 1 of 1
[info] # Warmup Iteration   1: 238.776 us/op
[info] Iteration   1: 200.374 us/op
[info] Result "scalus.uplc.eval.CekJVMBenchmark.bench":
[info]   200.374 us/op
[info] # JMH version: 1.37
[info] # VM version: JDK 21.0.12.1, OpenJDK 64-Bit Server VM, 21.0.12.1+1-1-24.04.4-Ubuntu
[info] # VM invoker: /usr/lib/jvm/java-21-openjdk-amd64/bin/java
[info] # VM options: -Xss64m -Xmx4g
[info] # Blackhole mode: compiler (auto-detected, use -Djmh.blackhole.autoDetect=false to disable)
[info] # Warmup: 1 iterations, 5 s each
[info] # Measurement: 1 iterations, 5 s each
[info] # Timeout: 10 min per iteration
[info] # Threads: 1 thread, will synchronize iterations
[info] # Benchmark mode: Average time, time/op
[info] # Benchmark: scalus.uplc.eval.CekJVMBenchmark.bench
[info] # Parameters: (file = stablecoin_1-5.flat)
[info] # Run progress: 83.15% complete, ETA 00:02:37
[info] # Fork: 1 of 1
[info] # Warmup Iteration   1: 1535.489 us/op
[info] Iteration   1: 1438.794 us/op
[info] Result "scalus.uplc.eval.CekJVMBenchmark.bench":
[info]   1438.794 us/op
[info] # JMH version: 1.37
[info] # VM version: JDK 21.0.12.1, OpenJDK 64-Bit Server VM, 21.0.12.1+1-1-24.04.4-Ubuntu
[info] # VM invoker: /usr/lib/jvm/java-21-openjdk-amd64/bin/java
[info] # VM options: -Xss64m -Xmx4g
[info] # Blackhole mode: compiler (auto-detected, use -Djmh.blackhole.autoDetect=false to disable)
[info] # Warmup: 1 iterations, 5 s each
[info] # Measurement: 1 iterations, 5 s each
[info] # Timeout: 10 min per iteration
[info] # Threads: 1 thread, will synchronize iterations
[info] # Benchmark mode: Average time, time/op
[info] # Benchmark: scalus.uplc.eval.CekJVMBenchmark.bench
[info] # Parameters: (file = stablecoin_1-6.flat)
[info] # Run progress: 84.27% complete, ETA 00:02:26
[info] # Fork: 1 of 1
[info] # Warmup Iteration   1: 260.204 us/op
[info] Iteration   1: 249.729 us/op
[info] Result "scalus.uplc.eval.CekJVMBenchmark.bench":
[info]   249.729 us/op
[info] # JMH version: 1.37
[info] # VM version: JDK 21.0.12.1, OpenJDK 64-Bit Server VM, 21.0.12.1+1-1-24.04.4-Ubuntu
[info] # VM invoker: /usr/lib/jvm/java-21-openjdk-amd64/bin/java
[info] # VM options: -Xss64m -Xmx4g
[info] # Blackhole mode: compiler (auto-detected, use -Djmh.blackhole.autoDetect=false to disable)
[info] # Warmup: 1 iterations, 5 s each
[info] # Measurement: 1 iterations, 5 s each
[info] # Timeout: 10 min per iteration
[info] # Threads: 1 thread, will synchronize iterations
[info] # Benchmark mode: Average time, time/op
[info] # Benchmark: scalus.uplc.eval.CekJVMBenchmark.bench
[info] # Parameters: (file = stablecoin_2-1.flat)
[info] # Run progress: 85.39% complete, ETA 00:02:16
[info] # Fork: 1 of 1
[info] # Warmup Iteration   1: 1080.025 us/op
[info] Iteration   1: 1130.253 us/op
[info] Result "scalus.uplc.eval.CekJVMBenchmark.bench":
[info]   1130.253 us/op
[info] # JMH version: 1.37
[info] # VM version: JDK 21.0.12.1, OpenJDK 64-Bit Server VM, 21.0.12.1+1-1-24.04.4-Ubuntu
[info] # VM invoker: /usr/lib/jvm/java-21-openjdk-amd64/bin/java
[info] # VM options: -Xss64m -Xmx4g
[info] # Blackhole mode: compiler (auto-detected, use -Djmh.blackhole.autoDetect=false to disable)
[info] # Warmup: 1 iterations, 5 s each
[info] # Measurement: 1 iterations, 5 s each
[info] # Timeout: 10 min per iteration
[info] # Threads: 1 thread, will synchronize iterations
[info] # Benchmark mode: Average time, time/op
[info] # Benchmark: scalus.uplc.eval.CekJVMBenchmark.bench
[info] # Parameters: (file = stablecoin_2-2.flat)
[info] # Run progress: 86.52% complete, ETA 00:02:05
[info] # Fork: 1 of 1
[info] # Warmup Iteration   1: 199.907 us/op
[info] Iteration   1: 190.128 us/op
[info] Result "scalus.uplc.eval.CekJVMBenchmark.bench":
[info]   190.128 us/op
[info] # JMH version: 1.37
[info] # VM version: JDK 21.0.12.1, OpenJDK 64-Bit Server VM, 21.0.12.1+1-1-24.04.4-Ubuntu
[info] # VM invoker: /usr/lib/jvm/java-21-openjdk-amd64/bin/java
[info] # VM options: -Xss64m -Xmx4g
[info] # Blackhole mode: compiler (auto-detected, use -Djmh.blackhole.autoDetect=false to disable)
[info] # Warmup: 1 iterations, 5 s each
[info] # Measurement: 1 iterations, 5 s each
[info] # Timeout: 10 min per iteration
[info] # Threads: 1 thread, will synchronize iterations
[info] # Benchmark mode: Average time, time/op
[info] # Benchmark: scalus.uplc.eval.CekJVMBenchmark.bench
[info] # Parameters: (file = stablecoin_2-3.flat)
[info] # Run progress: 87.64% complete, ETA 00:01:55
[info] # Fork: 1 of 1
[info] # Warmup Iteration   1: 1252.996 us/op
[info] Iteration   1: 1170.121 us/op
[info] Result "scalus.uplc.eval.CekJVMBenchmark.bench":
[info]   1170.121 us/op
[info] # JMH version: 1.37
[info] # VM version: JDK 21.0.12.1, OpenJDK 64-Bit Server VM, 21.0.12.1+1-1-24.04.4-Ubuntu
[info] # VM invoker: /usr/lib/jvm/java-21-openjdk-amd64/bin/java
[info] # VM options: -Xss64m -Xmx4g
[info] # Blackhole mode: compiler (auto-detected, use -Djmh.blackhole.autoDetect=false to disable)
[info] # Warmup: 1 iterations, 5 s each
[info] # Measurement: 1 iterations, 5 s each
[info] # Timeout: 10 min per iteration
[info] # Threads: 1 thread, will synchronize iterations
[info] # Benchmark mode: Average time, time/op
[info] # Benchmark: scalus.uplc.eval.CekJVMBenchmark.bench
[info] # Parameters: (file = stablecoin_2-4.flat)
[info] # Run progress: 88.76% complete, ETA 00:01:44
[info] # Fork: 1 of 1
[info] # Warmup Iteration   1: 237.138 us/op
[info] Iteration   1: 198.679 us/op
[info] Result "scalus.uplc.eval.CekJVMBenchmark.bench":
[info]   198.679 us/op
[info] # JMH version: 1.37
[info] # VM version: JDK 21.0.12.1, OpenJDK 64-Bit Server VM, 21.0.12.1+1-1-24.04.4-Ubuntu
[info] # VM invoker: /usr/lib/jvm/java-21-openjdk-amd64/bin/java
[info] # VM options: -Xss64m -Xmx4g
[info] # Blackhole mode: compiler (auto-detected, use -Djmh.blackhole.autoDetect=false to disable)
[info] # Warmup: 1 iterations, 5 s each
[info] # Measurement: 1 iterations, 5 s each
[info] # Timeout: 10 min per iteration
[info] # Threads: 1 thread, will synchronize iterations
[info] # Benchmark mode: Average time, time/op
[info] # Benchmark: scalus.uplc.eval.CekJVMBenchmark.bench
[info] # Parameters: (file = token-account-1.flat)
[info] # Run progress: 89.89% complete, ETA 00:01:34
[info] # Fork: 1 of 1
[info] # Warmup Iteration   1: 204.292 us/op
[info] Iteration   1: 194.753 us/op
[info] Result "scalus.uplc.eval.CekJVMBenchmark.bench":
[info]   194.753 us/op
[info] # JMH version: 1.37
[info] # VM version: JDK 21.0.12.1, OpenJDK 64-Bit Server VM, 21.0.12.1+1-1-24.04.4-Ubuntu
[info] # VM invoker: /usr/lib/jvm/java-21-openjdk-amd64/bin/java
[info] # VM options: -Xss64m -Xmx4g
[info] # Blackhole mode: compiler (auto-detected, use -Djmh.blackhole.autoDetect=false to disable)
[info] # Warmup: 1 iterations, 5 s each
[info] # Measurement: 1 iterations, 5 s each
[info] # Timeout: 10 min per iteration
[info] # Threads: 1 thread, will synchronize iterations
[info] # Benchmark mode: Average time, time/op
[info] # Benchmark: scalus.uplc.eval.CekJVMBenchmark.bench
[info] # Parameters: (file = token-account-2.flat)
[info] # Run progress: 91.01% complete, ETA 00:01:23
[info] # Fork: 1 of 1
[info] # Warmup Iteration   1: 352.726 us/op
[info] Iteration   1: 340.700 us/op
[info] Result "scalus.uplc.eval.CekJVMBenchmark.bench":
[info]   340.700 us/op
[info] # JMH version: 1.37
[info] # VM version: JDK 21.0.12.1, OpenJDK 64-Bit Server VM, 21.0.12.1+1-1-24.04.4-Ubuntu
[info] # VM invoker: /usr/lib/jvm/java-21-openjdk-amd64/bin/java
[info] # VM options: -Xss64m -Xmx4g
[info] # Blackhole mode: compiler (auto-detected, use -Djmh.blackhole.autoDetect=false to disable)
[info] # Warmup: 1 iterations, 5 s each
[info] # Measurement: 1 iterations, 5 s each
[info] # Timeout: 10 min per iteration
[info] # Threads: 1 thread, will synchronize iterations
[info] # Benchmark mode: Average time, time/op
[info] # Benchmark: scalus.uplc.eval.CekJVMBenchmark.bench
[info] # Parameters: (file = uniswap-1.flat)
[info] # Run progress: 92.13% complete, ETA 00:01:13
[info] # Fork: 1 of 1
[info] # Warmup Iteration   1: 483.781 us/op
[info] Iteration   1: 472.056 us/op
[info] Result "scalus.uplc.eval.CekJVMBenchmark.bench":
[info]   472.056 us/op
[info] # JMH version: 1.37
[info] # VM version: JDK 21.0.12.1, OpenJDK 64-Bit Server VM, 21.0.12.1+1-1-24.04.4-Ubuntu
[info] # VM invoker: /usr/lib/jvm/java-21-openjdk-amd64/bin/java
[info] # VM options: -Xss64m -Xmx4g
[info] # Blackhole mode: compiler (auto-detected, use -Djmh.blackhole.autoDetect=false to disable)
[info] # Warmup: 1 iterations, 5 s each
[info] # Measurement: 1 iterations, 5 s each
[info] # Timeout: 10 min per iteration
[info] # Threads: 1 thread, will synchronize iterations
[info] # Benchmark mode: Average time, time/op
[info] # Benchmark: scalus.uplc.eval.CekJVMBenchmark.bench
[info] # Parameters: (file = uniswap-2.flat)
[info] # Run progress: 93.26% complete, ETA 00:01:02
[info] # Fork: 1 of 1
[info] # Warmup Iteration   1: 239.759 us/op
[info] Iteration   1: 231.124 us/op
[info] Result "scalus.uplc.eval.CekJVMBenchmark.bench":
[info]   231.124 us/op
[info] # JMH version: 1.37
[info] # VM version: JDK 21.0.12.1, OpenJDK 64-Bit Server VM, 21.0.12.1+1-1-24.04.4-Ubuntu
[info] # VM invoker: /usr/lib/jvm/java-21-openjdk-amd64/bin/java
[info] # VM options: -Xss64m -Xmx4g
[info] # Blackhole mode: compiler (auto-detected, use -Djmh.blackhole.autoDetect=false to disable)
[info] # Warmup: 1 iterations, 5 s each
[info] # Measurement: 1 iterations, 5 s each
[info] # Timeout: 10 min per iteration
[info] # Threads: 1 thread, will synchronize iterations
[info] # Benchmark mode: Average time, time/op
[info] # Benchmark: scalus.uplc.eval.CekJVMBenchmark.bench
[info] # Parameters: (file = uniswap-3.flat)
[info] # Run progress: 94.38% complete, ETA 00:00:52
[info] # Fork: 1 of 1
[info] # Warmup Iteration   1: 1862.379 us/op
[info] Iteration   1: 1976.850 us/op
[info] Result "scalus.uplc.eval.CekJVMBenchmark.bench":
[info]   1976.850 us/op
[info] # JMH version: 1.37
[info] # VM version: JDK 21.0.12.1, OpenJDK 64-Bit Server VM, 21.0.12.1+1-1-24.04.4-Ubuntu
[info] # VM invoker: /usr/lib/jvm/java-21-openjdk-amd64/bin/java
[info] # VM options: -Xss64m -Xmx4g
[info] # Blackhole mode: compiler (auto-detected, use -Djmh.blackhole.autoDetect=false to disable)
[info] # Warmup: 1 iterations, 5 s each
[info] # Measurement: 1 iterations, 5 s each
[info] # Timeout: 10 min per iteration
[info] # Threads: 1 thread, will synchronize iterations
[info] # Benchmark mode: Average time, time/op
[info] # Benchmark: scalus.uplc.eval.CekJVMBenchmark.bench
[info] # Parameters: (file = uniswap-4.flat)
[info] # Run progress: 95.51% complete, ETA 00:00:41
[info] # Fork: 1 of 1
[info] # Warmup Iteration   1: 337.167 us/op
[info] Iteration   1: 325.383 us/op
[info] Result "scalus.uplc.eval.CekJVMBenchmark.bench":
[info]   325.383 us/op
[info] # JMH version: 1.37
[info] # VM version: JDK 21.0.12.1, OpenJDK 64-Bit Server VM, 21.0.12.1+1-1-24.04.4-Ubuntu
[info] # VM invoker: /usr/lib/jvm/java-21-openjdk-amd64/bin/java
[info] # VM options: -Xss64m -Xmx4g
[info] # Blackhole mode: compiler (auto-detected, use -Djmh.blackhole.autoDetect=false to disable)
[info] # Warmup: 1 iterations, 5 s each
[info] # Measurement: 1 iterations, 5 s each
[info] # Timeout: 10 min per iteration
[info] # Threads: 1 thread, will synchronize iterations
[info] # Benchmark mode: Average time, time/op
[info] # Benchmark: scalus.uplc.eval.CekJVMBenchmark.bench
[info] # Parameters: (file = uniswap-5.flat)
[info] # Run progress: 96.63% complete, ETA 00:00:31
[info] # Fork: 1 of 1
[info] # Warmup Iteration   1: 1219.476 us/op
[info] Iteration   1: 1158.259 us/op
[info] Result "scalus.uplc.eval.CekJVMBenchmark.bench":
[info]   1158.259 us/op
[info] # JMH version: 1.37
[info] # VM version: JDK 21.0.12.1, OpenJDK 64-Bit Server VM, 21.0.12.1+1-1-24.04.4-Ubuntu
[info] # VM invoker: /usr/lib/jvm/java-21-openjdk-amd64/bin/java
[info] # VM options: -Xss64m -Xmx4g
[info] # Blackhole mode: compiler (auto-detected, use -Djmh.blackhole.autoDetect=false to disable)
[info] # Warmup: 1 iterations, 5 s each
[info] # Measurement: 1 iterations, 5 s each
[info] # Timeout: 10 min per iteration
[info] # Threads: 1 thread, will synchronize iterations
[info] # Benchmark mode: Average time, time/op
[info] # Benchmark: scalus.uplc.eval.CekJVMBenchmark.bench
[info] # Parameters: (file = uniswap-6.flat)
[info] # Run progress: 97.75% complete, ETA 00:00:20
[info] # Fork: 1 of 1
[info] # Warmup Iteration   1: 321.173 us/op
[info] Iteration   1: 305.926 us/op
[info] Result "scalus.uplc.eval.CekJVMBenchmark.bench":
[info]   305.926 us/op
[info] # JMH version: 1.37
[info] # VM version: JDK 21.0.12.1, OpenJDK 64-Bit Server VM, 21.0.12.1+1-1-24.04.4-Ubuntu
[info] # VM invoker: /usr/lib/jvm/java-21-openjdk-amd64/bin/java
[info] # VM options: -Xss64m -Xmx4g
[info] # Blackhole mode: compiler (auto-detected, use -Djmh.blackhole.autoDetect=false to disable)
[info] # Warmup: 1 iterations, 5 s each
[info] # Measurement: 1 iterations, 5 s each
[info] # Timeout: 10 min per iteration
[info] # Threads: 1 thread, will synchronize iterations
[info] # Benchmark mode: Average time, time/op
[info] # Benchmark: scalus.uplc.eval.CekJVMBenchmark.bench
[info] # Parameters: (file = vesting-1.flat)
[info] # Run progress: 98.88% complete, ETA 00:00:10
[info] # Fork: 1 of 1
[info] # Warmup Iteration   1: 444.518 us/op
[info] Iteration   1: 371.259 us/op
[info] Result "scalus.uplc.eval.CekJVMBenchmark.bench":
[info]   371.259 us/op
[info] # Run complete. Total time: 00:15:33
[info] REMEMBER: The numbers below are just data. To gain reusable insights, you need to follow up on
[info] why the numbers are the way they are. Use profilers (see -prof, -lprof), design factorial
[info] experiments, perform baseline and negative tests that provide experimental control, make sure
[info] the benchmarking environment is safe on JVM/OS/HW level, ask for reviews from the domain experts.
[info] Do not assume the numbers tell you what you want them to tell.
[info] NOTE: Current JVM experimentally supports Compiler Blackholes, and they are in use. Please exercise
[info] extra caution when trusting the results, look into the generated code to check the benchmark still
[info] works, and factor in a small probability of new VM bugs. Additionally, while comparisons between
[info] different JVMs are already problematic, the performance difference caused by different Blackhole
[info] modes can be very significant. Please make sure you use the consistent Blackhole mode for comparisons.
[info] Benchmark                                     (file)  Mode  Cnt     Score   Error  Units
[info] CekJVMBenchmark.bench               auction_1-1.flat  avgt        176.202          us/op
[info] CekJVMBenchmark.bench               auction_1-2.flat  avgt        740.255          us/op
[info] CekJVMBenchmark.bench               auction_1-3.flat  avgt        726.837          us/op
[info] CekJVMBenchmark.bench               auction_1-4.flat  avgt        219.265          us/op
[info] CekJVMBenchmark.bench               auction_2-1.flat  avgt        198.531          us/op
[info] CekJVMBenchmark.bench               auction_2-2.flat  avgt        719.955          us/op
[info] CekJVMBenchmark.bench               auction_2-3.flat  avgt        949.341          us/op
[info] CekJVMBenchmark.bench               auction_2-4.flat  avgt        718.778          us/op
[info] CekJVMBenchmark.bench               auction_2-5.flat  avgt        214.593          us/op
[info] CekJVMBenchmark.bench                    coop-1.flat  avgt        219.120          us/op
[info] CekJVMBenchmark.bench                    coop-2.flat  avgt        753.000          us/op
[info] CekJVMBenchmark.bench                    coop-3.flat  avgt       2515.324          us/op
[info] CekJVMBenchmark.bench                    coop-4.flat  avgt        935.683          us/op
[info] CekJVMBenchmark.bench                    coop-5.flat  avgt        443.502          us/op
[info] CekJVMBenchmark.bench                    coop-6.flat  avgt        656.261          us/op
[info] CekJVMBenchmark.bench                    coop-7.flat  avgt        292.259          us/op
[info] CekJVMBenchmark.bench    crowdfunding-success-1.flat  avgt        199.967          us/op
[info] CekJVMBenchmark.bench    crowdfunding-success-2.flat  avgt        201.312          us/op
[info] CekJVMBenchmark.bench    crowdfunding-success-3.flat  avgt        203.067          us/op
[info] CekJVMBenchmark.bench                currency-1.flat  avgt        260.373          us/op
[info] CekJVMBenchmark.bench         escrow-redeem_1-1.flat  avgt        357.835          us/op
[info] CekJVMBenchmark.bench         escrow-redeem_1-2.flat  avgt        408.952          us/op
[info] CekJVMBenchmark.bench         escrow-redeem_2-1.flat  avgt        418.135          us/op
[info] CekJVMBenchmark.bench         escrow-redeem_2-2.flat  avgt        418.568          us/op
[info] CekJVMBenchmark.bench         escrow-redeem_2-3.flat  avgt        416.858          us/op
[info] CekJVMBenchmark.bench           escrow-refund-1.flat  avgt        149.638          us/op
[info] CekJVMBenchmark.bench  future-increase-margin-1.flat  avgt        258.503          us/op
[info] CekJVMBenchmark.bench  future-increase-margin-2.flat  avgt        644.607          us/op
[info] CekJVMBenchmark.bench  future-increase-margin-3.flat  avgt        571.301          us/op
[info] CekJVMBenchmark.bench  future-increase-margin-4.flat  avgt        534.403          us/op
[info] CekJVMBenchmark.bench  future-increase-margin-5.flat  avgt        964.248          us/op
[info] CekJVMBenchmark.bench          future-pay-out-1.flat  avgt        259.854          us/op
[info] CekJVMBenchmark.bench          future-pay-out-2.flat  avgt        573.386          us/op
[info] CekJVMBenchmark.bench          future-pay-out-3.flat  avgt        572.779          us/op
[info] CekJVMBenchmark.bench          future-pay-out-4.flat  avgt        919.188          us/op
[info] CekJVMBenchmark.bench     future-settle-early-1.flat  avgt        268.008          us/op
[info] CekJVMBenchmark.bench     future-settle-early-2.flat  avgt        648.209          us/op
[info] CekJVMBenchmark.bench     future-settle-early-3.flat  avgt        573.893          us/op
[info] CekJVMBenchmark.bench     future-settle-early-4.flat  avgt        676.858          us/op
[info] CekJVMBenchmark.bench       game-sm-success_1-1.flat  avgt        402.722          us/op
[info] CekJVMBenchmark.bench       game-sm-success_1-2.flat  avgt        192.646          us/op
[info] CekJVMBenchmark.bench       game-sm-success_1-3.flat  avgt        691.238          us/op
[info] CekJVMBenchmark.bench       game-sm-success_1-4.flat  avgt        234.635          us/op
[info] CekJVMBenchmark.bench       game-sm-success_2-1.flat  avgt        409.765          us/op
[info] CekJVMBenchmark.bench       game-sm-success_2-2.flat  avgt        220.312          us/op
[info] CekJVMBenchmark.bench       game-sm-success_2-3.flat  avgt        681.335          us/op
[info] CekJVMBenchmark.bench       game-sm-success_2-4.flat  avgt        226.717          us/op
[info] CekJVMBenchmark.bench       game-sm-success_2-5.flat  avgt        691.511          us/op
[info] CekJVMBenchmark.bench       game-sm-success_2-6.flat  avgt        224.588          us/op
[info] CekJVMBenchmark.bench    guardrail-sorted-large.flat  avgt        437.017          us/op
[info] CekJVMBenchmark.bench    guardrail-sorted-small.flat  avgt         74.090          us/op
[info] CekJVMBenchmark.bench  guardrail-unsorted-large.flat  avgt        643.895          us/op
[info] CekJVMBenchmark.bench  guardrail-unsorted-small.flat  avgt         68.353          us/op
[info] CekJVMBenchmark.bench            multisig-sm-01.flat  avgt        478.210          us/op
[info] CekJVMBenchmark.bench            multisig-sm-02.flat  avgt        406.136          us/op
[info] CekJVMBenchmark.bench            multisig-sm-03.flat  avgt        407.874          us/op
[info] CekJVMBenchmark.bench            multisig-sm-04.flat  avgt        418.669          us/op
[info] CekJVMBenchmark.bench            multisig-sm-05.flat  avgt        618.104          us/op
[info] CekJVMBenchmark.bench            multisig-sm-06.flat  avgt        422.932          us/op
[info] CekJVMBenchmark.bench            multisig-sm-07.flat  avgt        467.352          us/op
[info] CekJVMBenchmark.bench            multisig-sm-08.flat  avgt        418.895          us/op
[info] CekJVMBenchmark.bench            multisig-sm-09.flat  avgt        420.006          us/op
[info] CekJVMBenchmark.bench            multisig-sm-10.flat  avgt        620.967          us/op
[info] CekJVMBenchmark.bench               ping-pong-1.flat  avgt        354.162          us/op
[info] CekJVMBenchmark.bench               ping-pong-2.flat  avgt        357.518          us/op
[info] CekJVMBenchmark.bench             ping-pong_2-1.flat  avgt        208.872          us/op
[info] CekJVMBenchmark.bench                   prism-1.flat  avgt        160.279          us/op
[info] CekJVMBenchmark.bench                   prism-2.flat  avgt        498.219          us/op
[info] CekJVMBenchmark.bench                   prism-3.flat  avgt        387.597          us/op
[info] CekJVMBenchmark.bench                  pubkey-1.flat  avgt        135.967          us/op
[info] CekJVMBenchmark.bench            stablecoin_1-1.flat  avgt       1026.819          us/op
[info] CekJVMBenchmark.bench            stablecoin_1-2.flat  avgt        194.389          us/op
[info] CekJVMBenchmark.bench            stablecoin_1-3.flat  avgt       1166.677          us/op
[info] CekJVMBenchmark.bench            stablecoin_1-4.flat  avgt        200.374          us/op
[info] CekJVMBenchmark.bench            stablecoin_1-5.flat  avgt       1438.794          us/op
[info] CekJVMBenchmark.bench            stablecoin_1-6.flat  avgt        249.729          us/op
[info] CekJVMBenchmark.bench            stablecoin_2-1.flat  avgt       1130.253          us/op
[info] CekJVMBenchmark.bench            stablecoin_2-2.flat  avgt        190.128          us/op
[info] CekJVMBenchmark.bench            stablecoin_2-3.flat  avgt       1170.121          us/op
[info] CekJVMBenchmark.bench            stablecoin_2-4.flat  avgt        198.679          us/op
[info] CekJVMBenchmark.bench           token-account-1.flat  avgt        194.753          us/op
[info] CekJVMBenchmark.bench           token-account-2.flat  avgt        340.700          us/op
[info] CekJVMBenchmark.bench                 uniswap-1.flat  avgt        472.056          us/op
[info] CekJVMBenchmark.bench                 uniswap-2.flat  avgt        231.124          us/op
[info] CekJVMBenchmark.bench                 uniswap-3.flat  avgt       1976.850          us/op
[info] CekJVMBenchmark.bench                 uniswap-4.flat  avgt        325.383          us/op
[info] CekJVMBenchmark.bench                 uniswap-5.flat  avgt       1158.259          us/op
[info] CekJVMBenchmark.bench                 uniswap-6.flat  avgt        305.926          us/op
[info] CekJVMBenchmark.bench                 vesting-1.flat  avgt        371.259          us/op
[info] Benchmark result is saved to /results/2026-10-08/scalus-cek-jmh.csv
[success] Total time: 996 s (0:16:36.0), completed Oct 8, 2026, 4:15:31 AM
