Gnuplot not found, using plotters backend
>>> Benchmarking in BYTECODE mode (AOT compiled)
Benchmarking auction_1-1
Benchmarking auction_1-1: Warming up for 3.0000 s
Benchmarking auction_1-1: Collecting 100 samples in estimated 10.108 s (101k iterations)
Benchmarking auction_1-1: Analyzing
auction_1-1             time:   [84.258 µs 84.370 µs 84.504 µs]
Found 5 outliers among 100 measurements (5.00%)
  3 (3.00%) high mild
  2 (2.00%) high severe

Benchmarking auction_1-2
Benchmarking auction_1-2: Warming up for 3.0000 s
Benchmarking auction_1-2: Collecting 100 samples in estimated 10.639 s (35k iterations)
Benchmarking auction_1-2: Analyzing
auction_1-2             time:   [300.07 µs 300.69 µs 301.30 µs]
Found 11 outliers among 100 measurements (11.00%)
  4 (4.00%) low mild
  2 (2.00%) high mild
  5 (5.00%) high severe

Benchmarking auction_1-3
Benchmarking auction_1-3: Warming up for 3.0000 s
Benchmarking auction_1-3: Collecting 100 samples in estimated 10.557 s (35k iterations)
Benchmarking auction_1-3: Analyzing
auction_1-3             time:   [304.70 µs 310.56 µs 317.86 µs]
Found 17 outliers among 100 measurements (17.00%)
  2 (2.00%) high mild
  15 (15.00%) high severe

Benchmarking auction_1-4
Benchmarking auction_1-4: Warming up for 3.0000 s
Benchmarking auction_1-4: Collecting 100 samples in estimated 10.321 s (91k iterations)
Benchmarking auction_1-4: Analyzing
auction_1-4             time:   [113.25 µs 113.35 µs 113.46 µs]
Found 10 outliers among 100 measurements (10.00%)
  4 (4.00%) high mild
  6 (6.00%) high severe

Benchmarking auction_2-1
Benchmarking auction_2-1: Warming up for 3.0000 s
Benchmarking auction_2-1: Collecting 100 samples in estimated 10.430 s (101k iterations)
Benchmarking auction_2-1: Analyzing
auction_2-1             time:   [88.252 µs 88.367 µs 88.490 µs]
Found 6 outliers among 100 measurements (6.00%)
  4 (4.00%) high mild
  2 (2.00%) high severe

Benchmarking auction_2-2
Benchmarking auction_2-2: Warming up for 3.0000 s
Benchmarking auction_2-2: Collecting 100 samples in estimated 10.511 s (35k iterations)
Benchmarking auction_2-2: Analyzing
auction_2-2             time:   [296.53 µs 296.96 µs 297.42 µs]
Found 3 outliers among 100 measurements (3.00%)
  2 (2.00%) high mild
  1 (1.00%) high severe

Benchmarking auction_2-3
Benchmarking auction_2-3: Warming up for 3.0000 s
Benchmarking auction_2-3: Collecting 100 samples in estimated 11.867 s (30k iterations)
Benchmarking auction_2-3: Analyzing
auction_2-3             time:   [400.31 µs 409.48 µs 420.27 µs]
Found 11 outliers among 100 measurements (11.00%)
  1 (1.00%) high mild
  10 (10.00%) high severe

Benchmarking auction_2-4
Benchmarking auction_2-4: Warming up for 3.0000 s
Benchmarking auction_2-4: Collecting 100 samples in estimated 10.508 s (35k iterations)
Benchmarking auction_2-4: Analyzing
auction_2-4             time:   [297.08 µs 297.60 µs 298.11 µs]
Found 4 outliers among 100 measurements (4.00%)
  4 (4.00%) high mild

Benchmarking auction_2-5
Benchmarking auction_2-5: Warming up for 3.0000 s
Benchmarking auction_2-5: Collecting 100 samples in estimated 10.251 s (81k iterations)
Benchmarking auction_2-5: Analyzing
auction_2-5             time:   [111.35 µs 111.47 µs 111.59 µs]
Found 6 outliers among 100 measurements (6.00%)
  3 (3.00%) low mild
  1 (1.00%) high mild
  2 (2.00%) high severe

Benchmarking coop-1
Benchmarking coop-1: Warming up for 3.0000 s
Benchmarking coop-1: Collecting 100 samples in estimated 10.065 s (91k iterations)
Benchmarking coop-1: Analyzing
coop-1                  time:   [109.85 µs 110.01 µs 110.17 µs]
Found 9 outliers among 100 measurements (9.00%)
  1 (1.00%) low severe
  1 (1.00%) low mild
  3 (3.00%) high mild
  4 (4.00%) high severe

Benchmarking coop-2
Benchmarking coop-2: Warming up for 3.0000 s
Benchmarking coop-2: Collecting 100 samples in estimated 10.339 s (30k iterations)
Benchmarking coop-2: Analyzing
coop-2                  time:   [351.37 µs 359.31 µs 368.82 µs]
Found 16 outliers among 100 measurements (16.00%)
  2 (2.00%) high mild
  14 (14.00%) high severe

Benchmarking coop-3
Benchmarking coop-3: Warming up for 3.0000 s
Benchmarking coop-3: Collecting 100 samples in estimated 11.510 s (10k iterations)
Benchmarking coop-3: Analyzing
coop-3                  time:   [1.1359 ms 1.1379 ms 1.1401 ms]
Found 12 outliers among 100 measurements (12.00%)
  4 (4.00%) low severe
  4 (4.00%) low mild
  4 (4.00%) high mild

Benchmarking coop-4
Benchmarking coop-4: Warming up for 3.0000 s
Benchmarking coop-4: Collecting 100 samples in estimated 10.259 s (20k iterations)
Benchmarking coop-4: Analyzing
coop-4                  time:   [447.31 µs 448.60 µs 449.90 µs]
Found 5 outliers among 100 measurements (5.00%)
  1 (1.00%) low mild
  2 (2.00%) high mild
  2 (2.00%) high severe

Benchmarking coop-5
Benchmarking coop-5: Warming up for 3.0000 s
Benchmarking coop-5: Collecting 100 samples in estimated 10.161 s (50k iterations)
Benchmarking coop-5: Analyzing
coop-5                  time:   [201.18 µs 201.47 µs 201.78 µs]
Found 8 outliers among 100 measurements (8.00%)
  5 (5.00%) high mild
  3 (3.00%) high severe

Benchmarking coop-6
Benchmarking coop-6: Warming up for 3.0000 s
Benchmarking coop-6: Collecting 100 samples in estimated 11.399 s (35k iterations)
Benchmarking coop-6: Analyzing
coop-6                  time:   [327.91 µs 334.81 µs 343.19 µs]
Found 12 outliers among 100 measurements (12.00%)
  12 (12.00%) high severe

Benchmarking coop-7
Benchmarking coop-7: Warming up for 3.0000 s
Benchmarking coop-7: Collecting 100 samples in estimated 10.765 s (71k iterations)
Benchmarking coop-7: Analyzing
coop-7                  time:   [152.21 µs 152.47 µs 152.73 µs]
Found 4 outliers among 100 measurements (4.00%)
  3 (3.00%) high mild
  1 (1.00%) high severe

Benchmarking crowdfunding-success-1
Benchmarking crowdfunding-success-1: Warming up for 3.0000 s
Benchmarking crowdfunding-success-1: Collecting 100 samples in estimated 10.462 s (91k iterations)
Benchmarking crowdfunding-success-1: Analyzing
crowdfunding-success-1  time:   [102.59 µs 102.73 µs 102.88 µs]
Found 6 outliers among 100 measurements (6.00%)
  2 (2.00%) low mild
  2 (2.00%) high mild
  2 (2.00%) high severe

Benchmarking crowdfunding-success-2
Benchmarking crowdfunding-success-2: Warming up for 3.0000 s
Benchmarking crowdfunding-success-2: Collecting 100 samples in estimated 10.352 s (101k iterations)
Benchmarking crowdfunding-success-2: Analyzing
crowdfunding-success-2  time:   [102.41 µs 102.53 µs 102.65 µs]
Found 3 outliers among 100 measurements (3.00%)
  1 (1.00%) low mild
  1 (1.00%) high mild
  1 (1.00%) high severe

Benchmarking crowdfunding-success-3
Benchmarking crowdfunding-success-3: Warming up for 3.0000 s
Benchmarking crowdfunding-success-3: Collecting 100 samples in estimated 10.336 s (101k iterations)
Benchmarking crowdfunding-success-3: Analyzing
crowdfunding-success-3  time:   [104.74 µs 107.56 µs 110.82 µs]
Found 15 outliers among 100 measurements (15.00%)
  1 (1.00%) low mild
  2 (2.00%) high mild
  12 (12.00%) high severe

Benchmarking currency-1
Benchmarking currency-1: Warming up for 3.0000 s
Benchmarking currency-1: Collecting 100 samples in estimated 10.495 s (86k iterations)
Benchmarking currency-1: Analyzing
currency-1              time:   [122.91 µs 123.29 µs 123.67 µs]

Benchmarking escrow-redeem_1-1
Benchmarking escrow-redeem_1-1: Warming up for 3.0000 s
Benchmarking escrow-redeem_1-1: Collecting 100 samples in estimated 10.115 s (56k iterations)
Benchmarking escrow-redeem_1-1: Analyzing
escrow-redeem_1-1       time:   [165.75 µs 165.99 µs 166.24 µs]
Found 3 outliers among 100 measurements (3.00%)
  1 (1.00%) low mild
  1 (1.00%) high mild
  1 (1.00%) high severe

Benchmarking escrow-redeem_1-2
Benchmarking escrow-redeem_1-2: Warming up for 3.0000 s
Benchmarking escrow-redeem_1-2: Collecting 100 samples in estimated 10.284 s (61k iterations)
Benchmarking escrow-redeem_1-2: Analyzing
escrow-redeem_1-2       time:   [168.78 µs 169.03 µs 169.30 µs]
Found 5 outliers among 100 measurements (5.00%)
  3 (3.00%) low severe
  2 (2.00%) high mild

Benchmarking escrow-redeem_2-1
Benchmarking escrow-redeem_2-1: Warming up for 3.0000 s
Benchmarking escrow-redeem_2-1: Collecting 100 samples in estimated 10.668 s (56k iterations)
Benchmarking escrow-redeem_2-1: Analyzing
escrow-redeem_2-1       time:   [196.78 µs 201.06 µs 206.23 µs]
Found 14 outliers among 100 measurements (14.00%)
  1 (1.00%) high mild
  13 (13.00%) high severe

Benchmarking escrow-redeem_2-2
Benchmarking escrow-redeem_2-2: Warming up for 3.0000 s
Benchmarking escrow-redeem_2-2: Collecting 100 samples in estimated 10.761 s (56k iterations)
Benchmarking escrow-redeem_2-2: Analyzing
escrow-redeem_2-2       time:   [192.99 µs 193.29 µs 193.59 µs]
Found 2 outliers among 100 measurements (2.00%)
  1 (1.00%) high mild
  1 (1.00%) high severe

Benchmarking escrow-redeem_2-3
Benchmarking escrow-redeem_2-3: Warming up for 3.0000 s
Benchmarking escrow-redeem_2-3: Collecting 100 samples in estimated 10.867 s (50k iterations)
Benchmarking escrow-redeem_2-3: Analyzing
escrow-redeem_2-3       time:   [194.59 µs 195.07 µs 195.68 µs]
Found 23 outliers among 100 measurements (23.00%)
  23 (23.00%) high severe

Benchmarking escrow-refund-1
Benchmarking escrow-refund-1: Warming up for 3.0000 s
Benchmarking escrow-refund-1: Collecting 100 samples in estimated 10.217 s (136k iterations)
Benchmarking escrow-refund-1: Analyzing
escrow-refund-1         time:   [74.934 µs 75.030 µs 75.128 µs]
Found 5 outliers among 100 measurements (5.00%)
  2 (2.00%) high mild
  3 (3.00%) high severe

Benchmarking future-increase-margin-1
Benchmarking future-increase-margin-1: Warming up for 3.0000 s
Benchmarking future-increase-margin-1: Collecting 100 samples in estimated 10.539 s (86k iterations)
Benchmarking future-increase-margin-1: Analyzing
future-increase-margin-1
                        time:   [124.66 µs 127.57 µs 130.98 µs]
Found 16 outliers among 100 measurements (16.00%)
  2 (2.00%) low mild
  2 (2.00%) high mild
  12 (12.00%) high severe

Benchmarking future-increase-margin-2
Benchmarking future-increase-margin-2: Warming up for 3.0000 s
Benchmarking future-increase-margin-2: Collecting 100 samples in estimated 10.577 s (40k iterations)
Benchmarking future-increase-margin-2: Analyzing
future-increase-margin-2
                        time:   [261.14 µs 261.56 µs 262.01 µs]
Found 3 outliers among 100 measurements (3.00%)
  1 (1.00%) low mild
  1 (1.00%) high mild
  1 (1.00%) high severe

Benchmarking future-increase-margin-3
Benchmarking future-increase-margin-3: Warming up for 3.0000 s
Benchmarking future-increase-margin-3: Collecting 100 samples in estimated 11.393 s (40k iterations)
Benchmarking future-increase-margin-3: Analyzing
future-increase-margin-3
                        time:   [252.52 µs 252.92 µs 253.40 µs]
Found 16 outliers among 100 measurements (16.00%)
  2 (2.00%) high mild
  14 (14.00%) high severe

Benchmarking future-increase-margin-4
Benchmarking future-increase-margin-4: Warming up for 3.0000 s
Benchmarking future-increase-margin-4: Collecting 100 samples in estimated 10.668 s (45k iterations)
Benchmarking future-increase-margin-4: Analyzing
future-increase-margin-4
                        time:   [234.67 µs 234.84 µs 235.00 µs]
Found 4 outliers among 100 measurements (4.00%)
  3 (3.00%) high mild
  1 (1.00%) high severe

Benchmarking future-increase-margin-5
Benchmarking future-increase-margin-5: Warming up for 3.0000 s
Benchmarking future-increase-margin-5: Collecting 100 samples in estimated 10.088 s (25k iterations)
Benchmarking future-increase-margin-5: Analyzing
future-increase-margin-5
                        time:   [410.74 µs 422.58 µs 436.06 µs]
Found 14 outliers among 100 measurements (14.00%)
  3 (3.00%) high mild
  11 (11.00%) high severe

Benchmarking future-pay-out-1
Benchmarking future-pay-out-1: Warming up for 3.0000 s
Benchmarking future-pay-out-1: Collecting 100 samples in estimated 10.313 s (86k iterations)
Benchmarking future-pay-out-1: Analyzing
future-pay-out-1        time:   [119.96 µs 120.16 µs 120.35 µs]
Found 3 outliers among 100 measurements (3.00%)
  1 (1.00%) high mild
  2 (2.00%) high severe

Benchmarking future-pay-out-2
Benchmarking future-pay-out-2: Warming up for 3.0000 s
Benchmarking future-pay-out-2: Collecting 100 samples in estimated 10.630 s (40k iterations)
Benchmarking future-pay-out-2: Analyzing
future-pay-out-2        time:   [256.38 µs 257.90 µs 259.91 µs]

Benchmarking future-pay-out-3
Benchmarking future-pay-out-3: Warming up for 3.0000 s
Benchmarking future-pay-out-3: Collecting 100 samples in estimated 10.405 s (40k iterations)
Benchmarking future-pay-out-3: Analyzing
future-pay-out-3        time:   [257.49 µs 257.95 µs 258.43 µs]
Found 8 outliers among 100 measurements (8.00%)
  4 (4.00%) low mild
  4 (4.00%) high mild

Benchmarking future-pay-out-4
Benchmarking future-pay-out-4: Warming up for 3.0000 s
Benchmarking future-pay-out-4: Collecting 100 samples in estimated 10.114 s (25k iterations)
Benchmarking future-pay-out-4: Analyzing
future-pay-out-4        time:   [411.72 µs 423.92 µs 437.80 µs]
Found 16 outliers among 100 measurements (16.00%)
  1 (1.00%) low mild
  2 (2.00%) high mild
  13 (13.00%) high severe

Benchmarking future-settle-early-1
Benchmarking future-settle-early-1: Warming up for 3.0000 s
Benchmarking future-settle-early-1: Collecting 100 samples in estimated 10.284 s (81k iterations)
Benchmarking future-settle-early-1: Analyzing
future-settle-early-1   time:   [125.12 µs 125.93 µs 126.61 µs]
Found 17 outliers among 100 measurements (17.00%)
  15 (15.00%) low mild
  2 (2.00%) high mild

Benchmarking future-settle-early-2
Benchmarking future-settle-early-2: Warming up for 3.0000 s
Benchmarking future-settle-early-2: Collecting 100 samples in estimated 10.219 s (40k iterations)
Benchmarking future-settle-early-2: Analyzing
future-settle-early-2   time:   [256.88 µs 259.66 µs 263.29 µs]
Found 24 outliers among 100 measurements (24.00%)
  1 (1.00%) high mild
  23 (23.00%) high severe

Benchmarking future-settle-early-3
Benchmarking future-settle-early-3: Warming up for 3.0000 s
Benchmarking future-settle-early-3: Collecting 100 samples in estimated 10.248 s (40k iterations)
Benchmarking future-settle-early-3: Analyzing
future-settle-early-3   time:   [253.26 µs 253.56 µs 253.87 µs]
Found 3 outliers among 100 measurements (3.00%)
  1 (1.00%) low mild
  1 (1.00%) high mild
  1 (1.00%) high severe

Benchmarking future-settle-early-4
Benchmarking future-settle-early-4: Warming up for 3.0000 s
Benchmarking future-settle-early-4: Collecting 100 samples in estimated 10.661 s (35k iterations)
Benchmarking future-settle-early-4: Analyzing
future-settle-early-4   time:   [308.81 µs 317.33 µs 327.19 µs]
Found 14 outliers among 100 measurements (14.00%)
  1 (1.00%) high mild
  13 (13.00%) high severe

Benchmarking game-sm-success_1-1
Benchmarking game-sm-success_1-1: Warming up for 3.0000 s
Benchmarking game-sm-success_1-1: Collecting 100 samples in estimated 10.241 s (56k iterations)
Benchmarking game-sm-success_1-1: Analyzing
game-sm-success_1-1     time:   [184.13 µs 184.32 µs 184.51 µs]
Found 6 outliers among 100 measurements (6.00%)
  2 (2.00%) low mild
  2 (2.00%) high mild
  2 (2.00%) high severe

Benchmarking game-sm-success_1-2
Benchmarking game-sm-success_1-2: Warming up for 3.0000 s
Benchmarking game-sm-success_1-2: Collecting 100 samples in estimated 10.171 s (106k iterations)
Benchmarking game-sm-success_1-2: Analyzing
game-sm-success_1-2     time:   [97.503 µs 98.769 µs 100.42 µs]
Found 21 outliers among 100 measurements (21.00%)
  21 (21.00%) high severe

Benchmarking game-sm-success_1-3
Benchmarking game-sm-success_1-3: Warming up for 3.0000 s
Benchmarking game-sm-success_1-3: Collecting 100 samples in estimated 10.670 s (35k iterations)
Benchmarking game-sm-success_1-3: Analyzing
game-sm-success_1-3     time:   [300.91 µs 301.23 µs 301.57 µs]
Found 3 outliers among 100 measurements (3.00%)
  1 (1.00%) high mild
  2 (2.00%) high severe

Benchmarking game-sm-success_1-4
Benchmarking game-sm-success_1-4: Warming up for 3.0000 s
Benchmarking game-sm-success_1-4: Collecting 100 samples in estimated 10.004 s (91k iterations)
Benchmarking game-sm-success_1-4: Analyzing
game-sm-success_1-4     time:   [113.42 µs 117.48 µs 121.91 µs]
Found 15 outliers among 100 measurements (15.00%)
  2 (2.00%) high mild
  13 (13.00%) high severe

Benchmarking game-sm-success_2-1
Benchmarking game-sm-success_2-1: Warming up for 3.0000 s
Benchmarking game-sm-success_2-1: Collecting 100 samples in estimated 10.230 s (56k iterations)
Benchmarking game-sm-success_2-1: Analyzing
game-sm-success_2-1     time:   [182.84 µs 183.08 µs 183.34 µs]
Found 2 outliers among 100 measurements (2.00%)
  1 (1.00%) high mild
  1 (1.00%) high severe

Benchmarking game-sm-success_2-2
Benchmarking game-sm-success_2-2: Warming up for 3.0000 s
Benchmarking game-sm-success_2-2: Collecting 100 samples in estimated 10.409 s (106k iterations)
Benchmarking game-sm-success_2-2: Analyzing
game-sm-success_2-2     time:   [100.25 µs 102.15 µs 104.47 µs]
Found 20 outliers among 100 measurements (20.00%)
  2 (2.00%) low mild
  4 (4.00%) high mild
  14 (14.00%) high severe

Benchmarking game-sm-success_2-3
Benchmarking game-sm-success_2-3: Warming up for 3.0000 s
Benchmarking game-sm-success_2-3: Collecting 100 samples in estimated 10.796 s (35k iterations)
Benchmarking game-sm-success_2-3: Analyzing
game-sm-success_2-3     time:   [305.18 µs 305.57 µs 305.97 µs]
Found 4 outliers among 100 measurements (4.00%)
  1 (1.00%) low mild
  1 (1.00%) high mild
  2 (2.00%) high severe

Benchmarking game-sm-success_2-4
Benchmarking game-sm-success_2-4: Warming up for 3.0000 s
Benchmarking game-sm-success_2-4: Collecting 100 samples in estimated 10.417 s (91k iterations)
Benchmarking game-sm-success_2-4: Analyzing
game-sm-success_2-4     time:   [117.77 µs 121.42 µs 125.26 µs]
Found 16 outliers among 100 measurements (16.00%)
  1 (1.00%) low mild
  3 (3.00%) high mild
  12 (12.00%) high severe

Benchmarking game-sm-success_2-5
Benchmarking game-sm-success_2-5: Warming up for 3.0000 s
Benchmarking game-sm-success_2-5: Collecting 100 samples in estimated 10.730 s (35k iterations)
Benchmarking game-sm-success_2-5: Analyzing
game-sm-success_2-5     time:   [304.04 µs 304.54 µs 305.03 µs]
Found 2 outliers among 100 measurements (2.00%)
  2 (2.00%) high severe

Benchmarking game-sm-success_2-6
Benchmarking game-sm-success_2-6: Warming up for 3.0000 s
Benchmarking game-sm-success_2-6: Collecting 100 samples in estimated 10.288 s (91k iterations)
Benchmarking game-sm-success_2-6: Analyzing
game-sm-success_2-6     time:   [114.59 µs 116.00 µs 117.85 µs]
Found 21 outliers among 100 measurements (21.00%)
  21 (21.00%) high severe

Benchmarking guardrail-sorted-large
Benchmarking guardrail-sorted-large: Warming up for 3.0000 s
Benchmarking guardrail-sorted-large: Collecting 100 samples in estimated 11.016 s (45k iterations)
Benchmarking guardrail-sorted-large: Analyzing
guardrail-sorted-large  time:   [242.41 µs 242.93 µs 243.46 µs]
Found 4 outliers among 100 measurements (4.00%)
  1 (1.00%) low severe
  3 (3.00%) high mild

Benchmarking guardrail-sorted-small
Benchmarking guardrail-sorted-small: Warming up for 3.0000 s
Benchmarking guardrail-sorted-small: Collecting 100 samples in estimated 10.061 s (242k iterations)
Benchmarking guardrail-sorted-small: Analyzing
guardrail-sorted-small  time:   [42.647 µs 43.795 µs 45.081 µs]
Found 14 outliers among 100 measurements (14.00%)
  4 (4.00%) high mild
  10 (10.00%) high severe

Benchmarking guardrail-unsorted-large
Benchmarking guardrail-unsorted-large: Warming up for 3.0000 s
Benchmarking guardrail-unsorted-large: Collecting 100 samples in estimated 11.219 s (35k iterations)
Benchmarking guardrail-unsorted-large: Analyzing
guardrail-unsorted-large
                        time:   [306.85 µs 309.32 µs 311.69 µs]

Benchmarking guardrail-unsorted-small
Benchmarking guardrail-unsorted-small: Warming up for 3.0000 s
Benchmarking guardrail-unsorted-small: Collecting 100 samples in estimated 10.135 s (212k iterations)
Benchmarking guardrail-unsorted-small: Analyzing
guardrail-unsorted-small
                        time:   [41.554 µs 41.637 µs 41.745 µs]
Found 23 outliers among 100 measurements (23.00%)
  23 (23.00%) high severe

Benchmarking multisig-sm-01
Benchmarking multisig-sm-01: Warming up for 3.0000 s
Benchmarking multisig-sm-01: Collecting 100 samples in estimated 10.647 s (56k iterations)
Benchmarking multisig-sm-01: Analyzing
multisig-sm-01          time:   [191.02 µs 191.39 µs 191.74 µs]
Found 1 outliers among 100 measurements (1.00%)
  1 (1.00%) high severe

Benchmarking multisig-sm-02
Benchmarking multisig-sm-02: Warming up for 3.0000 s
Benchmarking multisig-sm-02: Collecting 100 samples in estimated 10.338 s (56k iterations)
Benchmarking multisig-sm-02: Analyzing
multisig-sm-02          time:   [191.50 µs 198.42 µs 205.55 µs]
Found 14 outliers among 100 measurements (14.00%)
  4 (4.00%) high mild
  10 (10.00%) high severe

Benchmarking multisig-sm-03
Benchmarking multisig-sm-03: Warming up for 3.0000 s
Benchmarking multisig-sm-03: Collecting 100 samples in estimated 10.468 s (56k iterations)
Benchmarking multisig-sm-03: Analyzing
multisig-sm-03          time:   [188.25 µs 188.52 µs 188.80 µs]
Found 3 outliers among 100 measurements (3.00%)
  3 (3.00%) high mild

Benchmarking multisig-sm-04
Benchmarking multisig-sm-04: Warming up for 3.0000 s
Benchmarking multisig-sm-04: Collecting 100 samples in estimated 10.497 s (56k iterations)
Benchmarking multisig-sm-04: Analyzing
multisig-sm-04          time:   [192.91 µs 196.95 µs 201.82 µs]
Found 15 outliers among 100 measurements (15.00%)
  2 (2.00%) high mild
  13 (13.00%) high severe

Benchmarking multisig-sm-05
Benchmarking multisig-sm-05: Warming up for 3.0000 s
Benchmarking multisig-sm-05: Collecting 100 samples in estimated 10.950 s (40k iterations)
Benchmarking multisig-sm-05: Analyzing
multisig-sm-05          time:   [271.03 µs 271.34 µs 271.65 µs]
Found 8 outliers among 100 measurements (8.00%)
  3 (3.00%) low mild
  5 (5.00%) high mild

Benchmarking multisig-sm-06
Benchmarking multisig-sm-06: Warming up for 3.0000 s
Benchmarking multisig-sm-06: Collecting 100 samples in estimated 10.609 s (56k iterations)
Benchmarking multisig-sm-06: Analyzing
multisig-sm-06          time:   [197.16 µs 204.35 µs 211.50 µs]
Found 10 outliers among 100 measurements (10.00%)
  10 (10.00%) high severe

Benchmarking multisig-sm-07
Benchmarking multisig-sm-07: Warming up for 3.0000 s
Benchmarking multisig-sm-07: Collecting 100 samples in estimated 10.570 s (56k iterations)
Benchmarking multisig-sm-07: Analyzing
multisig-sm-07          time:   [190.51 µs 190.89 µs 191.24 µs]
Found 1 outliers among 100 measurements (1.00%)
  1 (1.00%) low mild

Benchmarking multisig-sm-08
Benchmarking multisig-sm-08: Warming up for 3.0000 s
Benchmarking multisig-sm-08: Collecting 100 samples in estimated 10.567 s (56k iterations)
Benchmarking multisig-sm-08: Analyzing
multisig-sm-08          time:   [194.82 µs 199.50 µs 204.93 µs]
Found 17 outliers among 100 measurements (17.00%)
  2 (2.00%) low mild
  2 (2.00%) high mild
  13 (13.00%) high severe

Benchmarking multisig-sm-09
Benchmarking multisig-sm-09: Warming up for 3.0000 s
Benchmarking multisig-sm-09: Collecting 100 samples in estimated 10.556 s (56k iterations)
Benchmarking multisig-sm-09: Analyzing
multisig-sm-09          time:   [189.66 µs 189.89 µs 190.14 µs]
Found 6 outliers among 100 measurements (6.00%)
  2 (2.00%) low mild
  2 (2.00%) high mild
  2 (2.00%) high severe

Benchmarking multisig-sm-10
Benchmarking multisig-sm-10: Warming up for 3.0000 s
Benchmarking multisig-sm-10: Collecting 100 samples in estimated 11.079 s (40k iterations)
Benchmarking multisig-sm-10: Analyzing
multisig-sm-10          time:   [273.45 µs 276.04 µs 281.04 µs]
Found 5 outliers among 100 measurements (5.00%)
  2 (2.00%) low mild
  1 (1.00%) high mild
  2 (2.00%) high severe

Benchmarking ping-pong-1
Benchmarking ping-pong-1: Warming up for 3.0000 s
Benchmarking ping-pong-1: Collecting 100 samples in estimated 10.211 s (61k iterations)
Benchmarking ping-pong-1: Analyzing
ping-pong-1             time:   [158.65 µs 159.09 µs 159.50 µs]
Found 2 outliers among 100 measurements (2.00%)
  1 (1.00%) high mild
  1 (1.00%) high severe

Benchmarking ping-pong-2
Benchmarking ping-pong-2: Warming up for 3.0000 s
Benchmarking ping-pong-2: Collecting 100 samples in estimated 10.385 s (66k iterations)
Benchmarking ping-pong-2: Analyzing
ping-pong-2             time:   [161.35 µs 164.50 µs 168.32 µs]
Found 15 outliers among 100 measurements (15.00%)
  15 (15.00%) high severe

Benchmarking ping-pong_2-1
Benchmarking ping-pong_2-1: Warming up for 3.0000 s
Benchmarking ping-pong_2-1: Collecting 100 samples in estimated 10.242 s (106k iterations)
Benchmarking ping-pong_2-1: Analyzing
ping-pong_2-1           time:   [96.394 µs 96.576 µs 96.756 µs]
Found 3 outliers among 100 measurements (3.00%)
  2 (2.00%) high mild
  1 (1.00%) high severe

Benchmarking prism-1
Benchmarking prism-1: Warming up for 3.0000 s
Benchmarking prism-1: Collecting 100 samples in estimated 10.398 s (131k iterations)
Benchmarking prism-1: Analyzing
prism-1                 time:   [81.701 µs 85.047 µs 88.469 µs]
Found 10 outliers among 100 measurements (10.00%)
  1 (1.00%) high mild
  9 (9.00%) high severe

Benchmarking prism-2
Benchmarking prism-2: Warming up for 3.0000 s
Benchmarking prism-2: Collecting 100 samples in estimated 10.943 s (56k iterations)
Benchmarking prism-2: Analyzing
prism-2                 time:   [196.85 µs 197.11 µs 197.39 µs]
Found 5 outliers among 100 measurements (5.00%)
  4 (4.00%) high mild
  1 (1.00%) high severe

Benchmarking prism-3
Benchmarking prism-3: Warming up for 3.0000 s
Benchmarking prism-3: Collecting 100 samples in estimated 10.079 s (56k iterations)
Benchmarking prism-3: Analyzing
prism-3                 time:   [184.15 µs 186.59 µs 189.70 µs]
Found 20 outliers among 100 measurements (20.00%)
  1 (1.00%) high mild
  19 (19.00%) high severe

Benchmarking pubkey-1
Benchmarking pubkey-1: Warming up for 3.0000 s
Benchmarking pubkey-1: Collecting 100 samples in estimated 10.295 s (152k iterations)
Benchmarking pubkey-1: Analyzing
pubkey-1                time:   [67.326 µs 67.376 µs 67.434 µs]
Found 4 outliers among 100 measurements (4.00%)
  3 (3.00%) high mild
  1 (1.00%) high severe

Benchmarking stablecoin_1-1
Benchmarking stablecoin_1-1: Warming up for 3.0000 s
Benchmarking stablecoin_1-1: Collecting 100 samples in estimated 11.960 s (25k iterations)
Benchmarking stablecoin_1-1: Analyzing
stablecoin_1-1          time:   [483.24 µs 497.21 µs 512.83 µs]
Found 12 outliers among 100 measurements (12.00%)
  1 (1.00%) low mild
  1 (1.00%) high mild
  10 (10.00%) high severe

Benchmarking stablecoin_1-2
Benchmarking stablecoin_1-2: Warming up for 3.0000 s
Benchmarking stablecoin_1-2: Collecting 100 samples in estimated 10.043 s (106k iterations)
Benchmarking stablecoin_1-2: Analyzing
stablecoin_1-2          time:   [94.738 µs 94.878 µs 95.030 µs]
Found 3 outliers among 100 measurements (3.00%)
  1 (1.00%) low mild
  1 (1.00%) high mild
  1 (1.00%) high severe

Benchmarking stablecoin_1-3
Benchmarking stablecoin_1-3: Warming up for 3.0000 s
Benchmarking stablecoin_1-3: Collecting 100 samples in estimated 11.044 s (20k iterations)
Benchmarking stablecoin_1-3: Analyzing
stablecoin_1-3          time:   [556.44 µs 563.60 µs 572.98 µs]
Found 19 outliers among 100 measurements (19.00%)
  1 (1.00%) low mild
  18 (18.00%) high severe

Benchmarking stablecoin_1-4
Benchmarking stablecoin_1-4: Warming up for 3.0000 s
Benchmarking stablecoin_1-4: Collecting 100 samples in estimated 10.185 s (101k iterations)
Benchmarking stablecoin_1-4: Analyzing
stablecoin_1-4          time:   [100.65 µs 100.78 µs 100.91 µs]
Found 10 outliers among 100 measurements (10.00%)
  6 (6.00%) low mild
  2 (2.00%) high mild
  2 (2.00%) high severe

Benchmarking stablecoin_1-5
Benchmarking stablecoin_1-5: Warming up for 3.0000 s
Benchmarking stablecoin_1-5: Collecting 100 samples in estimated 10.586 s (15k iterations)
Benchmarking stablecoin_1-5: Analyzing
stablecoin_1-5          time:   [715.29 µs 734.23 µs 755.68 µs]
Found 15 outliers among 100 measurements (15.00%)
  2 (2.00%) low mild
  1 (1.00%) high mild
  12 (12.00%) high severe

Benchmarking stablecoin_1-6
Benchmarking stablecoin_1-6: Warming up for 3.0000 s
Benchmarking stablecoin_1-6: Collecting 100 samples in estimated 10.609 s (86k iterations)
Benchmarking stablecoin_1-6: Analyzing
stablecoin_1-6          time:   [123.48 µs 123.59 µs 123.70 µs]
Found 7 outliers among 100 measurements (7.00%)
  2 (2.00%) low mild
  5 (5.00%) high mild

Benchmarking stablecoin_2-1
Benchmarking stablecoin_2-1: Warming up for 3.0000 s
Benchmarking stablecoin_2-1: Collecting 100 samples in estimated 10.801 s (20k iterations)
Benchmarking stablecoin_2-1: Analyzing
stablecoin_2-1          time:   [475.91 µs 476.45 µs 477.21 µs]
Found 13 outliers among 100 measurements (13.00%)
  1 (1.00%) high mild
  12 (12.00%) high severe

Benchmarking stablecoin_2-2
Benchmarking stablecoin_2-2: Warming up for 3.0000 s
Benchmarking stablecoin_2-2: Collecting 100 samples in estimated 10.122 s (106k iterations)
Benchmarking stablecoin_2-2: Analyzing
stablecoin_2-2          time:   [95.325 µs 95.429 µs 95.534 µs]
Found 1 outliers among 100 measurements (1.00%)
  1 (1.00%) high mild

Benchmarking stablecoin_2-3
Benchmarking stablecoin_2-3: Warming up for 3.0000 s
Benchmarking stablecoin_2-3: Collecting 100 samples in estimated 11.042 s (20k iterations)
Benchmarking stablecoin_2-3: Analyzing
stablecoin_2-3          time:   [559.77 µs 576.76 µs 595.90 µs]
Found 12 outliers among 100 measurements (12.00%)
  12 (12.00%) high severe

Benchmarking stablecoin_2-4
Benchmarking stablecoin_2-4: Warming up for 3.0000 s
Benchmarking stablecoin_2-4: Collecting 100 samples in estimated 10.028 s (101k iterations)
Benchmarking stablecoin_2-4: Analyzing
stablecoin_2-4          time:   [99.578 µs 99.682 µs 99.790 µs]
Found 5 outliers among 100 measurements (5.00%)
  3 (3.00%) high mild
  2 (2.00%) high severe

Benchmarking token-account-1
Benchmarking token-account-1: Warming up for 3.0000 s
Benchmarking token-account-1: Collecting 100 samples in estimated 10.217 s (111k iterations)
Benchmarking token-account-1: Analyzing
token-account-1         time:   [93.443 µs 95.377 µs 97.748 µs]
Found 16 outliers among 100 measurements (16.00%)
  16 (16.00%) high severe

Benchmarking token-account-2
Benchmarking token-account-2: Warming up for 3.0000 s
Benchmarking token-account-2: Collecting 100 samples in estimated 10.588 s (66k iterations)
Benchmarking token-account-2: Analyzing
token-account-2         time:   [161.58 µs 161.93 µs 162.31 µs]
Found 6 outliers among 100 measurements (6.00%)
  4 (4.00%) high mild
  2 (2.00%) high severe

Benchmarking uniswap-1
Benchmarking uniswap-1: Warming up for 3.0000 s
Benchmarking uniswap-1: Collecting 100 samples in estimated 10.021 s (50k iterations)
Benchmarking uniswap-1: Analyzing
uniswap-1               time:   [204.07 µs 211.81 µs 219.77 µs]
Found 9 outliers among 100 measurements (9.00%)
  9 (9.00%) high severe

Benchmarking uniswap-2
Benchmarking uniswap-2: Warming up for 3.0000 s
Benchmarking uniswap-2: Collecting 100 samples in estimated 10.274 s (96k iterations)
Benchmarking uniswap-2: Analyzing
uniswap-2               time:   [107.20 µs 107.33 µs 107.45 µs]
Found 4 outliers among 100 measurements (4.00%)
  3 (3.00%) high mild
  1 (1.00%) high severe

Benchmarking uniswap-3
Benchmarking uniswap-3: Warming up for 3.0000 s
Benchmarking uniswap-3: Collecting 100 samples in estimated 12.315 s (15k iterations)
Benchmarking uniswap-3: Analyzing
uniswap-3               time:   [823.08 µs 840.64 µs 861.71 µs]
Found 14 outliers among 100 measurements (14.00%)
  1 (1.00%) high mild
  13 (13.00%) high severe

Benchmarking uniswap-4
Benchmarking uniswap-4: Warming up for 3.0000 s
Benchmarking uniswap-4: Collecting 100 samples in estimated 10.542 s (66k iterations)
Benchmarking uniswap-4: Analyzing
uniswap-4               time:   [160.14 µs 160.33 µs 160.52 µs]
Found 7 outliers among 100 measurements (7.00%)
  4 (4.00%) high mild
  3 (3.00%) high severe

Benchmarking uniswap-5
Benchmarking uniswap-5: Warming up for 3.0000 s
Benchmarking uniswap-5: Collecting 100 samples in estimated 10.971 s (20k iterations)
Benchmarking uniswap-5: Analyzing
uniswap-5               time:   [556.10 µs 570.59 µs 586.98 µs]
Found 13 outliers among 100 measurements (13.00%)
  2 (2.00%) high mild
  11 (11.00%) high severe

Benchmarking uniswap-6
Benchmarking uniswap-6: Warming up for 3.0000 s
Benchmarking uniswap-6: Collecting 100 samples in estimated 10.128 s (66k iterations)
Benchmarking uniswap-6: Analyzing
uniswap-6               time:   [154.26 µs 154.45 µs 154.65 µs]
Found 6 outliers among 100 measurements (6.00%)
  1 (1.00%) low mild
  4 (4.00%) high mild
  1 (1.00%) high severe

Benchmarking vesting-1
Benchmarking vesting-1: Warming up for 3.0000 s
Benchmarking vesting-1: Collecting 100 samples in estimated 10.778 s (61k iterations)
Benchmarking vesting-1: Analyzing
vesting-1               time:   [162.63 µs 162.72 µs 162.81 µs]
Found 2 outliers among 100 measurements (2.00%)
  1 (1.00%) low mild
  1 (1.00%) high severe

