Gnuplot not found, using plotters backend
Benchmarking auction_1-1
Benchmarking auction_1-1: Warming up for 3.0000 s
Benchmarking auction_1-1: Collecting 100 samples in estimated 10.490 s (50k iterations)
Benchmarking auction_1-1: Analyzing
auction_1-1             time:   [207.17 µs 207.35 µs 207.55 µs]
Found 9 outliers among 100 measurements (9.00%)
  6 (6.00%) high mild
  3 (3.00%) high severe

Benchmarking auction_1-2
Benchmarking auction_1-2: Warming up for 3.0000 s
Benchmarking auction_1-2: Collecting 100 samples in estimated 10.063 s (15k iterations)
Benchmarking auction_1-2: Analyzing
auction_1-2             time:   [613.08 µs 614.08 µs 615.19 µs]
Found 10 outliers among 100 measurements (10.00%)
  1 (1.00%) high mild
  9 (9.00%) high severe

Benchmarking auction_1-3
Benchmarking auction_1-3: Warming up for 3.0000 s
Benchmarking auction_1-3: Collecting 100 samples in estimated 12.424 s (20k iterations)
Benchmarking auction_1-3: Analyzing
auction_1-3             time:   [613.77 µs 614.68 µs 615.65 µs]
Found 7 outliers among 100 measurements (7.00%)
  5 (5.00%) high mild
  2 (2.00%) high severe

Benchmarking auction_1-4
Benchmarking auction_1-4: Warming up for 3.0000 s
Benchmarking auction_1-4: Collecting 100 samples in estimated 10.552 s (40k iterations)
Benchmarking auction_1-4: Analyzing
auction_1-4             time:   [263.45 µs 267.09 µs 271.60 µs]
Found 22 outliers among 100 measurements (22.00%)
  6 (6.00%) high mild
  16 (16.00%) high severe

Benchmarking auction_2-1
Benchmarking auction_2-1: Warming up for 3.0000 s
Benchmarking auction_2-1: Collecting 100 samples in estimated 10.524 s (50k iterations)
Benchmarking auction_2-1: Analyzing
auction_2-1             time:   [207.44 µs 207.67 µs 207.94 µs]
Found 10 outliers among 100 measurements (10.00%)
  7 (7.00%) high mild
  3 (3.00%) high severe

Benchmarking auction_2-2
Benchmarking auction_2-2: Warming up for 3.0000 s
Benchmarking auction_2-2: Collecting 100 samples in estimated 13.321 s (20k iterations)
Benchmarking auction_2-2: Analyzing
auction_2-2             time:   [618.48 µs 619.92 µs 621.46 µs]
Found 2 outliers among 100 measurements (2.00%)
  2 (2.00%) high mild

Benchmarking auction_2-3
Benchmarking auction_2-3: Warming up for 3.0000 s
Benchmarking auction_2-3: Collecting 100 samples in estimated 11.643 s (15k iterations)
Benchmarking auction_2-3: Analyzing
auction_2-3             time:   [761.50 µs 762.44 µs 763.42 µs]
Found 6 outliers among 100 measurements (6.00%)
  5 (5.00%) high mild
  1 (1.00%) high severe

Benchmarking auction_2-4
Benchmarking auction_2-4: Warming up for 3.0000 s
Benchmarking auction_2-4: Collecting 100 samples in estimated 10.122 s (15k iterations)
Benchmarking auction_2-4: Analyzing
auction_2-4             time:   [619.46 µs 620.72 µs 622.14 µs]
Found 16 outliers among 100 measurements (16.00%)
  2 (2.00%) high mild
  14 (14.00%) high severe

Benchmarking auction_2-5
Benchmarking auction_2-5: Warming up for 3.0000 s
Benchmarking auction_2-5: Collecting 100 samples in estimated 10.659 s (40k iterations)
Benchmarking auction_2-5: Analyzing
auction_2-5             time:   [270.69 µs 277.93 µs 285.36 µs]
Found 10 outliers among 100 measurements (10.00%)
  1 (1.00%) high mild
  9 (9.00%) high severe

Benchmarking coop-1
Benchmarking coop-1: Warming up for 3.0000 s
Benchmarking coop-1: Collecting 100 samples in estimated 10.938 s (45k iterations)
Benchmarking coop-1: Analyzing
coop-1                  time:   [242.90 µs 243.60 µs 244.30 µs]
Found 1 outliers among 100 measurements (1.00%)
  1 (1.00%) high severe

Benchmarking coop-2
Benchmarking coop-2: Warming up for 3.0000 s
Benchmarking coop-2: Collecting 100 samples in estimated 11.030 s (15k iterations)
Benchmarking coop-2: Analyzing
coop-2                  time:   [725.34 µs 726.58 µs 728.28 µs]
Found 8 outliers among 100 measurements (8.00%)
  5 (5.00%) high mild
  3 (3.00%) high severe

Benchmarking coop-3
Benchmarking coop-3: Warming up for 3.0000 s
Benchmarking coop-3: Collecting 100 samples in estimated 19.189 s (10k iterations)
Benchmarking coop-3: Analyzing
coop-3                  time:   [1.7338 ms 1.7436 ms 1.7527 ms]

Benchmarking coop-4
Benchmarking coop-4: Warming up for 3.0000 s
Benchmarking coop-4: Collecting 100 samples in estimated 12.552 s (15k iterations)
Benchmarking coop-4: Analyzing
coop-4                  time:   [782.10 µs 784.81 µs 788.45 µs]

Benchmarking coop-5
Benchmarking coop-5: Warming up for 3.0000 s
Benchmarking coop-5: Collecting 100 samples in estimated 10.542 s (25k iterations)
Benchmarking coop-5: Analyzing
coop-5                  time:   [412.23 µs 413.35 µs 414.50 µs]
Found 3 outliers among 100 measurements (3.00%)
  2 (2.00%) high mild
  1 (1.00%) high severe

Benchmarking coop-6
Benchmarking coop-6: Warming up for 3.0000 s
Benchmarking coop-6: Collecting 100 samples in estimated 10.113 s (15k iterations)
Benchmarking coop-6: Analyzing
coop-6                  time:   [677.98 µs 689.82 µs 704.22 µs]
Found 18 outliers among 100 measurements (18.00%)
  1 (1.00%) high mild
  17 (17.00%) high severe

Benchmarking coop-7
Benchmarking coop-7: Warming up for 3.0000 s
Benchmarking coop-7: Collecting 100 samples in estimated 10.175 s (30k iterations)
Benchmarking coop-7: Analyzing
coop-7                  time:   [334.48 µs 334.88 µs 335.29 µs]
Found 4 outliers among 100 measurements (4.00%)
  2 (2.00%) high mild
  2 (2.00%) high severe

Benchmarking crowdfunding-success-1
Benchmarking crowdfunding-success-1: Warming up for 3.0000 s
Benchmarking crowdfunding-success-1: Collecting 100 samples in estimated 10.547 s (40k iterations)
Benchmarking crowdfunding-success-1: Analyzing
crowdfunding-success-1  time:   [239.96 µs 244.58 µs 249.88 µs]
Found 9 outliers among 100 measurements (9.00%)
  6 (6.00%) high mild
  3 (3.00%) high severe

Benchmarking crowdfunding-success-2
Benchmarking crowdfunding-success-2: Warming up for 3.0000 s
Benchmarking crowdfunding-success-2: Collecting 100 samples in estimated 10.902 s (45k iterations)
Benchmarking crowdfunding-success-2: Analyzing
crowdfunding-success-2  time:   [238.59 µs 239.11 µs 239.68 µs]
Found 4 outliers among 100 measurements (4.00%)
  4 (4.00%) high mild

Benchmarking crowdfunding-success-3
Benchmarking crowdfunding-success-3: Warming up for 3.0000 s
Benchmarking crowdfunding-success-3: Collecting 100 samples in estimated 10.823 s (45k iterations)
Benchmarking crowdfunding-success-3: Analyzing
crowdfunding-success-3  time:   [241.73 µs 245.47 µs 250.02 µs]
Found 14 outliers among 100 measurements (14.00%)
  14 (14.00%) high severe

Benchmarking currency-1
Benchmarking currency-1: Warming up for 3.0000 s
Benchmarking currency-1: Collecting 100 samples in estimated 10.413 s (40k iterations)
Benchmarking currency-1: Analyzing
currency-1              time:   [255.55 µs 256.02 µs 256.55 µs]
Found 6 outliers among 100 measurements (6.00%)
  4 (4.00%) high mild
  2 (2.00%) high severe

Benchmarking escrow-redeem_1-1
Benchmarking escrow-redeem_1-1: Warming up for 3.0000 s
Benchmarking escrow-redeem_1-1: Collecting 100 samples in estimated 10.131 s (25k iterations)
Benchmarking escrow-redeem_1-1: Analyzing
escrow-redeem_1-1       time:   [352.67 µs 353.77 µs 354.97 µs]
Found 7 outliers among 100 measurements (7.00%)
  4 (4.00%) high mild
  3 (3.00%) high severe

Benchmarking escrow-redeem_1-2
Benchmarking escrow-redeem_1-2: Warming up for 3.0000 s
Benchmarking escrow-redeem_1-2: Collecting 100 samples in estimated 10.704 s (30k iterations)
Benchmarking escrow-redeem_1-2: Analyzing
escrow-redeem_1-2       time:   [350.80 µs 351.35 µs 351.98 µs]
Found 8 outliers among 100 measurements (8.00%)
  6 (6.00%) high mild
  2 (2.00%) high severe

Benchmarking escrow-redeem_2-1
Benchmarking escrow-redeem_2-1: Warming up for 3.0000 s
Benchmarking escrow-redeem_2-1: Collecting 100 samples in estimated 10.107 s (25k iterations)
Benchmarking escrow-redeem_2-1: Analyzing
escrow-redeem_2-1       time:   [402.92 µs 409.61 µs 417.61 µs]
Found 17 outliers among 100 measurements (17.00%)
  2 (2.00%) high mild
  15 (15.00%) high severe

Benchmarking escrow-redeem_2-2
Benchmarking escrow-redeem_2-2: Warming up for 3.0000 s
Benchmarking escrow-redeem_2-2: Collecting 100 samples in estimated 10.164 s (25k iterations)
Benchmarking escrow-redeem_2-2: Analyzing
escrow-redeem_2-2       time:   [396.54 µs 397.46 µs 398.39 µs]
Found 5 outliers among 100 measurements (5.00%)
  3 (3.00%) high mild
  2 (2.00%) high severe

Benchmarking escrow-redeem_2-3
Benchmarking escrow-redeem_2-3: Warming up for 3.0000 s
Benchmarking escrow-redeem_2-3: Collecting 100 samples in estimated 10.104 s (25k iterations)
Benchmarking escrow-redeem_2-3: Analyzing
escrow-redeem_2-3       time:   [402.70 µs 405.39 µs 408.93 µs]
Found 1 outliers among 100 measurements (1.00%)
  1 (1.00%) high mild

Benchmarking escrow-refund-1
Benchmarking escrow-refund-1: Warming up for 3.0000 s
Benchmarking escrow-refund-1: Collecting 100 samples in estimated 10.336 s (50k iterations)
Benchmarking escrow-refund-1: Analyzing
escrow-refund-1         time:   [203.72 µs 204.17 µs 204.60 µs]
Found 3 outliers among 100 measurements (3.00%)
  2 (2.00%) high mild
  1 (1.00%) high severe

Benchmarking future-increase-margin-1
Benchmarking future-increase-margin-1: Warming up for 3.0000 s
Benchmarking future-increase-margin-1: Collecting 100 samples in estimated 10.435 s (40k iterations)
Benchmarking future-increase-margin-1: Analyzing
future-increase-margin-1
                        time:   [261.77 µs 268.53 µs 275.66 µs]
Found 17 outliers among 100 measurements (17.00%)
  4 (4.00%) high mild
  13 (13.00%) high severe

Benchmarking future-increase-margin-2
Benchmarking future-increase-margin-2: Warming up for 3.0000 s
Benchmarking future-increase-margin-2: Collecting 100 samples in estimated 10.321 s (20k iterations)
Benchmarking future-increase-margin-2: Analyzing
future-increase-margin-2
                        time:   [504.06 µs 505.32 µs 506.67 µs]
Found 2 outliers among 100 measurements (2.00%)
  2 (2.00%) high mild

Benchmarking future-increase-margin-3
Benchmarking future-increase-margin-3: Warming up for 3.0000 s
Benchmarking future-increase-margin-3: Collecting 100 samples in estimated 10.151 s (20k iterations)
Benchmarking future-increase-margin-3: Analyzing
future-increase-margin-3
                        time:   [509.54 µs 515.06 µs 522.15 µs]
Found 20 outliers among 100 measurements (20.00%)
  20 (20.00%) high severe

Benchmarking future-increase-margin-4
Benchmarking future-increase-margin-4: Warming up for 3.0000 s
Benchmarking future-increase-margin-4: Collecting 100 samples in estimated 11.061 s (20k iterations)
Benchmarking future-increase-margin-4: Analyzing
future-increase-margin-4
                        time:   [544.53 µs 545.48 µs 546.46 µs]
Found 4 outliers among 100 measurements (4.00%)
  3 (3.00%) high mild
  1 (1.00%) high severe

Benchmarking future-increase-margin-5
Benchmarking future-increase-margin-5: Warming up for 3.0000 s
Benchmarking future-increase-margin-5: Collecting 100 samples in estimated 12.087 s (15k iterations)
Benchmarking future-increase-margin-5: Analyzing
future-increase-margin-5
                        time:   [811.45 µs 828.86 µs 847.95 µs]
Found 10 outliers among 100 measurements (10.00%)
  10 (10.00%) high severe

Benchmarking future-pay-out-1
Benchmarking future-pay-out-1: Warming up for 3.0000 s
Benchmarking future-pay-out-1: Collecting 100 samples in estimated 10.337 s (40k iterations)
Benchmarking future-pay-out-1: Analyzing
future-pay-out-1        time:   [254.89 µs 255.28 µs 255.70 µs]
Found 7 outliers among 100 measurements (7.00%)
  5 (5.00%) high mild
  2 (2.00%) high severe

Benchmarking future-pay-out-2
Benchmarking future-pay-out-2: Warming up for 3.0000 s
Benchmarking future-pay-out-2: Collecting 100 samples in estimated 10.114 s (20k iterations)
Benchmarking future-pay-out-2: Analyzing
future-pay-out-2        time:   [506.93 µs 511.98 µs 518.59 µs]
Found 21 outliers among 100 measurements (21.00%)
  21 (21.00%) high severe

Benchmarking future-pay-out-3
Benchmarking future-pay-out-3: Warming up for 3.0000 s
Benchmarking future-pay-out-3: Collecting 100 samples in estimated 10.145 s (20k iterations)
Benchmarking future-pay-out-3: Analyzing
future-pay-out-3        time:   [501.05 µs 502.07 µs 503.19 µs]
Found 7 outliers among 100 measurements (7.00%)
  5 (5.00%) high mild
  2 (2.00%) high severe

Benchmarking future-pay-out-4
Benchmarking future-pay-out-4: Warming up for 3.0000 s
Benchmarking future-pay-out-4: Collecting 100 samples in estimated 12.105 s (15k iterations)
Benchmarking future-pay-out-4: Analyzing
future-pay-out-4        time:   [813.10 µs 829.84 µs 848.81 µs]
Found 13 outliers among 100 measurements (13.00%)
  1 (1.00%) high mild
  12 (12.00%) high severe

Benchmarking future-settle-early-1
Benchmarking future-settle-early-1: Warming up for 3.0000 s
Benchmarking future-settle-early-1: Collecting 100 samples in estimated 10.284 s (40k iterations)
Benchmarking future-settle-early-1: Analyzing
future-settle-early-1   time:   [254.49 µs 254.89 µs 255.31 µs]
Found 7 outliers among 100 measurements (7.00%)
  5 (5.00%) high mild
  2 (2.00%) high severe

Benchmarking future-settle-early-2
Benchmarking future-settle-early-2: Warming up for 3.0000 s
Benchmarking future-settle-early-2: Collecting 100 samples in estimated 10.334 s (20k iterations)
Benchmarking future-settle-early-2: Analyzing
future-settle-early-2   time:   [505.23 µs 508.00 µs 511.70 µs]

Benchmarking future-settle-early-3
Benchmarking future-settle-early-3: Warming up for 3.0000 s
Benchmarking future-settle-early-3: Collecting 100 samples in estimated 10.155 s (20k iterations)
Benchmarking future-settle-early-3: Analyzing
future-settle-early-3   time:   [502.94 µs 504.30 µs 505.71 µs]
Found 6 outliers among 100 measurements (6.00%)
  4 (4.00%) high mild
  2 (2.00%) high severe

Benchmarking future-settle-early-4
Benchmarking future-settle-early-4: Warming up for 3.0000 s
Benchmarking future-settle-early-4: Collecting 100 samples in estimated 12.742 s (20k iterations)
Benchmarking future-settle-early-4: Analyzing
future-settle-early-4   time:   [638.88 µs 648.81 µs 660.74 µs]
Found 14 outliers among 100 measurements (14.00%)
  1 (1.00%) high mild
  13 (13.00%) high severe

Benchmarking game-sm-success_1-1
Benchmarking game-sm-success_1-1: Warming up for 3.0000 s
Benchmarking game-sm-success_1-1: Collecting 100 samples in estimated 10.616 s (25k iterations)
Benchmarking game-sm-success_1-1: Analyzing
game-sm-success_1-1     time:   [419.88 µs 420.13 µs 420.41 µs]
Found 13 outliers among 100 measurements (13.00%)
  1 (1.00%) low mild
  6 (6.00%) high mild
  6 (6.00%) high severe

Benchmarking game-sm-success_1-2
Benchmarking game-sm-success_1-2: Warming up for 3.0000 s
Benchmarking game-sm-success_1-2: Collecting 100 samples in estimated 11.201 s (45k iterations)
Benchmarking game-sm-success_1-2: Analyzing
game-sm-success_1-2     time:   [222.26 µs 222.77 µs 223.33 µs]
Found 4 outliers among 100 measurements (4.00%)
  2 (2.00%) high mild
  2 (2.00%) high severe

Benchmarking game-sm-success_1-3
Benchmarking game-sm-success_1-3: Warming up for 3.0000 s
Benchmarking game-sm-success_1-3: Collecting 100 samples in estimated 12.415 s (20k iterations)
Benchmarking game-sm-success_1-3: Analyzing
game-sm-success_1-3     time:   [610.71 µs 611.75 µs 612.85 µs]
Found 5 outliers among 100 measurements (5.00%)
  2 (2.00%) high mild
  3 (3.00%) high severe

Benchmarking game-sm-success_1-4
Benchmarking game-sm-success_1-4: Warming up for 3.0000 s
Benchmarking game-sm-success_1-4: Collecting 100 samples in estimated 10.481 s (40k iterations)
Benchmarking game-sm-success_1-4: Analyzing
game-sm-success_1-4     time:   [256.12 µs 257.36 µs 258.95 µs]

Benchmarking game-sm-success_2-1
Benchmarking game-sm-success_2-1: Warming up for 3.0000 s
Benchmarking game-sm-success_2-1: Collecting 100 samples in estimated 10.607 s (25k iterations)
Benchmarking game-sm-success_2-1: Analyzing
game-sm-success_2-1     time:   [426.70 µs 438.27 µs 450.06 µs]
Found 12 outliers among 100 measurements (12.00%)
  3 (3.00%) high mild
  9 (9.00%) high severe

Benchmarking game-sm-success_2-2
Benchmarking game-sm-success_2-2: Warming up for 3.0000 s
Benchmarking game-sm-success_2-2: Collecting 100 samples in estimated 10.069 s (45k iterations)
Benchmarking game-sm-success_2-2: Analyzing
game-sm-success_2-2     time:   [219.92 µs 220.02 µs 220.13 µs]
Found 8 outliers among 100 measurements (8.00%)
  1 (1.00%) low mild
  3 (3.00%) high mild
  4 (4.00%) high severe

Benchmarking game-sm-success_2-3
Benchmarking game-sm-success_2-3: Warming up for 3.0000 s
Benchmarking game-sm-success_2-3: Collecting 100 samples in estimated 12.390 s (20k iterations)
Benchmarking game-sm-success_2-3: Analyzing
game-sm-success_2-3     time:   [607.36 µs 607.95 µs 608.60 µs]
Found 9 outliers among 100 measurements (9.00%)
  6 (6.00%) high mild
  3 (3.00%) high severe

Benchmarking game-sm-success_2-4
Benchmarking game-sm-success_2-4: Warming up for 3.0000 s
Benchmarking game-sm-success_2-4: Collecting 100 samples in estimated 11.013 s (40k iterations)
Benchmarking game-sm-success_2-4: Analyzing
game-sm-success_2-4     time:   [250.70 µs 251.04 µs 251.45 µs]
Found 19 outliers among 100 measurements (19.00%)
  1 (1.00%) high mild
  18 (18.00%) high severe

Benchmarking game-sm-success_2-5
Benchmarking game-sm-success_2-5: Warming up for 3.0000 s
Benchmarking game-sm-success_2-5: Collecting 100 samples in estimated 12.487 s (20k iterations)
Benchmarking game-sm-success_2-5: Analyzing
game-sm-success_2-5     time:   [626.07 µs 638.88 µs 653.06 µs]
Found 10 outliers among 100 measurements (10.00%)
  1 (1.00%) high mild
  9 (9.00%) high severe

Benchmarking game-sm-success_2-6
Benchmarking game-sm-success_2-6: Warming up for 3.0000 s
Benchmarking game-sm-success_2-6: Collecting 100 samples in estimated 10.520 s (40k iterations)
Benchmarking game-sm-success_2-6: Analyzing
game-sm-success_2-6     time:   [258.16 µs 258.63 µs 259.11 µs]
Found 5 outliers among 100 measurements (5.00%)
  1 (1.00%) low mild
  3 (3.00%) high mild
  1 (1.00%) high severe

Benchmarking guardrail-sorted-large
Benchmarking guardrail-sorted-large: Warming up for 3.0000 s
Benchmarking guardrail-sorted-large: Collecting 100 samples in estimated 10.660 s (25k iterations)
Benchmarking guardrail-sorted-large: Analyzing
guardrail-sorted-large  time:   [418.98 µs 419.67 µs 420.47 µs]
Found 6 outliers among 100 measurements (6.00%)
  2 (2.00%) high mild
  4 (4.00%) high severe

Benchmarking guardrail-sorted-small
Benchmarking guardrail-sorted-small: Warming up for 3.0000 s
Benchmarking guardrail-sorted-small: Collecting 100 samples in estimated 10.077 s (96k iterations)
Benchmarking guardrail-sorted-small: Analyzing
guardrail-sorted-small  time:   [88.618 µs 88.812 µs 89.034 µs]
Found 4 outliers among 100 measurements (4.00%)
  4 (4.00%) high mild

Benchmarking guardrail-unsorted-large
Benchmarking guardrail-unsorted-large: Warming up for 3.0000 s
Benchmarking guardrail-unsorted-large: Collecting 100 samples in estimated 10.437 s (20k iterations)
Benchmarking guardrail-unsorted-large: Analyzing
guardrail-unsorted-large
                        time:   [532.74 µs 554.79 µs 577.08 µs]
Found 13 outliers among 100 measurements (13.00%)
  3 (3.00%) high mild
  10 (10.00%) high severe

Benchmarking guardrail-unsorted-small
Benchmarking guardrail-unsorted-small: Warming up for 3.0000 s
Benchmarking guardrail-unsorted-small: Collecting 100 samples in estimated 10.175 s (116k iterations)
Benchmarking guardrail-unsorted-small: Analyzing
guardrail-unsorted-small
                        time:   [87.600 µs 87.795 µs 88.005 µs]
Found 3 outliers among 100 measurements (3.00%)
  3 (3.00%) high mild

Benchmarking multisig-sm-01
Benchmarking multisig-sm-01: Warming up for 3.0000 s
Benchmarking multisig-sm-01: Collecting 100 samples in estimated 11.177 s (25k iterations)
Benchmarking multisig-sm-01: Analyzing
multisig-sm-01          time:   [441.78 µs 442.06 µs 442.35 µs]
Found 5 outliers among 100 measurements (5.00%)
  4 (4.00%) high mild
  1 (1.00%) high severe

Benchmarking multisig-sm-02
Benchmarking multisig-sm-02: Warming up for 3.0000 s
Benchmarking multisig-sm-02: Collecting 100 samples in estimated 12.232 s (25k iterations)
Benchmarking multisig-sm-02: Analyzing
multisig-sm-02          time:   [440.33 µs 441.17 µs 442.04 µs]
Found 3 outliers among 100 measurements (3.00%)
  2 (2.00%) high mild
  1 (1.00%) high severe

Benchmarking multisig-sm-03
Benchmarking multisig-sm-03: Warming up for 3.0000 s
Benchmarking multisig-sm-03: Collecting 100 samples in estimated 11.080 s (25k iterations)
Benchmarking multisig-sm-03: Analyzing
multisig-sm-03          time:   [447.04 µs 457.49 µs 468.91 µs]
Found 13 outliers among 100 measurements (13.00%)
  2 (2.00%) high mild
  11 (11.00%) high severe

Benchmarking multisig-sm-04
Benchmarking multisig-sm-04: Warming up for 3.0000 s
Benchmarking multisig-sm-04: Collecting 100 samples in estimated 11.117 s (25k iterations)
Benchmarking multisig-sm-04: Analyzing
multisig-sm-04          time:   [440.96 µs 441.81 µs 442.80 µs]
Found 11 outliers among 100 measurements (11.00%)
  5 (5.00%) high mild
  6 (6.00%) high severe

Benchmarking multisig-sm-05
Benchmarking multisig-sm-05: Warming up for 3.0000 s
Benchmarking multisig-sm-05: Collecting 100 samples in estimated 11.479 s (20k iterations)
Benchmarking multisig-sm-05: Analyzing
multisig-sm-05          time:   [580.12 µs 594.20 µs 608.80 µs]
Found 9 outliers among 100 measurements (9.00%)
  2 (2.00%) high mild
  7 (7.00%) high severe

Benchmarking multisig-sm-06
Benchmarking multisig-sm-06: Warming up for 3.0000 s
Benchmarking multisig-sm-06: Collecting 100 samples in estimated 11.174 s (25k iterations)
Benchmarking multisig-sm-06: Analyzing
multisig-sm-06          time:   [441.26 µs 441.64 µs 442.10 µs]
Found 11 outliers among 100 measurements (11.00%)
  5 (5.00%) high mild
  6 (6.00%) high severe

Benchmarking multisig-sm-07
Benchmarking multisig-sm-07: Warming up for 3.0000 s
Benchmarking multisig-sm-07: Collecting 100 samples in estimated 11.180 s (25k iterations)
Benchmarking multisig-sm-07: Analyzing
multisig-sm-07          time:   [447.67 µs 454.49 µs 462.69 µs]
Found 16 outliers among 100 measurements (16.00%)
  3 (3.00%) high mild
  13 (13.00%) high severe

Benchmarking multisig-sm-08
Benchmarking multisig-sm-08: Warming up for 3.0000 s
Benchmarking multisig-sm-08: Collecting 100 samples in estimated 11.203 s (25k iterations)
Benchmarking multisig-sm-08: Analyzing
multisig-sm-08          time:   [440.66 µs 442.49 µs 444.93 µs]
Found 8 outliers among 100 measurements (8.00%)
  3 (3.00%) high mild
  5 (5.00%) high severe

Benchmarking multisig-sm-09
Benchmarking multisig-sm-09: Warming up for 3.0000 s
Benchmarking multisig-sm-09: Collecting 100 samples in estimated 11.243 s (25k iterations)
Benchmarking multisig-sm-09: Analyzing
multisig-sm-09          time:   [458.39 µs 469.78 µs 481.60 µs]
Found 12 outliers among 100 measurements (12.00%)
  1 (1.00%) low mild
  1 (1.00%) high mild
  10 (10.00%) high severe

Benchmarking multisig-sm-10
Benchmarking multisig-sm-10: Warming up for 3.0000 s
Benchmarking multisig-sm-10: Collecting 100 samples in estimated 11.498 s (20k iterations)
Benchmarking multisig-sm-10: Analyzing
multisig-sm-10          time:   [567.95 µs 568.80 µs 569.93 µs]
Found 9 outliers among 100 measurements (9.00%)
  6 (6.00%) high mild
  3 (3.00%) high severe

Benchmarking ping-pong-1
Benchmarking ping-pong-1: Warming up for 3.0000 s
Benchmarking ping-pong-1: Collecting 100 samples in estimated 11.755 s (30k iterations)
Benchmarking ping-pong-1: Analyzing
ping-pong-1             time:   [366.19 µs 366.75 µs 367.33 µs]
Found 6 outliers among 100 measurements (6.00%)
  1 (1.00%) high mild
  5 (5.00%) high severe

Benchmarking ping-pong-2
Benchmarking ping-pong-2: Warming up for 3.0000 s
Benchmarking ping-pong-2: Collecting 100 samples in estimated 11.034 s (30k iterations)
Benchmarking ping-pong-2: Analyzing
ping-pong-2             time:   [364.58 µs 365.05 µs 365.57 µs]
Found 7 outliers among 100 measurements (7.00%)
  4 (4.00%) high mild
  3 (3.00%) high severe

Benchmarking ping-pong_2-1
Benchmarking ping-pong_2-1: Warming up for 3.0000 s
Benchmarking ping-pong_2-1: Collecting 100 samples in estimated 10.742 s (40k iterations)
Benchmarking ping-pong_2-1: Analyzing
ping-pong_2-1           time:   [266.71 µs 268.62 µs 271.18 µs]
Found 1 outliers among 100 measurements (1.00%)
  1 (1.00%) high mild

Benchmarking prism-1
Benchmarking prism-1: Warming up for 3.0000 s
Benchmarking prism-1: Collecting 100 samples in estimated 10.489 s (56k iterations)
Benchmarking prism-1: Analyzing
prism-1                 time:   [188.16 µs 189.28 µs 191.48 µs]
Found 10 outliers among 100 measurements (10.00%)
  5 (5.00%) high mild
  5 (5.00%) high severe

Benchmarking prism-2
Benchmarking prism-2: Warming up for 3.0000 s
Benchmarking prism-2: Collecting 100 samples in estimated 12.293 s (25k iterations)
Benchmarking prism-2: Analyzing
prism-2                 time:   [447.07 µs 447.49 µs 447.93 µs]
Found 7 outliers among 100 measurements (7.00%)
  4 (4.00%) high mild
  3 (3.00%) high severe

Benchmarking prism-3
Benchmarking prism-3: Warming up for 3.0000 s
Benchmarking prism-3: Collecting 100 samples in estimated 11.231 s (30k iterations)
Benchmarking prism-3: Analyzing
prism-3                 time:   [371.03 µs 371.52 µs 372.05 µs]
Found 11 outliers among 100 measurements (11.00%)
  6 (6.00%) high mild
  5 (5.00%) high severe

Benchmarking pubkey-1
Benchmarking pubkey-1: Warming up for 3.0000 s
Benchmarking pubkey-1: Collecting 100 samples in estimated 10.064 s (61k iterations)
Benchmarking pubkey-1: Analyzing
pubkey-1                time:   [165.29 µs 166.26 µs 167.56 µs]

Benchmarking stablecoin_1-1
Benchmarking stablecoin_1-1: Warming up for 3.0000 s
Benchmarking stablecoin_1-1: Collecting 100 samples in estimated 14.810 s (15k iterations)
Benchmarking stablecoin_1-1: Analyzing
stablecoin_1-1          time:   [990.49 µs 1.0119 ms 1.0359 ms]
Found 15 outliers among 100 measurements (15.00%)
  2 (2.00%) high mild
  13 (13.00%) high severe

Benchmarking stablecoin_1-2
Benchmarking stablecoin_1-2: Warming up for 3.0000 s
Benchmarking stablecoin_1-2: Collecting 100 samples in estimated 10.117 s (45k iterations)
Benchmarking stablecoin_1-2: Analyzing
stablecoin_1-2          time:   [221.15 µs 221.53 µs 221.93 µs]
Found 6 outliers among 100 measurements (6.00%)
  3 (3.00%) high mild
  3 (3.00%) high severe

Benchmarking stablecoin_1-3
Benchmarking stablecoin_1-3: Warming up for 3.0000 s
Benchmarking stablecoin_1-3: Collecting 100 samples in estimated 11.316 s (10k iterations)
Benchmarking stablecoin_1-3: Analyzing
stablecoin_1-3          time:   [1.1155 ms 1.1337 ms 1.1603 ms]
Found 7 outliers among 100 measurements (7.00%)
  3 (3.00%) high mild
  4 (4.00%) high severe

Benchmarking stablecoin_1-4
Benchmarking stablecoin_1-4: Warming up for 3.0000 s
Benchmarking stablecoin_1-4: Collecting 100 samples in estimated 10.003 s (40k iterations)
Benchmarking stablecoin_1-4: Analyzing
stablecoin_1-4          time:   [232.49 µs 232.62 µs 232.76 µs]
Found 10 outliers among 100 measurements (10.00%)
  8 (8.00%) high mild
  2 (2.00%) high severe

Benchmarking stablecoin_1-5
Benchmarking stablecoin_1-5: Warming up for 3.0000 s
Benchmarking stablecoin_1-5: Collecting 100 samples in estimated 14.301 s (10k iterations)
Benchmarking stablecoin_1-5: Analyzing
stablecoin_1-5          time:   [1.4299 ms 1.4489 ms 1.4718 ms]
Found 15 outliers among 100 measurements (15.00%)
  3 (3.00%) high mild
  12 (12.00%) high severe

Benchmarking stablecoin_1-6
Benchmarking stablecoin_1-6: Warming up for 3.0000 s
Benchmarking stablecoin_1-6: Collecting 100 samples in estimated 11.210 s (40k iterations)
Benchmarking stablecoin_1-6: Analyzing
stablecoin_1-6          time:   [276.64 µs 276.78 µs 276.92 µs]
Found 4 outliers among 100 measurements (4.00%)
  2 (2.00%) high mild
  2 (2.00%) high severe

Benchmarking stablecoin_2-1
Benchmarking stablecoin_2-1: Warming up for 3.0000 s
Benchmarking stablecoin_2-1: Collecting 100 samples in estimated 14.787 s (15k iterations)
Benchmarking stablecoin_2-1: Analyzing
stablecoin_2-1          time:   [985.65 µs 999.38 µs 1.0162 ms]
Found 13 outliers among 100 measurements (13.00%)
  1 (1.00%) high mild
  12 (12.00%) high severe

Benchmarking stablecoin_2-2
Benchmarking stablecoin_2-2: Warming up for 3.0000 s
Benchmarking stablecoin_2-2: Collecting 100 samples in estimated 10.102 s (45k iterations)
Benchmarking stablecoin_2-2: Analyzing
stablecoin_2-2          time:   [220.92 µs 223.04 µs 226.66 µs]
Found 12 outliers among 100 measurements (12.00%)
  5 (5.00%) high mild
  7 (7.00%) high severe

Benchmarking stablecoin_2-3
Benchmarking stablecoin_2-3: Warming up for 3.0000 s
Benchmarking stablecoin_2-3: Collecting 100 samples in estimated 11.965 s (10k iterations)
Benchmarking stablecoin_2-3: Analyzing
stablecoin_2-3          time:   [1.1162 ms 1.1168 ms 1.1174 ms]
Found 5 outliers among 100 measurements (5.00%)
  2 (2.00%) high mild
  3 (3.00%) high severe

Benchmarking stablecoin_2-4
Benchmarking stablecoin_2-4: Warming up for 3.0000 s
Benchmarking stablecoin_2-4: Collecting 100 samples in estimated 10.673 s (45k iterations)
Benchmarking stablecoin_2-4: Analyzing
stablecoin_2-4          time:   [233.66 µs 233.95 µs 234.27 µs]
Found 8 outliers among 100 measurements (8.00%)
  4 (4.00%) high mild
  4 (4.00%) high severe

Benchmarking token-account-1
Benchmarking token-account-1: Warming up for 3.0000 s
Benchmarking token-account-1: Collecting 100 samples in estimated 10.732 s (50k iterations)
Benchmarking token-account-1: Analyzing
token-account-1         time:   [214.68 µs 216.42 µs 218.72 µs]
Found 23 outliers among 100 measurements (23.00%)
  21 (21.00%) high mild
  2 (2.00%) high severe

Benchmarking token-account-2
Benchmarking token-account-2: Warming up for 3.0000 s
Benchmarking token-account-2: Collecting 100 samples in estimated 11.249 s (35k iterations)
Benchmarking token-account-2: Analyzing
token-account-2         time:   [326.09 µs 334.86 µs 343.80 µs]
Found 10 outliers among 100 measurements (10.00%)
  10 (10.00%) high severe

Benchmarking uniswap-1
Benchmarking uniswap-1: Warming up for 3.0000 s
Benchmarking uniswap-1: Collecting 100 samples in estimated 11.035 s (30k iterations)
Benchmarking uniswap-1: Analyzing
uniswap-1               time:   [364.27 µs 365.16 µs 366.14 µs]
Found 8 outliers among 100 measurements (8.00%)
  8 (8.00%) high mild

Benchmarking uniswap-2
Benchmarking uniswap-2: Warming up for 3.0000 s
Benchmarking uniswap-2: Collecting 100 samples in estimated 10.086 s (40k iterations)
Benchmarking uniswap-2: Analyzing
uniswap-2               time:   [247.07 µs 247.33 µs 247.65 µs]
Found 8 outliers among 100 measurements (8.00%)
  3 (3.00%) high mild
  5 (5.00%) high severe

Benchmarking uniswap-3
Benchmarking uniswap-3: Warming up for 3.0000 s
Benchmarking uniswap-3: Collecting 100 samples in estimated 16.807 s (10k iterations)
Benchmarking uniswap-3: Analyzing
uniswap-3               time:   [1.4780 ms 1.4791 ms 1.4804 ms]
Found 5 outliers among 100 measurements (5.00%)
  3 (3.00%) high mild
  2 (2.00%) high severe

Benchmarking uniswap-4
Benchmarking uniswap-4: Warming up for 3.0000 s
Benchmarking uniswap-4: Collecting 100 samples in estimated 11.002 s (30k iterations)
Benchmarking uniswap-4: Analyzing
uniswap-4               time:   [362.17 µs 364.98 µs 368.69 µs]
Found 2 outliers among 100 measurements (2.00%)
  1 (1.00%) high mild
  1 (1.00%) high severe

Benchmarking uniswap-5
Benchmarking uniswap-5: Warming up for 3.0000 s
Benchmarking uniswap-5: Collecting 100 samples in estimated 10.360 s (10k iterations)
Benchmarking uniswap-5: Analyzing
uniswap-5               time:   [1.0223 ms 1.0235 ms 1.0249 ms]
Found 13 outliers among 100 measurements (13.00%)
  8 (8.00%) high mild
  5 (5.00%) high severe

Benchmarking uniswap-6
Benchmarking uniswap-6: Warming up for 3.0000 s
Benchmarking uniswap-6: Collecting 100 samples in estimated 10.380 s (30k iterations)
Benchmarking uniswap-6: Analyzing
uniswap-6               time:   [348.69 µs 354.33 µs 361.10 µs]
Found 17 outliers among 100 measurements (17.00%)
  1 (1.00%) high mild
  16 (16.00%) high severe

Benchmarking vesting-1
Benchmarking vesting-1: Warming up for 3.0000 s
Benchmarking vesting-1: Collecting 100 samples in estimated 10.512 s (30k iterations)
Benchmarking vesting-1: Analyzing
vesting-1               time:   [343.20 µs 343.63 µs 344.07 µs]
Found 8 outliers among 100 measurements (8.00%)
  4 (4.00%) high mild
  4 (4.00%) high severe

