[33mBenchmarking is an experimental feature.
Breaking changes might not follow SemVer, please pin Vitest's version when using it.[39m

[1m[46m RUN [49m[22m [36mv4.0.18 [39m[90m/bench/blaze-plutus/packages/blaze-plutus[39m


 [32m✓[39m bench/plutus_use_cases.bench.ts[2m > [22mplutus use cases[33m 54159[2mms[22m[39m
     [1mname                    [22m  [1m      hz[22m  [1m   min[22m  [1m    max[22m  [1m  mean[22m  [1m   p75[22m  [1m    p99[22m  [1m   p995[22m  [1m   p999[22m  [1m   rme[22m  [1msamples[22m
   [32m·[39m auction_1-1               [34m1,583.25[39m  [36m0.5712[39m  [36m 1.2832[39m  [36m0.6316[39m  [36m0.6083[39m  [36m 1.0441[39m  [36m 1.0919[39m  [36m 1.2832[39m  [2m±1.11%[22m  [2m    792[22m
   [32m·[39m auction_1-2               [34m  510.41[39m  [36m1.6981[39m  [36m 2.5537[39m  [36m1.9592[39m  [36m2.2913[39m  [36m 2.4838[39m  [36m 2.5306[39m  [36m 2.5537[39m  [2m±1.78%[22m  [2m    256[22m
   [32m·[39m auction_1-3               [34m  508.43[39m  [36m1.6947[39m  [36m 2.6071[39m  [36m1.9669[39m  [36m2.2840[39m  [36m 2.4952[39m  [36m 2.5194[39m  [36m 2.6071[39m  [2m±1.79%[22m  [2m    255[22m
   [32m·[39m auction_1-4               [34m1,287.14[39m  [36m0.7048[39m  [36m 1.2233[39m  [36m0.7769[39m  [36m0.7482[39m  [36m 1.1419[39m  [36m 1.1932[39m  [36m 1.2233[39m  [2m±1.06%[22m  [2m    644[22m
   [32m·[39m auction_2-1               [34m1,592.91[39m  [36m0.5670[39m  [36m 1.0667[39m  [36m0.6278[39m  [36m0.6098[39m  [36m 0.9523[39m  [36m 1.0581[39m  [36m 1.0667[39m  [2m±1.04%[22m  [2m    797[22m
   [32m·[39m auction_2-2               [34m  513.86[39m  [36m1.6883[39m  [36m 2.5505[39m  [36m1.9461[39m  [36m2.2792[39m  [36m 2.5094[39m  [36m 2.5206[39m  [36m 2.5505[39m  [2m±1.76%[22m  [2m    258[22m
   [32m·[39m auction_2-3               [34m  412.30[39m  [36m2.0956[39m  [36m 2.8792[39m  [36m2.4254[39m  [36m2.6968[39m  [36m 2.8327[39m  [36m 2.8754[39m  [36m 2.8792[39m  [2m±1.60%[22m  [2m    207[22m
   [32m·[39m auction_2-4               [34m  510.76[39m  [36m1.6924[39m  [36m 2.5492[39m  [36m1.9579[39m  [36m2.2698[39m  [36m 2.4667[39m  [36m 2.4746[39m  [36m 2.5492[39m  [2m±1.76%[22m  [2m    256[22m
   [32m·[39m auction_2-5               [34m1,289.15[39m  [36m0.7001[39m  [36m 1.2313[39m  [36m0.7757[39m  [36m0.7460[39m  [36m 1.1478[39m  [36m 1.1679[39m  [36m 1.2313[39m  [2m±1.07%[22m  [2m    645[22m
   [32m·[39m coop-1                    [34m1,108.12[39m  [36m0.8083[39m  [36m 8.5462[39m  [36m0.9024[39m  [36m0.8503[39m  [36m 1.3914[39m  [36m 1.6917[39m  [36m 8.5462[39m  [2m±3.44%[22m  [2m    559[22m
   [32m·[39m coop-2                    [34m  257.86[39m  [36m3.5645[39m  [36m 4.3983[39m  [36m3.8781[39m  [36m4.0886[39m  [36m 4.3038[39m  [36m 4.3983[39m  [36m 4.3983[39m  [2m±1.08%[22m  [2m    129[22m
   [32m·[39m coop-3                    [34m  104.38[39m  [36m6.3902[39m  [36m18.6942[39m  [36m9.5803[39m  [36m9.8527[39m  [36m18.6942[39m  [36m18.6942[39m  [36m18.6942[39m  [2m±5.29%[22m  [2m     53[22m
   [32m·[39m coop-4                    [34m  206.27[39m  [36m4.1994[39m  [36m11.3902[39m  [36m4.8479[39m  [36m4.8546[39m  [36m10.8676[39m  [36m11.3902[39m  [36m11.3902[39m  [2m±4.93%[22m  [2m    104[22m
   [32m·[39m coop-5                    [34m  649.38[39m  [36m1.3799[39m  [36m 2.6619[39m  [36m1.5399[39m  [36m1.7668[39m  [36m 2.0406[39m  [36m 2.6195[39m  [36m 2.6619[39m  [2m±1.49%[22m  [2m    325[22m
   [32m·[39m coop-6                    [34m  426.27[39m  [36m2.1838[39m  [36m 2.6067[39m  [36m2.3459[39m  [36m2.4609[39m  [36m 2.5541[39m  [36m 2.5746[39m  [36m 2.6067[39m  [2m±0.69%[22m  [2m    214[22m
   [32m·[39m coop-7                    [34m  842.36[39m  [36m1.1075[39m  [36m 1.5479[39m  [36m1.1871[39m  [36m1.2312[39m  [36m 1.4249[39m  [36m 1.4451[39m  [36m 1.5479[39m  [2m±0.83%[22m  [2m    422[22m
   [32m·[39m crowdfunding-success-1    [34m1,302.39[39m  [36m0.7066[39m  [36m 1.1034[39m  [36m0.7678[39m  [36m0.7334[39m  [36m 1.0459[39m  [36m 1.0504[39m  [36m 1.1034[39m  [2m±1.03%[22m  [2m    652[22m
   [32m·[39m crowdfunding-success-2    [34m1,302.36[39m  [36m0.7033[39m  [36m 1.2167[39m  [36m0.7678[39m  [36m0.7334[39m  [36m 1.0563[39m  [36m 1.0760[39m  [36m 1.2167[39m  [2m±1.05%[22m  [2m    652[22m
   [32m·[39m crowdfunding-success-3    [34m1,300.66[39m  [36m0.7067[39m  [36m 1.2334[39m  [36m0.7688[39m  [36m0.7358[39m  [36m 1.0551[39m  [36m 1.0682[39m  [36m 1.2334[39m  [2m±1.06%[22m  [2m    651[22m
   [32m·[39m currency-1                [34m1,187.66[39m  [36m0.7722[39m  [36m 1.3698[39m  [36m0.8420[39m  [36m0.8043[39m  [36m 1.1249[39m  [36m 1.2153[39m  [36m 1.3698[39m  [2m±1.06%[22m  [2m    595[22m
   [32m·[39m escrow-redeem_1-1         [34m  853.80[39m  [36m1.0670[39m  [36m 1.5811[39m  [36m1.1712[39m  [36m1.1667[39m  [36m 1.4935[39m  [36m 1.5410[39m  [36m 1.5811[39m  [2m±1.23%[22m  [2m    427[22m
   [32m·[39m escrow-redeem_1-2         [34m  851.98[39m  [36m1.0679[39m  [36m 1.7807[39m  [36m1.1737[39m  [36m1.1457[39m  [36m 1.5025[39m  [36m 1.5269[39m  [36m 1.7807[39m  [2m±1.26%[22m  [2m    426[22m
   [32m·[39m escrow-redeem_2-1         [34m  752.99[39m  [36m1.2074[39m  [36m 1.8906[39m  [36m1.3280[39m  [36m1.4714[39m  [36m 1.7377[39m  [36m 1.7945[39m  [36m 1.8906[39m  [2m±1.26%[22m  [2m    377[22m
   [32m·[39m escrow-redeem_2-2         [34m  754.81[39m  [36m1.2014[39m  [36m 1.8341[39m  [36m1.3248[39m  [36m1.4701[39m  [36m 1.6530[39m  [36m 1.6593[39m  [36m 1.8341[39m  [2m±1.23%[22m  [2m    378[22m
   [32m·[39m escrow-redeem_2-3         [34m  754.37[39m  [36m1.2095[39m  [36m 1.7097[39m  [36m1.3256[39m  [36m1.4713[39m  [36m 1.6610[39m  [36m 1.7026[39m  [36m 1.7097[39m  [2m±1.23%[22m  [2m    378[22m
   [32m·[39m escrow-refund-1           [34m1,517.37[39m  [36m0.5967[39m  [36m 1.2269[39m  [36m0.6590[39m  [36m0.6228[39m  [36m 1.0165[39m  [36m 1.0438[39m  [36m 1.2269[39m  [2m±1.31%[22m  [2m    759[22m
   [32m·[39m future-increase-margin-1  [34m1,189.42[39m  [36m0.7717[39m  [36m 1.2639[39m  [36m0.8407[39m  [36m0.8043[39m  [36m 1.1138[39m  [36m 1.1359[39m  [36m 1.2639[39m  [2m±1.03%[22m  [2m    595[22m
   [32m·[39m future-increase-margin-2  [34m  599.44[39m  [36m1.5034[39m  [36m 2.0968[39m  [36m1.6682[39m  [36m1.9050[39m  [36m 2.0531[39m  [36m 2.0649[39m  [36m 2.0968[39m  [2m±1.27%[22m  [2m    300[22m
   [32m·[39m future-increase-margin-3  [34m  597.57[39m  [36m1.5062[39m  [36m 2.0983[39m  [36m1.6735[39m  [36m1.9076[39m  [36m 2.0650[39m  [36m 2.0872[39m  [36m 2.0983[39m  [2m±1.29%[22m  [2m    299[22m
   [32m·[39m future-increase-margin-4  [34m  592.98[39m  [36m1.5609[39m  [36m 2.0739[39m  [36m1.6864[39m  [36m1.8693[39m  [36m 1.9561[39m  [36m 2.0645[39m  [36m 2.0739[39m  [2m±0.98%[22m  [2m    297[22m
   [32m·[39m future-increase-margin-5  [34m  254.84[39m  [36m3.4547[39m  [36m 4.5919[39m  [36m3.9240[39m  [36m4.2751[39m  [36m 4.5424[39m  [36m 4.5919[39m  [36m 4.5919[39m  [2m±1.64%[22m  [2m    128[22m
   [32m·[39m future-pay-out-1          [34m1,171.63[39m  [36m0.7738[39m  [36m 1.2062[39m  [36m0.8535[39m  [36m0.8058[39m  [36m 1.1812[39m  [36m 1.1881[39m  [36m 1.2062[39m  [2m±1.25%[22m  [2m    586[22m
   [32m·[39m future-pay-out-2          [34m  591.86[39m  [36m1.5059[39m  [36m 2.1487[39m  [36m1.6896[39m  [36m1.9462[39m  [36m 2.0594[39m  [36m 2.0976[39m  [36m 2.1487[39m  [2m±1.39%[22m  [2m    297[22m
   [32m·[39m future-pay-out-3          [34m  590.96[39m  [36m1.5120[39m  [36m 2.1387[39m  [36m1.6922[39m  [36m1.9631[39m  [36m 2.0730[39m  [36m 2.0880[39m  [36m 2.1387[39m  [2m±1.42%[22m  [2m    296[22m
   [32m·[39m future-pay-out-4          [34m  259.56[39m  [36m3.4275[39m  [36m 4.4958[39m  [36m3.8527[39m  [36m4.1751[39m  [36m 4.4506[39m  [36m 4.4958[39m  [36m 4.4958[39m  [2m±1.59%[22m  [2m    130[22m
   [32m·[39m future-settle-early-1     [34m1,171.08[39m  [36m0.7775[39m  [36m 1.2191[39m  [36m0.8539[39m  [36m0.8058[39m  [36m 1.1787[39m  [36m 1.1847[39m  [36m 1.2191[39m  [2m±1.24%[22m  [2m    586[22m
   [32m·[39m future-settle-early-2     [34m  592.78[39m  [36m1.5091[39m  [36m 2.1480[39m  [36m1.6870[39m  [36m1.9469[39m  [36m 2.0530[39m  [36m 2.0663[39m  [36m 2.1480[39m  [2m±1.40%[22m  [2m    297[22m
   [32m·[39m future-settle-early-3     [34m  590.43[39m  [36m1.5120[39m  [36m 2.1164[39m  [36m1.6937[39m  [36m1.9524[39m  [36m 2.0920[39m  [36m 2.0927[39m  [36m 2.1164[39m  [2m±1.41%[22m  [2m    296[22m
   [32m·[39m future-settle-early-4     [34m  302.59[39m  [36m2.9627[39m  [36m 3.9406[39m  [36m3.3048[39m  [36m3.6679[39m  [36m 3.9214[39m  [36m 3.9406[39m  [36m 3.9406[39m  [2m±1.63%[22m  [2m    152[22m
   [32m·[39m game-sm-success_1-1       [34m  682.46[39m  [36m1.2829[39m  [36m 2.3453[39m  [36m1.4653[39m  [36m1.7759[39m  [36m 2.0635[39m  [36m 2.1103[39m  [36m 2.3453[39m  [2m±1.90%[22m  [2m    342[22m
   [32m·[39m game-sm-success_1-2       [34m1,445.13[39m  [36m0.6339[39m  [36m 1.0241[39m  [36m0.6920[39m  [36m0.6644[39m  [36m 0.9399[39m  [36m 0.9485[39m  [36m 1.0241[39m  [2m±0.98%[22m  [2m    723[22m
   [32m·[39m game-sm-success_1-3       [34m  470.80[39m  [36m1.8515[39m  [36m 2.7540[39m  [36m2.1241[39m  [36m2.4380[39m  [36m 2.6584[39m  [36m 2.7040[39m  [36m 2.7540[39m  [2m±1.75%[22m  [2m    236[22m
   [32m·[39m game-sm-success_1-4       [34m1,232.74[39m  [36m0.7425[39m  [36m 1.1814[39m  [36m0.8112[39m  [36m0.7723[39m  [36m 1.1113[39m  [36m 1.1638[39m  [36m 1.1814[39m  [2m±1.10%[22m  [2m    617[22m
   [32m·[39m game-sm-success_2-1       [34m  682.76[39m  [36m1.2822[39m  [36m 2.0760[39m  [36m1.4647[39m  [36m1.7793[39m  [36m 2.0503[39m  [36m 2.0753[39m  [36m 2.0760[39m  [2m±1.90%[22m  [2m    342[22m
   [32m·[39m game-sm-success_2-2       [34m1,445.52[39m  [36m0.6321[39m  [36m 0.9911[39m  [36m0.6918[39m  [36m0.6640[39m  [36m 0.9419[39m  [36m 0.9530[39m  [36m 0.9911[39m  [2m±0.98%[22m  [2m    723[22m
   [32m·[39m game-sm-success_2-3       [34m  472.00[39m  [36m1.8489[39m  [36m 2.6436[39m  [36m2.1186[39m  [36m2.4494[39m  [36m 2.5841[39m  [36m 2.6228[39m  [36m 2.6436[39m  [2m±1.74%[22m  [2m    236[22m
   [32m·[39m game-sm-success_2-4       [34m1,234.61[39m  [36m0.7425[39m  [36m 1.2284[39m  [36m0.8100[39m  [36m0.7713[39m  [36m 1.1099[39m  [36m 1.1274[39m  [36m 1.2284[39m  [2m±1.11%[22m  [2m    618[22m
   [32m·[39m game-sm-success_2-5       [34m  470.40[39m  [36m1.8429[39m  [36m 2.9315[39m  [36m2.1259[39m  [36m2.4533[39m  [36m 2.6830[39m  [36m 2.7679[39m  [36m 2.9315[39m  [2m±1.80%[22m  [2m    236[22m
   [32m·[39m game-sm-success_2-6       [34m1,227.37[39m  [36m0.7416[39m  [36m 1.2430[39m  [36m0.8148[39m  [36m0.7771[39m  [36m 1.1836[39m  [36m 1.2294[39m  [36m 1.2430[39m  [2m±1.15%[22m  [2m    615[22m
   [32m·[39m guardrail-sorted-large    [34m  610.90[39m  [36m1.4521[39m  [36m 2.1094[39m  [36m1.6369[39m  [36m1.8285[39m  [36m 2.0296[39m  [36m 2.1016[39m  [36m 2.1094[39m  [2m±1.23%[22m  [2m    306[22m
   [32m·[39m guardrail-sorted-small    [34m3,031.83[39m  [36m0.2933[39m  [36m 0.7098[39m  [36m0.3298[39m  [36m0.3171[39m  [36m 0.6189[39m  [36m 0.6282[39m  [36m 0.7021[39m  [2m±1.01%[22m  [2m   1516[22m
   [32m·[39m guardrail-unsorted-large  [34m  457.58[39m  [36m1.9625[39m  [36m 2.6365[39m  [36m2.1854[39m  [36m2.3343[39m  [36m 2.5313[39m  [36m 2.5609[39m  [36m 2.6365[39m  [2m±1.05%[22m  [2m    229[22m
   [32m·[39m guardrail-unsorted-small  [34m3,063.67[39m  [36m0.2918[39m  [36m 0.6642[39m  [36m0.3264[39m  [36m0.3112[39m  [36m 0.6147[39m  [36m 0.6249[39m  [36m 0.6516[39m  [2m±1.09%[22m  [2m   1532[22m
   [32m·[39m multisig-sm-01            [34m  657.06[39m  [36m1.3291[39m  [36m 2.1593[39m  [36m1.5219[39m  [36m1.7789[39m  [36m 2.0984[39m  [36m 2.1505[39m  [36m 2.1593[39m  [2m±1.93%[22m  [2m    329[22m
   [32m·[39m multisig-sm-02            [34m  668.91[39m  [36m1.3099[39m  [36m 2.1823[39m  [36m1.4950[39m  [36m1.7716[39m  [36m 2.1455[39m  [36m 2.1664[39m  [36m 2.1823[39m  [2m±1.95%[22m  [2m    335[22m
   [32m·[39m multisig-sm-03            [34m  665.42[39m  [36m1.3181[39m  [36m 2.1705[39m  [36m1.5028[39m  [36m1.6161[39m  [36m 2.1373[39m  [36m 2.1490[39m  [36m 2.1705[39m  [2m±1.93%[22m  [2m    333[22m
   [32m·[39m multisig-sm-04            [34m  660.83[39m  [36m1.3319[39m  [36m 2.2396[39m  [36m1.5132[39m  [36m1.6211[39m  [36m 2.1312[39m  [36m 2.1484[39m  [36m 2.2396[39m  [2m±1.92%[22m  [2m    331[22m
   [32m·[39m multisig-sm-05            [34m  516.19[39m  [36m1.7041[39m  [36m 2.6039[39m  [36m1.9373[39m  [36m2.2362[39m  [36m 2.4385[39m  [36m 2.4651[39m  [36m 2.6039[39m  [2m±1.69%[22m  [2m    259[22m
   [32m·[39m multisig-sm-06            [34m  653.76[39m  [36m1.3229[39m  [36m 2.1819[39m  [36m1.5296[39m  [36m1.8261[39m  [36m 2.1560[39m  [36m 2.1744[39m  [36m 2.1819[39m  [2m±2.03%[22m  [2m    327[22m
   [32m·[39m multisig-sm-07            [34m  671.52[39m  [36m1.3078[39m  [36m 2.1478[39m  [36m1.4891[39m  [36m1.7294[39m  [36m 2.1300[39m  [36m 2.1351[39m  [36m 2.1478[39m  [2m±1.92%[22m  [2m    336[22m
   [32m·[39m multisig-sm-08            [34m  667.25[39m  [36m1.3184[39m  [36m 2.1512[39m  [36m1.4987[39m  [36m1.6143[39m  [36m 2.1248[39m  [36m 2.1508[39m  [36m 2.1512[39m  [2m±1.91%[22m  [2m    334[22m
   [32m·[39m multisig-sm-09            [34m  659.54[39m  [36m1.3295[39m  [36m 2.2513[39m  [36m1.5162[39m  [36m1.6164[39m  [36m 2.1388[39m  [36m 2.2253[39m  [36m 2.2513[39m  [2m±1.97%[22m  [2m    330[22m
   [32m·[39m multisig-sm-10            [34m  516.87[39m  [36m1.7041[39m  [36m 2.4870[39m  [36m1.9347[39m  [36m2.2308[39m  [36m 2.4324[39m  [36m 2.4577[39m  [36m 2.4870[39m  [2m±1.70%[22m  [2m    259[22m
   [32m·[39m ping-pong-1               [34m  790.38[39m  [36m1.1100[39m  [36m 1.8802[39m  [36m1.2652[39m  [36m1.1804[39m  [36m 1.8577[39m  [36m 1.8715[39m  [36m 1.8802[39m  [2m±1.87%[22m  [2m    396[22m
   [32m·[39m ping-pong-2               [34m  797.25[39m  [36m1.1094[39m  [36m 1.8437[39m  [36m1.2543[39m  [36m1.1697[39m  [36m 1.7833[39m  [36m 1.8001[39m  [36m 1.8437[39m  [2m±1.79%[22m  [2m    399[22m
   [32m·[39m ping-pong_2-1             [34m1,103.39[39m  [36m0.8062[39m  [36m 1.6210[39m  [36m0.9063[39m  [36m0.8359[39m  [36m 1.4842[39m  [36m 1.4975[39m  [36m 1.6210[39m  [2m±1.81%[22m  [2m    553[22m
   [32m·[39m prism-1                   [34m1,664.25[39m  [36m0.5437[39m  [36m 1.0799[39m  [36m0.6009[39m  [36m0.5716[39m  [36m 0.9583[39m  [36m 0.9739[39m  [36m 1.0799[39m  [2m±1.17%[22m  [2m    833[22m
   [32m·[39m prism-2                   [34m  675.53[39m  [36m1.3375[39m  [36m 2.2052[39m  [36m1.4803[39m  [36m1.4995[39m  [36m 2.0400[39m  [36m 2.1675[39m  [36m 2.2052[39m  [2m±1.60%[22m  [2m    338[22m
   [32m·[39m prism-3                   [34m  590.85[39m  [36m1.5666[39m  [36m 2.0650[39m  [36m1.6925[39m  [36m1.8970[39m  [36m 2.0523[39m  [36m 2.0576[39m  [36m 2.0650[39m  [2m±1.21%[22m  [2m    296[22m
   [32m·[39m pubkey-1                  [34m1,372.72[39m  [36m0.4771[39m  [36m 4.7649[39m  [36m0.7285[39m  [36m0.7087[39m  [36m 1.4428[39m  [36m 2.2265[39m  [36m 4.7649[39m  [2m±2.62%[22m  [2m    687[22m
   [32m·[39m stablecoin_1-1            [34m  122.90[39m  [36m7.5254[39m  [36m 8.9524[39m  [36m8.1370[39m  [36m8.5336[39m  [36m 8.9524[39m  [36m 8.9524[39m  [36m 8.9524[39m  [2m±1.40%[22m  [2m     62[22m
   [32m·[39m stablecoin_1-2            [34m1,320.85[39m  [36m0.6259[39m  [36m 1.7749[39m  [36m0.7571[39m  [36m0.9269[39m  [36m 1.2752[39m  [36m 1.2987[39m  [36m 1.7749[39m  [2m±1.66%[22m  [2m    661[22m
   [32m·[39m stablecoin_1-3            [34m  161.60[39m  [36m5.5993[39m  [36m 7.3227[39m  [36m6.1880[39m  [36m6.5219[39m  [36m 7.3227[39m  [36m 7.3227[39m  [36m 7.3227[39m  [2m±1.52%[22m  [2m     81[22m
   [32m·[39m stablecoin_1-4            [34m1,362.34[39m  [36m0.6589[39m  [36m 1.1464[39m  [36m0.7340[39m  [36m0.7049[39m  [36m 1.0355[39m  [36m 1.0753[39m  [36m 1.1464[39m  [2m±1.09%[22m  [2m    682[22m
   [32m·[39m stablecoin_1-5            [34m  136.97[39m  [36m6.4633[39m  [36m 7.9583[39m  [36m7.3009[39m  [36m7.4836[39m  [36m 7.9583[39m  [36m 7.9583[39m  [36m 7.9583[39m  [2m±1.03%[22m  [2m     69[22m
   [32m·[39m stablecoin_1-6            [34m1,141.42[39m  [36m0.8065[39m  [36m 1.2550[39m  [36m0.8761[39m  [36m0.8387[39m  [36m 1.1618[39m  [36m 1.1709[39m  [36m 1.2550[39m  [2m±1.03%[22m  [2m    571[22m
   [32m·[39m stablecoin_2-1            [34m  174.92[39m  [36m5.1507[39m  [36m 6.4403[39m  [36m5.7170[39m  [36m6.0473[39m  [36m 6.4403[39m  [36m 6.4403[39m  [36m 6.4403[39m  [2m±1.54%[22m  [2m     88[22m
   [32m·[39m stablecoin_2-2            [34m1,449.53[39m  [36m0.6268[39m  [36m 1.0884[39m  [36m0.6899[39m  [36m0.6587[39m  [36m 0.9902[39m  [36m 1.0009[39m  [36m 1.0884[39m  [2m±1.12%[22m  [2m    725[22m
   [32m·[39m stablecoin_2-3            [34m  158.99[39m  [36m5.6028[39m  [36m10.1946[39m  [36m6.2896[39m  [36m6.5355[39m  [36m10.1946[39m  [36m10.1946[39m  [36m10.1946[39m  [2m±2.40%[22m  [2m     80[22m
   [32m·[39m stablecoin_2-4            [34m1,365.92[39m  [36m0.6563[39m  [36m 1.1195[39m  [36m0.7321[39m  [36m0.7009[39m  [36m 1.0229[39m  [36m 1.0459[39m  [36m 1.1195[39m  [2m±1.11%[22m  [2m    683[22m
   [32m·[39m token-account-1           [34m1,441.98[39m  [36m0.6232[39m  [36m 1.2705[39m  [36m0.6935[39m  [36m0.6542[39m  [36m 1.0476[39m  [36m 1.0806[39m  [36m 1.2705[39m  [2m±1.33%[22m  [2m    721[22m
   [32m·[39m token-account-2           [34m  939.00[39m  [36m0.9730[39m  [36m 1.5321[39m  [36m1.0650[39m  [36m1.0304[39m  [36m 1.3956[39m  [36m 1.4646[39m  [36m 1.5321[39m  [2m±1.14%[22m  [2m    470[22m
   [32m·[39m uniswap-1                 [34m  790.19[39m  [36m1.1425[39m  [36m 1.6902[39m  [36m1.2655[39m  [36m1.4697[39m  [36m 1.6054[39m  [36m 1.6257[39m  [36m 1.6902[39m  [2m±1.23%[22m  [2m    396[22m
   [32m·[39m uniswap-2                 [34m1,222.40[39m  [36m0.7291[39m  [36m 1.3113[39m  [36m0.8181[39m  [36m0.7753[39m  [36m 1.2275[39m  [36m 1.2540[39m  [36m 1.3113[39m  [2m±1.35%[22m  [2m    612[22m
   [32m·[39m uniswap-3                 [34m  177.57[39m  [36m5.2700[39m  [36m 6.1426[39m  [36m5.6316[39m  [36m5.7300[39m  [36m 6.1426[39m  [36m 6.1426[39m  [36m 6.1426[39m  [2m±0.74%[22m  [2m     89[22m
   [32m·[39m uniswap-4                 [34m  894.83[39m  [36m1.0425[39m  [36m 2.5083[39m  [36m1.1175[39m  [36m1.0888[39m  [36m 1.3563[39m  [36m 1.3880[39m  [36m 2.5083[39m  [2m±1.01%[22m  [2m    448[22m
   [32m·[39m uniswap-5                 [34m  257.98[39m  [36m3.3420[39m  [36m 4.5112[39m  [36m3.8762[39m  [36m4.0962[39m  [36m 4.3307[39m  [36m 4.5112[39m  [36m 4.5112[39m  [2m±1.40%[22m  [2m    129[22m
   [32m·[39m uniswap-6                 [34m  936.71[39m  [36m0.9963[39m  [36m 1.5084[39m  [36m1.0676[39m  [36m1.0368[39m  [36m 1.2968[39m  [36m 1.3028[39m  [36m 1.5084[39m  [2m±0.85%[22m  [2m    469[22m
   [32m·[39m vesting-1                 [34m  861.56[39m  [36m1.0534[39m  [36m 1.7537[39m  [36m1.1607[39m  [36m1.1388[39m  [36m 1.5067[39m  [36m 1.6041[39m  [36m 1.7537[39m  [2m±1.29%[22m  [2m    431[22m

[1m[46m BENCH [49m[22m [36mSummary
[39m
  guardrail-unsorted-small[2m - bench/plutus_use_cases.bench.ts[2m > [22m[2mplutus use cases[22m
[32m    1.01x [39m[90mfaster than [39mguardrail-sorted-small
[32m    1.84x [39m[90mfaster than [39mprism-1
[32m    1.92x [39m[90mfaster than [39mauction_2-1
[32m    1.94x [39m[90mfaster than [39mauction_1-1
[32m    2.02x [39m[90mfaster than [39mescrow-refund-1
[32m    2.11x [39m[90mfaster than [39mstablecoin_2-2
[32m    2.12x [39m[90mfaster than [39mgame-sm-success_2-2
[32m    2.12x [39m[90mfaster than [39mgame-sm-success_1-2
[32m    2.12x [39m[90mfaster than [39mtoken-account-1
[32m    2.23x [39m[90mfaster than [39mpubkey-1
[32m    2.24x [39m[90mfaster than [39mstablecoin_2-4
[32m    2.25x [39m[90mfaster than [39mstablecoin_1-4
[32m    2.32x [39m[90mfaster than [39mstablecoin_1-2
[32m    2.35x [39m[90mfaster than [39mcrowdfunding-success-1
[32m    2.35x [39m[90mfaster than [39mcrowdfunding-success-2
[32m    2.36x [39m[90mfaster than [39mcrowdfunding-success-3
[32m    2.38x [39m[90mfaster than [39mauction_2-5
[32m    2.38x [39m[90mfaster than [39mauction_1-4
[32m    2.48x [39m[90mfaster than [39mgame-sm-success_2-4
[32m    2.49x [39m[90mfaster than [39mgame-sm-success_1-4
[32m    2.50x [39m[90mfaster than [39mgame-sm-success_2-6
[32m    2.51x [39m[90mfaster than [39muniswap-2
[32m    2.58x [39m[90mfaster than [39mfuture-increase-margin-1
[32m    2.58x [39m[90mfaster than [39mcurrency-1
[32m    2.61x [39m[90mfaster than [39mfuture-pay-out-1
[32m    2.62x [39m[90mfaster than [39mfuture-settle-early-1
[32m    2.68x [39m[90mfaster than [39mstablecoin_1-6
[32m    2.76x [39m[90mfaster than [39mcoop-1
[32m    2.78x [39m[90mfaster than [39mping-pong_2-1
[32m    3.26x [39m[90mfaster than [39mtoken-account-2
[32m    3.27x [39m[90mfaster than [39muniswap-6
[32m    3.42x [39m[90mfaster than [39muniswap-4
[32m    3.56x [39m[90mfaster than [39mvesting-1
[32m    3.59x [39m[90mfaster than [39mescrow-redeem_1-1
[32m    3.60x [39m[90mfaster than [39mescrow-redeem_1-2
[32m    3.64x [39m[90mfaster than [39mcoop-7
[32m    3.84x [39m[90mfaster than [39mping-pong-2
[32m    3.88x [39m[90mfaster than [39mping-pong-1
[32m    3.88x [39m[90mfaster than [39muniswap-1
[32m    4.06x [39m[90mfaster than [39mescrow-redeem_2-2
[32m    4.06x [39m[90mfaster than [39mescrow-redeem_2-3
[32m    4.07x [39m[90mfaster than [39mescrow-redeem_2-1
[32m    4.49x [39m[90mfaster than [39mgame-sm-success_2-1
[32m    4.49x [39m[90mfaster than [39mgame-sm-success_1-1
[32m    4.54x [39m[90mfaster than [39mprism-2
[32m    4.56x [39m[90mfaster than [39mmultisig-sm-07
[32m    4.58x [39m[90mfaster than [39mmultisig-sm-02
[32m    4.59x [39m[90mfaster than [39mmultisig-sm-08
[32m    4.60x [39m[90mfaster than [39mmultisig-sm-03
[32m    4.64x [39m[90mfaster than [39mmultisig-sm-04
[32m    4.65x [39m[90mfaster than [39mmultisig-sm-09
[32m    4.66x [39m[90mfaster than [39mmultisig-sm-01
[32m    4.69x [39m[90mfaster than [39mmultisig-sm-06
[32m    4.72x [39m[90mfaster than [39mcoop-5
[32m    5.02x [39m[90mfaster than [39mguardrail-sorted-large
[32m    5.11x [39m[90mfaster than [39mfuture-increase-margin-2
[32m    5.13x [39m[90mfaster than [39mfuture-increase-margin-3
[32m    5.17x [39m[90mfaster than [39mfuture-increase-margin-4
[32m    5.17x [39m[90mfaster than [39mfuture-settle-early-2
[32m    5.18x [39m[90mfaster than [39mfuture-pay-out-2
[32m    5.18x [39m[90mfaster than [39mfuture-pay-out-3
[32m    5.19x [39m[90mfaster than [39mprism-3
[32m    5.19x [39m[90mfaster than [39mfuture-settle-early-3
[32m    5.93x [39m[90mfaster than [39mmultisig-sm-10
[32m    5.94x [39m[90mfaster than [39mmultisig-sm-05
[32m    5.96x [39m[90mfaster than [39mauction_2-2
[32m    6.00x [39m[90mfaster than [39mauction_2-4
[32m    6.00x [39m[90mfaster than [39mauction_1-2
[32m    6.03x [39m[90mfaster than [39mauction_1-3
[32m    6.49x [39m[90mfaster than [39mgame-sm-success_2-3
[32m    6.51x [39m[90mfaster than [39mgame-sm-success_1-3
[32m    6.51x [39m[90mfaster than [39mgame-sm-success_2-5
[32m    6.70x [39m[90mfaster than [39mguardrail-unsorted-large
[32m    7.19x [39m[90mfaster than [39mcoop-6
[32m    7.43x [39m[90mfaster than [39mauction_2-3
[32m    10.12x [39m[90mfaster than [39mfuture-settle-early-4
[32m    11.80x [39m[90mfaster than [39mfuture-pay-out-4
[32m    11.88x [39m[90mfaster than [39muniswap-5
[32m    11.88x [39m[90mfaster than [39mcoop-2
[32m    12.02x [39m[90mfaster than [39mfuture-increase-margin-5
[32m    14.85x [39m[90mfaster than [39mcoop-4
[32m    17.25x [39m[90mfaster than [39muniswap-3
[32m    17.52x [39m[90mfaster than [39mstablecoin_2-1
[32m    18.96x [39m[90mfaster than [39mstablecoin_1-3
[32m    19.27x [39m[90mfaster than [39mstablecoin_2-3
[32m    22.37x [39m[90mfaster than [39mstablecoin_1-5
[32m    24.93x [39m[90mfaster than [39mstablecoin_1-1
[32m    29.35x [39m[90mfaster than [39mcoop-3

