[33mBenchmarking is an experimental feature.
Breaking changes might not follow SemVer, please pin Vitest's version when using it.[39m

[1m[46m RUN [49m[22m [36mv4.0.18 [39m[90m/bench/blaze-plutus/packages/blaze-plutus[39m


 [32m✓[39m bench/plutus_use_cases.bench.ts[2m > [22mplutus use cases[33m 54142[2mms[22m[39m
     [1mname                    [22m  [1m      hz[22m  [1m   min[22m  [1m    max[22m  [1m  mean[22m  [1m   p75[22m  [1m    p99[22m  [1m   p995[22m  [1m   p999[22m  [1m   rme[22m  [1msamples[22m
   [32m·[39m auction_1-1               [34m1,562.47[39m  [36m0.5753[39m  [36m 1.3030[39m  [36m0.6400[39m  [36m0.6213[39m  [36m 1.0616[39m  [36m 1.1295[39m  [36m 1.3030[39m  [2m±1.13%[22m  [2m    782[22m
   [32m·[39m auction_1-2               [34m  503.43[39m  [36m1.7311[39m  [36m 2.5583[39m  [36m1.9864[39m  [36m2.3151[39m  [36m 2.4956[39m  [36m 2.5074[39m  [36m 2.5583[39m  [2m±1.75%[22m  [2m    252[22m
   [32m·[39m auction_1-3               [34m  499.80[39m  [36m1.7269[39m  [36m 2.5525[39m  [36m2.0008[39m  [36m2.3262[39m  [36m 2.5098[39m  [36m 2.5436[39m  [36m 2.5525[39m  [2m±1.78%[22m  [2m    250[22m
   [32m·[39m auction_1-4               [34m1,268.15[39m  [36m0.7158[39m  [36m 1.1998[39m  [36m0.7886[39m  [36m0.7639[39m  [36m 1.0977[39m  [36m 1.1125[39m  [36m 1.1998[39m  [2m±1.03%[22m  [2m    635[22m
   [32m·[39m auction_2-1               [34m1,583.30[39m  [36m0.5734[39m  [36m 1.1992[39m  [36m0.6316[39m  [36m0.6131[39m  [36m 0.9522[39m  [36m 0.9947[39m  [36m 1.1992[39m  [2m±1.00%[22m  [2m    792[22m
   [32m·[39m auction_2-2               [34m  506.88[39m  [36m1.7145[39m  [36m 2.4919[39m  [36m1.9729[39m  [36m2.3054[39m  [36m 2.4854[39m  [36m 2.4862[39m  [36m 2.4919[39m  [2m±1.73%[22m  [2m    254[22m
   [32m·[39m auction_2-3               [34m  404.79[39m  [36m2.1266[39m  [36m 2.9847[39m  [36m2.4704[39m  [36m2.7460[39m  [36m 2.9359[39m  [36m 2.9654[39m  [36m 2.9847[39m  [2m±1.64%[22m  [2m    203[22m
   [32m·[39m auction_2-4               [34m  503.63[39m  [36m1.7128[39m  [36m 2.5799[39m  [36m1.9856[39m  [36m2.3029[39m  [36m 2.4781[39m  [36m 2.4939[39m  [36m 2.5799[39m  [2m±1.74%[22m  [2m    252[22m
   [32m·[39m auction_2-5               [34m1,271.03[39m  [36m0.7089[39m  [36m 1.3030[39m  [36m0.7868[39m  [36m0.7633[39m  [36m 1.0835[39m  [36m 1.1658[39m  [36m 1.3030[39m  [2m±1.04%[22m  [2m    636[22m
   [32m·[39m coop-1                    [34m1,062.29[39m  [36m0.8154[39m  [36m 2.3829[39m  [36m0.9414[39m  [36m0.8865[39m  [36m 1.4366[39m  [36m 1.5233[39m  [36m 2.3829[39m  [2m±1.81%[22m  [2m    532[22m
   [32m·[39m coop-2                    [34m  366.33[39m  [36m2.4474[39m  [36m 3.1580[39m  [36m2.7298[39m  [36m2.9199[39m  [36m 3.1296[39m  [36m 3.1580[39m  [36m 3.1580[39m  [2m±1.17%[22m  [2m    184[22m
   [32m·[39m coop-3                    [34m  145.68[39m  [36m6.2580[39m  [36m16.2929[39m  [36m6.8644[39m  [36m6.6821[39m  [36m16.2929[39m  [36m16.2929[39m  [36m16.2929[39m  [2m±5.45%[22m  [2m     73[22m
   [32m·[39m coop-4                    [34m  298.77[39m  [36m2.8930[39m  [36m 7.4181[39m  [36m3.3471[39m  [36m3.4941[39m  [36m 3.9782[39m  [36m 7.4181[39m  [36m 7.4181[39m  [2m±2.00%[22m  [2m    150[22m
   [32m·[39m coop-5                    [34m  619.34[39m  [36m1.4004[39m  [36m 4.7339[39m  [36m1.6146[39m  [36m1.9212[39m  [36m 2.1459[39m  [36m 2.4402[39m  [36m 4.7339[39m  [2m±2.14%[22m  [2m    310[22m
   [32m·[39m coop-6                    [34m  407.10[39m  [36m2.2252[39m  [36m 2.9725[39m  [36m2.4564[39m  [36m2.6410[39m  [36m 2.8351[39m  [36m 2.8976[39m  [36m 2.9725[39m  [2m±1.15%[22m  [2m    204[22m
   [32m·[39m coop-7                    [34m  787.35[39m  [36m1.1165[39m  [36m 3.3457[39m  [36m1.2701[39m  [36m1.5025[39m  [36m 1.7664[39m  [36m 2.1397[39m  [36m 3.3457[39m  [2m±1.82%[22m  [2m    394[22m
   [32m·[39m crowdfunding-success-1    [34m1,289.48[39m  [36m0.7064[39m  [36m 1.3163[39m  [36m0.7755[39m  [36m0.7384[39m  [36m 1.0631[39m  [36m 1.0933[39m  [36m 1.3163[39m  [2m±1.10%[22m  [2m    645[22m
   [32m·[39m crowdfunding-success-2    [34m1,091.39[39m  [36m0.7138[39m  [36m 4.2183[39m  [36m0.9163[39m  [36m1.0324[39m  [36m 1.5016[39m  [36m 1.8039[39m  [36m 4.2183[39m  [2m±2.43%[22m  [2m    546[22m
   [32m·[39m crowdfunding-success-3    [34m  916.87[39m  [36m1.0103[39m  [36m 1.5405[39m  [36m1.0907[39m  [36m1.0397[39m  [36m 1.4949[39m  [36m 1.5069[39m  [36m 1.5405[39m  [2m±1.21%[22m  [2m    459[22m
   [32m·[39m currency-1                [34m  825.03[39m  [36m0.7889[39m  [36m 7.8077[39m  [36m1.2121[39m  [36m1.1875[39m  [36m 2.2607[39m  [36m 3.0912[39m  [36m 7.8077[39m  [2m±3.37%[22m  [2m    413[22m
   [32m·[39m escrow-redeem_1-1         [34m  605.13[39m  [36m1.0946[39m  [36m 2.1669[39m  [36m1.6525[39m  [36m1.6204[39m  [36m 2.1166[39m  [36m 2.1435[39m  [36m 2.1669[39m  [2m±1.58%[22m  [2m    303[22m
   [32m·[39m escrow-redeem_1-2         [34m  842.81[39m  [36m1.0750[39m  [36m 1.6801[39m  [36m1.1865[39m  [36m1.1493[39m  [36m 1.5089[39m  [36m 1.5329[39m  [36m 1.6801[39m  [2m±1.29%[22m  [2m    422[22m
   [32m·[39m escrow-redeem_2-1         [34m  745.41[39m  [36m1.2156[39m  [36m 1.8521[39m  [36m1.3415[39m  [36m1.4954[39m  [36m 1.7086[39m  [36m 1.7441[39m  [36m 1.8521[39m  [2m±1.28%[22m  [2m    373[22m
   [32m·[39m escrow-redeem_2-2         [34m  746.49[39m  [36m1.2165[39m  [36m 1.8629[39m  [36m1.3396[39m  [36m1.4956[39m  [36m 1.6849[39m  [36m 1.8050[39m  [36m 1.8629[39m  [2m±1.28%[22m  [2m    374[22m
   [32m·[39m escrow-redeem_2-3         [34m  740.24[39m  [36m1.2157[39m  [36m 2.1054[39m  [36m1.3509[39m  [36m1.5142[39m  [36m 1.7692[39m  [36m 1.9550[39m  [36m 2.1054[39m  [2m±1.34%[22m  [2m    371[22m
   [32m·[39m escrow-refund-1           [34m1,497.86[39m  [36m0.5982[39m  [36m 1.4067[39m  [36m0.6676[39m  [36m0.6292[39m  [36m 1.0612[39m  [36m 1.1833[39m  [36m 1.4067[39m  [2m±1.40%[22m  [2m    750[22m
   [32m·[39m future-increase-margin-1  [34m1,172.90[39m  [36m0.7819[39m  [36m 1.2262[39m  [36m0.8526[39m  [36m0.8132[39m  [36m 1.1440[39m  [36m 1.1603[39m  [36m 1.2262[39m  [2m±1.08%[22m  [2m    587[22m
   [32m·[39m future-increase-margin-2  [34m  591.96[39m  [36m1.5202[39m  [36m 2.2227[39m  [36m1.6893[39m  [36m1.9314[39m  [36m 2.0824[39m  [36m 2.2036[39m  [36m 2.2227[39m  [2m±1.29%[22m  [2m    297[22m
   [32m·[39m future-increase-margin-3  [34m  591.24[39m  [36m1.5157[39m  [36m 2.1118[39m  [36m1.6914[39m  [36m1.9315[39m  [36m 2.0706[39m  [36m 2.1006[39m  [36m 2.1118[39m  [2m±1.30%[22m  [2m    296[22m
   [32m·[39m future-increase-margin-4  [34m  584.71[39m  [36m1.5763[39m  [36m 2.0722[39m  [36m1.7102[39m  [36m1.9062[39m  [36m 2.0486[39m  [36m 2.0541[39m  [36m 2.0722[39m  [2m±1.06%[22m  [2m    293[22m
   [32m·[39m future-increase-margin-5  [34m  253.33[39m  [36m3.4773[39m  [36m 4.7908[39m  [36m3.9474[39m  [36m4.2979[39m  [36m 4.7625[39m  [36m 4.7908[39m  [36m 4.7908[39m  [2m±1.71%[22m  [2m    127[22m
   [32m·[39m future-pay-out-1          [34m1,170.74[39m  [36m0.7815[39m  [36m 1.3069[39m  [36m0.8542[39m  [36m0.8129[39m  [36m 1.1812[39m  [36m 1.2432[39m  [36m 1.3069[39m  [2m±1.13%[22m  [2m    586[22m
   [32m·[39m future-pay-out-2          [34m  591.55[39m  [36m1.5211[39m  [36m 2.1665[39m  [36m1.6905[39m  [36m1.9363[39m  [36m 2.1292[39m  [36m 2.1426[39m  [36m 2.1665[39m  [2m±1.32%[22m  [2m    296[22m
   [32m·[39m future-pay-out-3          [34m  591.21[39m  [36m1.5283[39m  [36m 2.1455[39m  [36m1.6914[39m  [36m1.9355[39m  [36m 2.0980[39m  [36m 2.1217[39m  [36m 2.1455[39m  [2m±1.32%[22m  [2m    296[22m
   [32m·[39m future-pay-out-4          [34m  256.29[39m  [36m3.4480[39m  [36m 4.6012[39m  [36m3.9019[39m  [36m4.2430[39m  [36m 4.4416[39m  [36m 4.6012[39m  [36m 4.6012[39m  [2m±1.63%[22m  [2m    129[22m
   [32m·[39m future-settle-early-1     [34m1,170.58[39m  [36m0.7819[39m  [36m 1.3133[39m  [36m0.8543[39m  [36m0.8116[39m  [36m 1.1822[39m  [36m 1.2521[39m  [36m 1.3133[39m  [2m±1.13%[22m  [2m    586[22m
   [32m·[39m future-settle-early-2     [34m  592.58[39m  [36m1.5226[39m  [36m 2.0790[39m  [36m1.6875[39m  [36m1.9342[39m  [36m 2.0497[39m  [36m 2.0554[39m  [36m 2.0790[39m  [2m±1.32%[22m  [2m    297[22m
   [32m·[39m future-settle-early-3     [34m  590.60[39m  [36m1.5264[39m  [36m 2.2231[39m  [36m1.6932[39m  [36m1.9374[39m  [36m 2.1459[39m  [36m 2.1778[39m  [36m 2.2231[39m  [2m±1.32%[22m  [2m    296[22m
   [32m·[39m future-settle-early-4     [34m  298.79[39m  [36m2.9860[39m  [36m 4.3518[39m  [36m3.3468[39m  [36m3.7101[39m  [36m 4.1950[39m  [36m 4.3518[39m  [36m 4.3518[39m  [2m±1.75%[22m  [2m    150[22m
   [32m·[39m game-sm-success_1-1       [34m  681.53[39m  [36m1.2962[39m  [36m 2.1029[39m  [36m1.4673[39m  [36m1.7770[39m  [36m 1.9870[39m  [36m 2.0193[39m  [36m 2.1029[39m  [2m±1.76%[22m  [2m    342[22m
   [32m·[39m game-sm-success_1-2       [34m1,437.51[39m  [36m0.6403[39m  [36m 1.1329[39m  [36m0.6956[39m  [36m0.6738[39m  [36m 0.9751[39m  [36m 1.0283[39m  [36m 1.1329[39m  [2m±0.87%[22m  [2m    719[22m
   [32m·[39m game-sm-success_1-3       [34m  468.06[39m  [36m1.8663[39m  [36m 2.6664[39m  [36m2.1365[39m  [36m2.4389[39m  [36m 2.6070[39m  [36m 2.6129[39m  [36m 2.6664[39m  [2m±1.66%[22m  [2m    235[22m
   [32m·[39m game-sm-success_1-4       [34m1,233.01[39m  [36m0.7440[39m  [36m 1.2384[39m  [36m0.8110[39m  [36m0.7779[39m  [36m 1.1558[39m  [36m 1.1769[39m  [36m 1.2384[39m  [2m±0.99%[22m  [2m    617[22m
   [32m·[39m game-sm-success_2-1       [34m  687.36[39m  [36m1.2907[39m  [36m 2.0474[39m  [36m1.4548[39m  [36m1.7730[39m  [36m 1.9748[39m  [36m 1.9780[39m  [36m 2.0474[39m  [2m±1.73%[22m  [2m    344[22m
   [32m·[39m game-sm-success_2-2       [34m1,442.56[39m  [36m0.6391[39m  [36m 1.0526[39m  [36m0.6932[39m  [36m0.6712[39m  [36m 0.9132[39m  [36m 0.9710[39m  [36m 1.0526[39m  [2m±0.84%[22m  [2m    722[22m
   [32m·[39m game-sm-success_2-3       [34m  470.22[39m  [36m1.8590[39m  [36m 2.6718[39m  [36m2.1267[39m  [36m2.4458[39m  [36m 2.6033[39m  [36m 2.6277[39m  [36m 2.6718[39m  [2m±1.70%[22m  [2m    236[22m
   [32m·[39m game-sm-success_2-4       [34m1,233.90[39m  [36m0.7468[39m  [36m 1.2403[39m  [36m0.8104[39m  [36m0.7795[39m  [36m 1.1032[39m  [36m 1.1852[39m  [36m 1.2403[39m  [2m±0.98%[22m  [2m    617[22m
   [32m·[39m game-sm-success_2-5       [34m  471.22[39m  [36m1.8671[39m  [36m 2.7789[39m  [36m2.1222[39m  [36m2.4362[39m  [36m 2.6562[39m  [36m 2.6716[39m  [36m 2.7789[39m  [2m±1.68%[22m  [2m    236[22m
   [32m·[39m game-sm-success_2-6       [34m1,236.88[39m  [36m0.7484[39m  [36m 1.1939[39m  [36m0.8085[39m  [36m0.7776[39m  [36m 1.0914[39m  [36m 1.1034[39m  [36m 1.1939[39m  [2m±0.96%[22m  [2m    619[22m
   [32m·[39m guardrail-sorted-large    [34m  572.32[39m  [36m1.4687[39m  [36m 4.4850[39m  [36m1.7473[39m  [36m1.8542[39m  [36m 4.1176[39m  [36m 4.2237[39m  [36m 4.4850[39m  [2m±3.23%[22m  [2m    287[22m
   [32m·[39m guardrail-sorted-small    [34m2,604.71[39m  [36m0.3004[39m  [36m 2.0121[39m  [36m0.3839[39m  [36m0.3242[39m  [36m 1.1382[39m  [36m 1.2801[39m  [36m 1.8106[39m  [2m±3.13%[22m  [2m   1303[22m
   [32m·[39m guardrail-unsorted-large  [34m  458.60[39m  [36m1.9798[39m  [36m 2.6502[39m  [36m2.1806[39m  [36m2.3136[39m  [36m 2.5873[39m  [36m 2.6087[39m  [36m 2.6502[39m  [2m±1.05%[22m  [2m    230[22m
   [32m·[39m guardrail-unsorted-small  [34m2,651.94[39m  [36m0.2941[39m  [36m 2.1014[39m  [36m0.3771[39m  [36m0.3189[39m  [36m 1.1523[39m  [36m 1.2191[39m  [36m 2.0680[39m  [2m±3.15%[22m  [2m   1326[22m
   [32m·[39m multisig-sm-01            [34m  653.53[39m  [36m1.3377[39m  [36m 2.1905[39m  [36m1.5301[39m  [36m1.7678[39m  [36m 2.1337[39m  [36m 2.1474[39m  [36m 2.1905[39m  [2m±1.93%[22m  [2m    327[22m
   [32m·[39m multisig-sm-02            [34m  669.48[39m  [36m1.3177[39m  [36m 2.1942[39m  [36m1.4937[39m  [36m1.7291[39m  [36m 2.0604[39m  [36m 2.0903[39m  [36m 2.1942[39m  [2m±1.78%[22m  [2m    335[22m
   [32m·[39m multisig-sm-03            [34m  667.54[39m  [36m1.3263[39m  [36m 2.0654[39m  [36m1.4980[39m  [36m1.5433[39m  [36m 2.0296[39m  [36m 2.0539[39m  [36m 2.0654[39m  [2m±1.79%[22m  [2m    334[22m
   [32m·[39m multisig-sm-04            [34m  659.30[39m  [36m1.3417[39m  [36m 2.1743[39m  [36m1.5168[39m  [36m1.6228[39m  [36m 2.1166[39m  [36m 2.1280[39m  [36m 2.1743[39m  [2m±1.84%[22m  [2m    330[22m
   [32m·[39m multisig-sm-05            [34m  505.72[39m  [36m1.7159[39m  [36m 3.2018[39m  [36m1.9774[39m  [36m2.2686[39m  [36m 2.9183[39m  [36m 2.9403[39m  [36m 3.2018[39m  [2m±1.90%[22m  [2m    253[22m
   [32m·[39m multisig-sm-06            [34m  656.61[39m  [36m1.3343[39m  [36m 2.1719[39m  [36m1.5230[39m  [36m1.7522[39m  [36m 2.0378[39m  [36m 2.1206[39m  [36m 2.1719[39m  [2m±1.89%[22m  [2m    329[22m
   [32m·[39m multisig-sm-07            [34m  670.27[39m  [36m1.3197[39m  [36m 2.0850[39m  [36m1.4919[39m  [36m1.7326[39m  [36m 2.0155[39m  [36m 2.0800[39m  [36m 2.0850[39m  [2m±1.77%[22m  [2m    336[22m
   [32m·[39m multisig-sm-08            [34m  666.78[39m  [36m1.3297[39m  [36m 2.2100[39m  [36m1.4997[39m  [36m1.5546[39m  [36m 2.0353[39m  [36m 2.0834[39m  [36m 2.2100[39m  [2m±1.82%[22m  [2m    334[22m
   [32m·[39m multisig-sm-09            [34m  659.75[39m  [36m1.3407[39m  [36m 2.2117[39m  [36m1.5157[39m  [36m1.6337[39m  [36m 2.0306[39m  [36m 2.0744[39m  [36m 2.2117[39m  [2m±1.83%[22m  [2m    330[22m
   [32m·[39m multisig-sm-10            [34m  510.30[39m  [36m1.7205[39m  [36m 2.6093[39m  [36m1.9596[39m  [36m2.2797[39m  [36m 2.5037[39m  [36m 2.5048[39m  [36m 2.6093[39m  [2m±1.75%[22m  [2m    256[22m
   [32m·[39m ping-pong-1               [34m  797.22[39m  [36m1.1174[39m  [36m 1.9183[39m  [36m1.2544[39m  [36m1.1737[39m  [36m 1.7068[39m  [36m 1.8000[39m  [36m 1.9183[39m  [2m±1.66%[22m  [2m    399[22m
   [32m·[39m ping-pong-2               [34m  793.00[39m  [36m1.1175[39m  [36m 1.9202[39m  [36m1.2610[39m  [36m1.1940[39m  [36m 1.8130[39m  [36m 1.8384[39m  [36m 1.9202[39m  [2m±1.70%[22m  [2m    397[22m
   [32m·[39m ping-pong_2-1             [34m1,109.12[39m  [36m0.8119[39m  [36m 1.5729[39m  [36m0.9016[39m  [36m0.8374[39m  [36m 1.3714[39m  [36m 1.4239[39m  [36m 1.5729[39m  [2m±1.65%[22m  [2m    555[22m
   [32m·[39m prism-1                   [34m1,678.16[39m  [36m0.5466[39m  [36m 1.0625[39m  [36m0.5959[39m  [36m0.5750[39m  [36m 0.8355[39m  [36m 0.8458[39m  [36m 1.0625[39m  [2m±0.93%[22m  [2m    840[22m
   [32m·[39m prism-2                   [34m  674.60[39m  [36m1.3507[39m  [36m 2.1756[39m  [36m1.4824[39m  [36m1.5036[39m  [36m 2.0462[39m  [36m 2.0589[39m  [36m 2.1756[39m  [2m±1.46%[22m  [2m    338[22m
   [32m·[39m prism-3                   [34m  829.16[39m  [36m1.1060[39m  [36m 1.6752[39m  [36m1.2060[39m  [36m1.4256[39m  [36m 1.4749[39m  [36m 1.5579[39m  [36m 1.6752[39m  [2m±1.14%[22m  [2m    415[22m
   [32m·[39m pubkey-1                  [34m1,926.71[39m  [36m0.4755[39m  [36m 0.9888[39m  [36m0.5190[39m  [36m0.5021[39m  [36m 0.7706[39m  [36m 0.8094[39m  [36m 0.9888[39m  [2m±0.89%[22m  [2m    964[22m
   [32m·[39m stablecoin_1-1            [34m  175.69[39m  [36m5.1709[39m  [36m 6.2810[39m  [36m5.6920[39m  [36m5.9735[39m  [36m 6.2810[39m  [36m 6.2810[39m  [36m 6.2810[39m  [2m±1.42%[22m  [2m     88[22m
   [32m·[39m stablecoin_1-2            [34m1,455.25[39m  [36m0.6308[39m  [36m 1.1433[39m  [36m0.6872[39m  [36m0.6647[39m  [36m 0.9325[39m  [36m 0.9425[39m  [36m 1.1433[39m  [2m±0.93%[22m  [2m    728[22m
   [32m·[39m stablecoin_1-3            [34m  162.36[39m  [36m5.6142[39m  [36m 6.9966[39m  [36m6.1593[39m  [36m6.4930[39m  [36m 6.9966[39m  [36m 6.9966[39m  [36m 6.9966[39m  [2m±1.45%[22m  [2m     82[22m
   [32m·[39m stablecoin_1-4            [34m1,368.91[39m  [36m0.6627[39m  [36m 1.1505[39m  [36m0.7305[39m  [36m0.7061[39m  [36m 0.9583[39m  [36m 0.9638[39m  [36m 1.1505[39m  [2m±0.91%[22m  [2m    685[22m
   [32m·[39m stablecoin_1-5            [34m  136.49[39m  [36m6.5103[39m  [36m 7.9809[39m  [36m7.3267[39m  [36m7.5196[39m  [36m 7.9809[39m  [36m 7.9809[39m  [36m 7.9809[39m  [2m±1.10%[22m  [2m     69[22m
   [32m·[39m stablecoin_1-6            [34m1,009.63[39m  [36m0.8104[39m  [36m 8.2457[39m  [36m0.9905[39m  [36m1.1003[39m  [36m 1.6010[39m  [36m 2.4575[39m  [36m 8.2457[39m  [2m±3.59%[22m  [2m    506[22m
   [32m·[39m stablecoin_2-1            [34m  122.98[39m  [36m7.5447[39m  [36m 9.0301[39m  [36m8.1312[39m  [36m8.5363[39m  [36m 9.0301[39m  [36m 9.0301[39m  [36m 9.0301[39m  [2m±1.46%[22m  [2m     62[22m
   [32m·[39m stablecoin_2-2            [34m1,024.55[39m  [36m0.6322[39m  [36m 6.2723[39m  [36m0.9760[39m  [36m0.9479[39m  [36m 1.6196[39m  [36m 3.7387[39m  [36m 6.2723[39m  [2m±3.05%[22m  [2m    513[22m
   [32m·[39m stablecoin_2-3            [34m  113.01[39m  [36m8.1884[39m  [36m 9.6894[39m  [36m8.8487[39m  [36m9.1825[39m  [36m 9.6894[39m  [36m 9.6894[39m  [36m 9.6894[39m  [2m±1.44%[22m  [2m     57[22m
   [32m·[39m stablecoin_2-4            [34m1,367.06[39m  [36m0.6636[39m  [36m 1.0977[39m  [36m0.7315[39m  [36m0.7067[39m  [36m 0.9728[39m  [36m 0.9901[39m  [36m 1.0977[39m  [2m±0.92%[22m  [2m    684[22m
   [32m·[39m token-account-1           [34m1,445.72[39m  [36m0.6309[39m  [36m 1.2552[39m  [36m0.6917[39m  [36m0.6616[39m  [36m 0.9780[39m  [36m 1.0188[39m  [36m 1.2552[39m  [2m±1.11%[22m  [2m    723[22m
   [32m·[39m token-account-2           [34m  945.55[39m  [36m0.9812[39m  [36m 1.4343[39m  [36m1.0576[39m  [36m1.0280[39m  [36m 1.3274[39m  [36m 1.3399[39m  [36m 1.4343[39m  [2m±0.92%[22m  [2m    473[22m
   [32m·[39m uniswap-1                 [34m  795.58[39m  [36m1.1455[39m  [36m 1.6592[39m  [36m1.2569[39m  [36m1.4532[39m  [36m 1.5441[39m  [36m 1.5706[39m  [36m 1.6592[39m  [2m±1.05%[22m  [2m    398[22m
   [32m·[39m uniswap-2                 [34m1,230.39[39m  [36m0.7379[39m  [36m 1.2011[39m  [36m0.8128[39m  [36m0.7774[39m  [36m 1.1001[39m  [36m 1.1318[39m  [36m 1.2011[39m  [2m±1.09%[22m  [2m    616[22m
   [32m·[39m uniswap-3                 [34m  176.83[39m  [36m5.3269[39m  [36m 6.3118[39m  [36m5.6551[39m  [36m5.7501[39m  [36m 6.3118[39m  [36m 6.3118[39m  [36m 6.3118[39m  [2m±0.69%[22m  [2m     89[22m
   [32m·[39m uniswap-4                 [34m  890.05[39m  [36m1.0461[39m  [36m 1.4468[39m  [36m1.1235[39m  [36m1.0981[39m  [36m 1.3759[39m  [36m 1.4164[39m  [36m 1.4468[39m  [2m±0.89%[22m  [2m    446[22m
   [32m·[39m uniswap-5                 [34m  256.86[39m  [36m3.3614[39m  [36m 4.5089[39m  [36m3.8932[39m  [36m4.1331[39m  [36m 4.3625[39m  [36m 4.5089[39m  [36m 4.5089[39m  [2m±1.42%[22m  [2m    129[22m
   [32m·[39m uniswap-6                 [34m  925.47[39m  [36m1.0034[39m  [36m 1.5231[39m  [36m1.0805[39m  [36m1.0556[39m  [36m 1.3530[39m  [36m 1.4217[39m  [36m 1.5231[39m  [2m±0.91%[22m  [2m    463[22m
   [32m·[39m vesting-1                 [34m  857.72[39m  [36m1.0555[39m  [36m 1.6115[39m  [36m1.1659[39m  [36m1.1177[39m  [36m 1.4822[39m  [36m 1.4977[39m  [36m 1.6115[39m  [2m±1.30%[22m  [2m    430[22m

[1m[46m BENCH [49m[22m [36mSummary
[39m
  guardrail-unsorted-small[2m - bench/plutus_use_cases.bench.ts[2m > [22m[2mplutus use cases[22m
[32m    1.02x [39m[90mfaster than [39mguardrail-sorted-small
[32m    1.38x [39m[90mfaster than [39mpubkey-1
[32m    1.58x [39m[90mfaster than [39mprism-1
[32m    1.67x [39m[90mfaster than [39mauction_2-1
[32m    1.70x [39m[90mfaster than [39mauction_1-1
[32m    1.77x [39m[90mfaster than [39mescrow-refund-1
[32m    1.82x [39m[90mfaster than [39mstablecoin_1-2
[32m    1.83x [39m[90mfaster than [39mtoken-account-1
[32m    1.84x [39m[90mfaster than [39mgame-sm-success_2-2
[32m    1.84x [39m[90mfaster than [39mgame-sm-success_1-2
[32m    1.94x [39m[90mfaster than [39mstablecoin_1-4
[32m    1.94x [39m[90mfaster than [39mstablecoin_2-4
[32m    2.06x [39m[90mfaster than [39mcrowdfunding-success-1
[32m    2.09x [39m[90mfaster than [39mauction_2-5
[32m    2.09x [39m[90mfaster than [39mauction_1-4
[32m    2.14x [39m[90mfaster than [39mgame-sm-success_2-6
[32m    2.15x [39m[90mfaster than [39mgame-sm-success_2-4
[32m    2.15x [39m[90mfaster than [39mgame-sm-success_1-4
[32m    2.16x [39m[90mfaster than [39muniswap-2
[32m    2.26x [39m[90mfaster than [39mfuture-increase-margin-1
[32m    2.27x [39m[90mfaster than [39mfuture-pay-out-1
[32m    2.27x [39m[90mfaster than [39mfuture-settle-early-1
[32m    2.39x [39m[90mfaster than [39mping-pong_2-1
[32m    2.43x [39m[90mfaster than [39mcrowdfunding-success-2
[32m    2.50x [39m[90mfaster than [39mcoop-1
[32m    2.59x [39m[90mfaster than [39mstablecoin_2-2
[32m    2.63x [39m[90mfaster than [39mstablecoin_1-6
[32m    2.80x [39m[90mfaster than [39mtoken-account-2
[32m    2.87x [39m[90mfaster than [39muniswap-6
[32m    2.89x [39m[90mfaster than [39mcrowdfunding-success-3
[32m    2.98x [39m[90mfaster than [39muniswap-4
[32m    3.09x [39m[90mfaster than [39mvesting-1
[32m    3.15x [39m[90mfaster than [39mescrow-redeem_1-2
[32m    3.20x [39m[90mfaster than [39mprism-3
[32m    3.21x [39m[90mfaster than [39mcurrency-1
[32m    3.33x [39m[90mfaster than [39mping-pong-1
[32m    3.33x [39m[90mfaster than [39muniswap-1
[32m    3.34x [39m[90mfaster than [39mping-pong-2
[32m    3.37x [39m[90mfaster than [39mcoop-7
[32m    3.55x [39m[90mfaster than [39mescrow-redeem_2-2
[32m    3.56x [39m[90mfaster than [39mescrow-redeem_2-1
[32m    3.58x [39m[90mfaster than [39mescrow-redeem_2-3
[32m    3.86x [39m[90mfaster than [39mgame-sm-success_2-1
[32m    3.89x [39m[90mfaster than [39mgame-sm-success_1-1
[32m    3.93x [39m[90mfaster than [39mprism-2
[32m    3.96x [39m[90mfaster than [39mmultisig-sm-07
[32m    3.96x [39m[90mfaster than [39mmultisig-sm-02
[32m    3.97x [39m[90mfaster than [39mmultisig-sm-03
[32m    3.98x [39m[90mfaster than [39mmultisig-sm-08
[32m    4.02x [39m[90mfaster than [39mmultisig-sm-09
[32m    4.02x [39m[90mfaster than [39mmultisig-sm-04
[32m    4.04x [39m[90mfaster than [39mmultisig-sm-06
[32m    4.06x [39m[90mfaster than [39mmultisig-sm-01
[32m    4.28x [39m[90mfaster than [39mcoop-5
[32m    4.38x [39m[90mfaster than [39mescrow-redeem_1-1
[32m    4.48x [39m[90mfaster than [39mfuture-settle-early-2
[32m    4.48x [39m[90mfaster than [39mfuture-increase-margin-2
[32m    4.48x [39m[90mfaster than [39mfuture-pay-out-2
[32m    4.49x [39m[90mfaster than [39mfuture-increase-margin-3
[32m    4.49x [39m[90mfaster than [39mfuture-pay-out-3
[32m    4.49x [39m[90mfaster than [39mfuture-settle-early-3
[32m    4.54x [39m[90mfaster than [39mfuture-increase-margin-4
[32m    4.63x [39m[90mfaster than [39mguardrail-sorted-large
[32m    5.20x [39m[90mfaster than [39mmultisig-sm-10
[32m    5.23x [39m[90mfaster than [39mauction_2-2
[32m    5.24x [39m[90mfaster than [39mmultisig-sm-05
[32m    5.27x [39m[90mfaster than [39mauction_2-4
[32m    5.27x [39m[90mfaster than [39mauction_1-2
[32m    5.31x [39m[90mfaster than [39mauction_1-3
[32m    5.63x [39m[90mfaster than [39mgame-sm-success_2-5
[32m    5.64x [39m[90mfaster than [39mgame-sm-success_2-3
[32m    5.67x [39m[90mfaster than [39mgame-sm-success_1-3
[32m    5.78x [39m[90mfaster than [39mguardrail-unsorted-large
[32m    6.51x [39m[90mfaster than [39mcoop-6
[32m    6.55x [39m[90mfaster than [39mauction_2-3
[32m    7.24x [39m[90mfaster than [39mcoop-2
[32m    8.88x [39m[90mfaster than [39mfuture-settle-early-4
[32m    8.88x [39m[90mfaster than [39mcoop-4
[32m    10.32x [39m[90mfaster than [39muniswap-5
[32m    10.35x [39m[90mfaster than [39mfuture-pay-out-4
[32m    10.47x [39m[90mfaster than [39mfuture-increase-margin-5
[32m    15.00x [39m[90mfaster than [39muniswap-3
[32m    15.09x [39m[90mfaster than [39mstablecoin_1-1
[32m    16.33x [39m[90mfaster than [39mstablecoin_1-3
[32m    18.20x [39m[90mfaster than [39mcoop-3
[32m    19.43x [39m[90mfaster than [39mstablecoin_1-5
[32m    21.56x [39m[90mfaster than [39mstablecoin_2-1
[32m    23.47x [39m[90mfaster than [39mstablecoin_2-3

npm notice
npm notice New major version of npm available! 10.9.9 -> 12.2.0
npm notice Changelog: https://github.com/npm/cli/releases/tag/v12.2.0
npm notice To update run: npm install -g npm@12.2.0
npm notice
