uplcbench: mode=compiled data=/bench/data/plutus_use_cases files=89 warmup=5 iter>=50 min_time=5.0s max_time=30.0s
  [  1/89] auction_1-1               compile 4.06 s  run 50.26 µs  (min 48.59 µs, 98534 iters)
  [  2/89] auction_1-2               compile 11.97 s  run 200.44 µs  (min 190.95 µs, 24762 iters)
  [  3/89] auction_1-3               compile 11.34 s  run 196.96 µs  (min 188.34 µs, 22572 iters)
  [  4/89] auction_1-4               compile 3.97 s  run 62.45 µs  (min 59.38 µs, 79478 iters)
  [  5/89] auction_2-1               compile 3.95 s  run 50.44 µs  (min 47.82 µs, 98468 iters)
  [  6/89] auction_2-2               compile 11.41 s  run 200.28 µs  (min 191.28 µs, 22935 iters)
  [  7/89] auction_2-3               compile 11.59 s  run 249.05 µs  (min 238.60 µs, 19933 iters)
  [  8/89] auction_2-4               compile 11.96 s  run 195.99 µs  (min 186.86 µs, 25334 iters)
  [  9/89] auction_2-5               compile 3.96 s  run 62.01 µs  (min 58.88 µs, 79891 iters)
  [ 10/89] coop-1                    compile 1.09 s  run 63.31 µs  (min 60.23 µs, 78375 iters)
  [ 11/89] coop-2                    compile 2.89 s  run 208.78 µs  (min 201.19 µs, 23850 iters)
  [ 12/89] coop-3                    compile 3.24 s  run 683.74 µs  (min 672.88 µs, 6931 iters)
  [ 13/89] coop-4                    compile 3.31 s  run 280.80 µs  (min 272.23 µs, 17719 iters)
  [ 14/89] coop-5                    compile 3.31 s  run 121.68 µs  (min 117.46 µs, 40659 iters)
  [ 15/89] coop-6                    compile 1.26 s  run 191.20 µs  (min 186.56 µs, 23031 iters)
  [ 16/89] coop-7                    compile 1.24 s  run 88.54 µs  (min 83.83 µs, 56111 iters)
  [ 17/89] crowdfunding-success-1    compile 4.64 s  run 61.15 µs  (min 57.46 µs, 81140 iters)
  [ 18/89] crowdfunding-success-2    compile 4.62 s  run 60.47 µs  (min 57.80 µs, 82032 iters)
  [ 19/89] crowdfunding-success-3    compile 4.62 s  run 61.24 µs  (min 58.05 µs, 71899 iters)
  [ 20/89] currency-1                compile 4.70 s  run 77.48 µs  (min 73.99 µs, 64089 iters)
  [ 21/89] escrow-redeem_1-1         compile 6.35 s  run 108.61 µs  (min 103.31 µs, 44868 iters)
  [ 22/89] escrow-redeem_1-2         compile 6.87 s  run 107.47 µs  (min 103.58 µs, 46242 iters)
  [ 23/89] escrow-redeem_2-1         compile 6.39 s  run 123.48 µs  (min 118.12 µs, 40230 iters)
  [ 24/89] escrow-redeem_2-2         compile 6.34 s  run 124.09 µs  (min 118.42 µs, 39606 iters)
  [ 25/89] escrow-redeem_2-3         compile 6.98 s  run 124.01 µs  (min 118.27 µs, 40084 iters)
  [ 26/89] escrow-refund-1           compile 6.36 s  run 47.72 µs  (min 44.74 µs, 104128 iters)
  [ 27/89] future-increase-margin-1  compile 5.35 s  run 77.22 µs  (min 74.19 µs, 64353 iters)
  [ 28/89] future-increase-margin-2  compile 6.39 s  run 159.87 µs  (min 154.35 µs, 31104 iters)
  [ 29/89] future-increase-margin-3  compile 6.43 s  run 159.86 µs  (min 154.08 µs, 31090 iters)
  [ 30/89] future-increase-margin-4  compile 15.08 s  run 156.41 µs  (min 150.01 µs, 31812 iters)
  [ 31/89] future-increase-margin-5  compile 14.94 s  run 274.10 µs  (min 264.20 µs, 18151 iters)
  [ 32/89] future-pay-out-1          compile 4.75 s  run 77.56 µs  (min 73.67 µs, 64066 iters)
  [ 33/89] future-pay-out-2          compile 6.39 s  run 160.34 µs  (min 153.43 µs, 31001 iters)
  [ 34/89] future-pay-out-3          compile 6.94 s  run 160.62 µs  (min 153.91 µs, 30945 iters)
  [ 35/89] future-pay-out-4          compile 14.37 s  run 276.06 µs  (min 264.24 µs, 16328 iters)
  [ 36/89] future-settle-early-1     compile 4.73 s  run 77.66 µs  (min 73.97 µs, 64009 iters)
  [ 37/89] future-settle-early-2     compile 6.44 s  run 160.61 µs  (min 153.65 µs, 30934 iters)
  [ 38/89] future-settle-early-3     compile 6.49 s  run 160.88 µs  (min 153.51 µs, 28199 iters)
  [ 39/89] future-settle-early-4     compile 14.52 s  run 218.23 µs  (min 210.19 µs, 22774 iters)
  [ 40/89] game-sm-success_1-1       compile 11.58 s  run 126.00 µs  (min 119.93 µs, 39397 iters)
  [ 41/89] game-sm-success_1-2       compile 3.27 s  run 54.55 µs  (min 52.17 µs, 90980 iters)
  [ 42/89] game-sm-success_1-3       compile 11.10 s  run 198.99 µs  (min 188.82 µs, 22294 iters)
  [ 43/89] game-sm-success_1-4       compile 3.31 s  run 62.35 µs  (min 60.37 µs, 79636 iters)
  [ 44/89] game-sm-success_2-1       compile 11.10 s  run 125.75 µs  (min 119.39 µs, 36641 iters)
  [ 45/89] game-sm-success_2-2       compile 3.44 s  run 53.94 µs  (min 51.87 µs, 91894 iters)
  [ 46/89] game-sm-success_2-3       compile 11.13 s  run 197.65 µs  (min 189.98 µs, 25146 iters)
  [ 47/89] game-sm-success_2-4       compile 3.30 s  run 62.74 µs  (min 60.05 µs, 79159 iters)
  [ 48/89] game-sm-success_2-5       compile 11.69 s  run 198.04 µs  (min 189.05 µs, 25125 iters)
  [ 49/89] game-sm-success_2-6       compile 3.28 s  run 62.61 µs  (min 60.19 µs, 79304 iters)
  [ 50/89] guardrail-sorted-large    compile 1.68 s  run 209.12 µs  (min 204.90 µs, 22474 iters)
  [ 51/89] guardrail-sorted-small    compile 1.40 s  run 18.25 µs  (min 17.21 µs, 271350 iters)
  [ 52/89] guardrail-unsorted-large  compile 1.36 s  run 261.56 µs  (min 251.34 µs, 19040 iters)
  [ 53/89] guardrail-unsorted-small  compile 1.38 s  run 16.82 µs  (min 16.07 µs, 295173 iters)
  [ 54/89] multisig-sm-01            compile 13.07 s  run 131.36 µs  (min 125.26 µs, 37863 iters)
  [ 55/89] multisig-sm-02            compile 12.48 s  run 130.65 µs  (min 123.05 µs, 34479 iters)
  [ 56/89] multisig-sm-03            compile 12.62 s  run 131.39 µs  (min 124.33 µs, 37755 iters)
  [ 57/89] multisig-sm-04            compile 12.52 s  run 132.53 µs  (min 125.18 µs, 35314 iters)
  [ 58/89] multisig-sm-05            compile 12.74 s  run 180.27 µs  (min 172.26 µs, 27564 iters)
  [ 59/89] multisig-sm-06            compile 13.01 s  run 132.03 µs  (min 125.14 µs, 37649 iters)
  [ 60/89] multisig-sm-07            compile 12.49 s  run 130.82 µs  (min 123.21 µs, 38005 iters)
  [ 61/89] multisig-sm-08            compile 13.07 s  run 131.86 µs  (min 124.76 µs, 37702 iters)
  [ 62/89] multisig-sm-09            compile 12.59 s  run 133.80 µs  (min 130.88 µs, 34148 iters)
  [ 63/89] multisig-sm-10            compile 12.53 s  run 181.43 µs  (min 172.06 µs, 27417 iters)
  [ 64/89] ping-pong-1               compile 10.29 s  run 109.55 µs  (min 103.71 µs, 40902 iters)
  [ 65/89] ping-pong-2               compile 10.31 s  run 111.24 µs  (min 103.72 µs, 44804 iters)
  [ 66/89] ping-pong_2-1             compile 10.92 s  run 68.44 µs  (min 64.28 µs, 72610 iters)
  [ 67/89] prism-1                   compile 2.87 s  run 45.15 µs  (min 42.58 µs, 109836 iters)
  [ 68/89] prism-2                   compile 11.11 s  run 133.25 µs  (min 125.21 µs, 37265 iters)
  [ 69/89] prism-3                   compile 5.44 s  run 112.57 µs  (min 106.75 µs, 44198 iters)
  [ 70/89] pubkey-1                  compile 3.20 s  run 39.24 µs  (min 36.79 µs, 125927 iters)
  [ 71/89] stablecoin_1-1            compile 18.15 s  run 308.39 µs  (min 297.36 µs, 16091 iters)
  [ 72/89] stablecoin_1-2            compile 3.32 s  run 54.84 µs  (min 52.51 µs, 90477 iters)
  [ 73/89] stablecoin_1-3            compile 18.15 s  run 337.83 µs  (min 326.93 µs, 14735 iters)
  [ 74/89] stablecoin_1-4            compile 3.32 s  run 57.80 µs  (min 54.79 µs, 85784 iters)
  [ 75/89] stablecoin_1-5            compile 18.26 s  run 390.93 µs  (min 375.90 µs, 12741 iters)
  [ 76/89] stablecoin_1-6            compile 3.30 s  run 71.42 µs  (min 67.12 µs, 69591 iters)
  [ 77/89] stablecoin_2-1            compile 18.13 s  run 308.82 µs  (min 296.91 µs, 16097 iters)
  [ 78/89] stablecoin_2-2            compile 3.30 s  run 54.85 µs  (min 52.15 µs, 90414 iters)
  [ 79/89] stablecoin_2-3            compile 18.31 s  run 338.17 µs  (min 326.46 µs, 14563 iters)
  [ 80/89] stablecoin_2-4            compile 3.35 s  run 58.45 µs  (min 55.55 µs, 84836 iters)
  [ 81/89] token-account-1           compile 4.75 s  run 60.74 µs  (min 58.14 µs, 72843 iters)
  [ 82/89] token-account-2           compile 4.23 s  run 100.57 µs  (min 96.28 µs, 49400 iters)
  [ 83/89] uniswap-1                 compile 4.76 s  run 120.58 µs  (min 115.83 µs, 41243 iters)
  [ 84/89] uniswap-2                 compile 5.32 s  run 69.68 µs  (min 66.10 µs, 71230 iters)
  [ 85/89] uniswap-3                 compile 12.29 s  run 437.32 µs  (min 414.77 µs, 11401 iters)
  [ 86/89] uniswap-4                 compile 3.64 s  run 93.14 µs  (min 87.74 µs, 53373 iters)
  [ 87/89] uniswap-5                 compile 12.90 s  run 304.70 µs  (min 289.64 µs, 16335 iters)
  [ 88/89] uniswap-6                 compile 3.71 s  run 90.67 µs  (min 84.05 µs, 48780 iters)
  [ 89/89] vesting-1                 compile 6.52 s  run 116.06 µs  (min 110.51 µs, 42800 iters)
