Found 89 benchmark files

plutus_use_cases benchmarks
===========================================================================
  auction_1-1                    10000 runs    189.76us +/-   4.22us  [185.29us .. 286.55us]
  auction_1-2                     8323 runs    600.80us +/-   8.87us  [590.46us ..   1.00ms]
  auction_1-3                     8420 runs    593.87us +/-  13.47us  [581.43us .. 728.77us]
  auction_1-4                    10000 runs    223.43us +/-   5.33us  [218.34us .. 405.50us]
  auction_2-1                    10000 runs    200.79us +/-  46.78us  [186.33us ..   1.95ms]
  auction_2-2                     7506 runs    666.14us +/- 128.70us  [590.06us ..   4.48ms]
  auction_2-3                     6872 runs    727.66us +/-   8.36us  [715.50us .. 852.15us]
  auction_2-4                     8427 runs    593.37us +/-  12.09us  [580.71us .. 773.49us]
  auction_2-5                    10000 runs    223.44us +/-   5.84us  [218.56us .. 417.31us]
  coop-1                         10000 runs    187.95us +/-   7.87us  [182.11us .. 286.35us]
  coop-2                          9171 runs    545.20us +/-   6.41us  [535.86us .. 669.21us]
  coop-3                          3541 runs      1.41ms +/-  29.13us  [  1.39ms ..   2.05ms]
  coop-4                          7518 runs    665.07us +/-  23.19us  [644.86us .. 837.08us]
  coop-5                         10000 runs    407.50us +/-  95.10us  [335.71us ..   3.39ms]
  coop-6                         10000 runs    477.13us +/-  14.60us  [467.11us .. 690.25us]
  coop-7                         10000 runs    251.78us +/-   7.50us  [245.74us .. 350.00us]
  crowdfunding-success-1         10000 runs    218.02us +/-   5.54us  [212.16us .. 306.15us]
  crowdfunding-success-2         10000 runs    217.98us +/-   4.55us  [211.85us .. 285.33us]
  crowdfunding-success-3         10000 runs    217.40us +/-   7.36us  [211.72us .. 809.70us]
  currency-1                     10000 runs    244.21us +/-   4.08us  [238.85us .. 333.52us]
  escrow-redeem_1-1              10000 runs    332.41us +/-   8.98us  [323.59us .. 547.65us]
  escrow-redeem_1-2              10000 runs    357.46us +/-  70.12us  [323.60us ..   2.58ms]
  escrow-redeem_2-1              10000 runs    403.24us +/-  81.00us  [358.69us ..   2.80ms]
  escrow-redeem_2-2              10000 runs    367.90us +/-   7.61us  [359.48us .. 502.82us]
  escrow-redeem_2-3              10000 runs    367.78us +/-   8.48us  [358.77us .. 486.92us]
  escrow-refund-1                10000 runs    208.65us +/-   3.83us  [203.81us .. 271.83us]
  future-increase-margin-1       10000 runs    245.64us +/-   9.04us  [239.26us .. 454.36us]
  future-increase-margin-2       10000 runs    453.14us +/-  17.72us  [441.53us .. 639.87us]
  future-increase-margin-3       10000 runs    450.30us +/-  10.46us  [439.89us .. 579.24us]
  future-increase-margin-4        9031 runs    553.66us +/-   7.82us  [543.57us .. 935.34us]
  future-increase-margin-5        5354 runs    934.04us +/- 143.99us  [864.71us ..   5.31ms]
  future-pay-out-1               10000 runs    275.23us +/-  62.53us  [238.63us ..   1.94ms]
  future-pay-out-2               10000 runs    451.15us +/-  10.74us  [441.17us .. 634.35us]
  future-pay-out-3               10000 runs    450.28us +/-  10.96us  [439.98us .. 587.84us]
  future-pay-out-4                5672 runs    881.63us +/-  13.61us  [859.29us ..   1.48ms]
  future-settle-early-1          10000 runs    244.17us +/-   4.22us  [238.81us .. 319.07us]
  future-settle-early-2          10000 runs    461.10us +/-  52.93us  [440.65us ..   2.77ms]
  future-settle-early-3          10000 runs    499.72us +/-  83.82us  [440.66us .. 742.30us]
  future-settle-early-4           7049 runs    709.32us +/-   8.91us  [688.43us .. 820.45us]
  game-sm-success_1-1            10000 runs    431.62us +/-   5.71us  [423.35us .. 525.87us]
  game-sm-success_1-2            10000 runs    192.65us +/-   3.21us  [188.68us .. 279.25us]
  game-sm-success_1-3             8408 runs    594.72us +/-   7.62us  [582.86us .. 732.79us]
  game-sm-success_1-4            10000 runs    214.32us +/-   3.67us  [209.49us .. 302.70us]
  game-sm-success_2-1            10000 runs    431.68us +/-   6.50us  [422.71us .. 632.95us]
  game-sm-success_2-2            10000 runs    192.92us +/-   3.72us  [188.39us .. 265.95us]
  game-sm-success_2-3             8428 runs    593.27us +/-   8.26us  [581.85us .. 799.42us]
  game-sm-success_2-4            10000 runs    273.81us +/-  71.33us  [209.94us ..   1.95ms]
  game-sm-success_2-5             8337 runs    599.79us +/-  44.10us  [581.95us ..   1.84ms]
  game-sm-success_2-6            10000 runs    214.26us +/-   2.97us  [209.28us .. 299.57us]
  guardrail-sorted-large         10000 runs    316.23us +/-   5.36us  [310.54us .. 448.49us]
  guardrail-sorted-small         10000 runs     90.78us +/-   2.09us  [ 88.82us .. 130.24us]
  guardrail-unsorted-large       10000 runs    411.81us +/-   4.03us  [405.90us .. 510.89us]
  guardrail-unsorted-small       10000 runs     89.25us +/-   1.92us  [ 87.31us .. 132.59us]
  multisig-sm-01                 10000 runs    462.30us +/-   5.93us  [452.95us .. 612.08us]
  multisig-sm-02                  9693 runs    515.85us +/-  99.27us  [447.75us ..   3.78ms]
  multisig-sm-03                 10000 runs    457.53us +/-   6.76us  [449.02us .. 584.95us]
  multisig-sm-04                 10000 runs    461.01us +/-   6.19us  [452.66us .. 645.31us]
  multisig-sm-05                  8713 runs    573.90us +/-   6.49us  [563.71us .. 754.33us]
  multisig-sm-06                 10000 runs    462.96us +/-   5.69us  [454.69us .. 573.91us]
  multisig-sm-07                 10000 runs    455.85us +/-   8.38us  [447.60us .. 865.57us]
  multisig-sm-08                 10000 runs    456.19us +/-   5.41us  [448.26us .. 552.15us]
  multisig-sm-09                 10000 runs    498.67us +/-  91.27us  [452.24us ..   3.60ms]
  multisig-sm-10                  8361 runs    598.04us +/-  69.75us  [563.55us .. 917.83us]
  ping-pong-1                    10000 runs    383.69us +/-   5.21us  [376.52us .. 484.86us]
  ping-pong-2                    10000 runs    383.31us +/-   5.35us  [376.21us .. 555.85us]
  ping-pong_2-1                  10000 runs    291.08us +/-   5.33us  [284.58us .. 353.92us]
  prism-1                        10000 runs    169.16us +/-   3.01us  [165.61us .. 260.04us]
  prism-2                        10000 runs    449.30us +/-   6.77us  [440.63us .. 731.94us]
  prism-3                        10000 runs    395.26us +/-  95.43us  [326.58us ..   3.05ms]
  pubkey-1                       10000 runs    153.05us +/-   2.63us  [149.84us .. 203.99us]
  stablecoin_1-1                  4697 runs      1.06ms +/-  10.22us  [  1.05ms ..   1.34ms]
  stablecoin_1-2                 10000 runs    190.30us +/-   3.05us  [185.98us .. 252.08us]
  stablecoin_1-3                  4171 runs      1.20ms +/-  12.68us  [  1.18ms ..   1.60ms]
  stablecoin_1-4                 10000 runs    198.26us +/-   3.72us  [194.01us .. 309.10us]
  stablecoin_1-5                  3406 runs      1.47ms +/-  13.23us  [  1.45ms ..   1.81ms]
  stablecoin_1-6                 10000 runs    228.88us +/-   3.30us  [223.93us .. 339.05us]
  stablecoin_2-1                  4701 runs      1.06ms +/-   8.97us  [  1.05ms ..   1.30ms]
  stablecoin_2-2                 10000 runs    190.23us +/-   3.03us  [186.03us .. 271.18us]
  stablecoin_2-3                  3920 runs      1.28ms +/- 158.04us  [  1.18ms ..   3.30ms]
  stablecoin_2-4                 10000 runs    220.06us +/-  38.44us  [193.84us .. 320.35us]
  token-account-1                10000 runs    207.81us +/-   3.25us  [203.54us .. 289.21us]
  token-account-2                10000 runs    290.99us +/-   7.90us  [283.38us .. 394.27us]
  uniswap-1                      10000 runs    341.80us +/-   7.80us  [334.50us .. 447.84us]
  uniswap-2                      10000 runs    231.96us +/-   4.03us  [227.09us .. 282.24us]
  uniswap-3                       3610 runs      1.39ms +/-  16.00us  [  1.36ms ..   1.63ms]
  uniswap-4                      10000 runs    286.66us +/-   5.60us  [281.35us .. 499.51us]
  uniswap-5                       4642 runs      1.08ms +/- 210.13us  [931.57us ..   5.89ms]
  uniswap-6                      10000 runs    277.04us +/-   4.43us  [271.41us .. 424.59us]
  vesting-1                      10000 runs    334.33us +/-  12.85us  [324.51us .. 466.07us]
===========================================================================
Results saved to bench/results/plutus_use_cases.json
