goos: linux
goarch: amd64
pkg: github.com/blinklabs-io/plutigo/tests
cpu: 11th Gen Intel(R) Core(TM) i9-11900 @ 2.50GHz
BenchmarkFlatFiles/auction_1-1-16         	   52870	    124467 ns/op	     352 B/op	      13 allocs/op
BenchmarkFlatFiles/auction_1-2-16         	   15506	    386433 ns/op	    1445 B/op	      61 allocs/op
BenchmarkFlatFiles/auction_1-3-16         	   15778	    380561 ns/op	     682 B/op	      34 allocs/op
BenchmarkFlatFiles/auction_1-4-16         	   45703	    131249 ns/op	     486 B/op	      15 allocs/op
BenchmarkFlatFiles/auction_2-1-16         	   53269	    112591 ns/op	     352 B/op	      13 allocs/op
BenchmarkFlatFiles/auction_2-2-16         	   15517	    386447 ns/op	    1445 B/op	      61 allocs/op
BenchmarkFlatFiles/auction_2-3-16         	   10000	    529562 ns/op	    1790 B/op	      62 allocs/op
BenchmarkFlatFiles/auction_2-4-16         	   15758	    381124 ns/op	     682 B/op	      34 allocs/op
BenchmarkFlatFiles/auction_2-5-16         	   45711	    131200 ns/op	     486 B/op	      15 allocs/op
BenchmarkFlatFiles/coop-1-16              	   50206	    119409 ns/op	    2433 B/op	      53 allocs/op
BenchmarkFlatFiles/coop-2-16              	   15097	    409281 ns/op	   36602 B/op	     405 allocs/op
BenchmarkFlatFiles/coop-3-16              	    5456	   1069687 ns/op	   35937 B/op	      99 allocs/op
BenchmarkFlatFiles/coop-4-16              	   13314	    450511 ns/op	   22964 B/op	     236 allocs/op
BenchmarkFlatFiles/coop-5-16              	   26392	    227174 ns/op	    7701 B/op	      84 allocs/op
BenchmarkFlatFiles/coop-6-16              	   18787	    319072 ns/op	   34426 B/op	     395 allocs/op
BenchmarkFlatFiles/coop-7-16              	   37212	    160924 ns/op	    7627 B/op	      76 allocs/op
BenchmarkFlatFiles/crowdfunding-success-1-16         	   45579	    144593 ns/op	     349 B/op	       8 allocs/op
BenchmarkFlatFiles/crowdfunding-success-2-16         	   45568	    131650 ns/op	     349 B/op	       8 allocs/op
BenchmarkFlatFiles/crowdfunding-success-3-16         	   45658	    131368 ns/op	     349 B/op	       8 allocs/op
BenchmarkFlatFiles/currency-1-16                     	   38768	    155098 ns/op	     185 B/op	      10 allocs/op
BenchmarkFlatFiles/escrow-redeem_1-1-16              	   28629	    230669 ns/op	     476 B/op	      14 allocs/op
BenchmarkFlatFiles/escrow-redeem_1-2-16              	   28662	    209078 ns/op	     475 B/op	      14 allocs/op
BenchmarkFlatFiles/escrow-redeem_2-1-16              	   25660	    233569 ns/op	     551 B/op	      15 allocs/op
BenchmarkFlatFiles/escrow-redeem_2-2-16              	   25756	    232463 ns/op	     551 B/op	      15 allocs/op
BenchmarkFlatFiles/escrow-redeem_2-3-16              	   25801	    232283 ns/op	     551 B/op	      15 allocs/op
BenchmarkFlatFiles/escrow-refund-1-16                	   47074	    127478 ns/op	     247 B/op	      11 allocs/op
BenchmarkFlatFiles/future-increase-margin-1-16       	   38787	    169928 ns/op	     185 B/op	      10 allocs/op
BenchmarkFlatFiles/future-increase-margin-2-16       	   20576	    291631 ns/op	     867 B/op	      19 allocs/op
BenchmarkFlatFiles/future-increase-margin-3-16       	   20650	    290585 ns/op	     866 B/op	      19 allocs/op
BenchmarkFlatFiles/future-increase-margin-4-16       	   17236	    347687 ns/op	    3578 B/op	     135 allocs/op
BenchmarkFlatFiles/future-increase-margin-5-16       	   10000	    532222 ns/op	    2703 B/op	     107 allocs/op
BenchmarkFlatFiles/future-pay-out-1-16               	   38716	    154537 ns/op	     185 B/op	      10 allocs/op
BenchmarkFlatFiles/future-pay-out-2-16               	   20629	    290205 ns/op	     866 B/op	      19 allocs/op
BenchmarkFlatFiles/future-pay-out-3-16               	   20713	    290309 ns/op	     866 B/op	      19 allocs/op
BenchmarkFlatFiles/future-pay-out-4-16               	   12600	    475966 ns/op	    2641 B/op	     107 allocs/op
BenchmarkFlatFiles/future-settle-early-1-16          	   38539	    155072 ns/op	     185 B/op	      10 allocs/op
BenchmarkFlatFiles/future-settle-early-2-16          	   18721	    322508 ns/op	     879 B/op	      19 allocs/op
BenchmarkFlatFiles/future-settle-early-3-16          	   20692	    290245 ns/op	     866 B/op	      19 allocs/op
BenchmarkFlatFiles/future-settle-early-4-16          	   15820	    379241 ns/op	    2003 B/op	      87 allocs/op
BenchmarkFlatFiles/game-sm-success_1-1-16            	   22538	    266860 ns/op	    1462 B/op	      62 allocs/op
BenchmarkFlatFiles/game-sm-success_1-2-16            	   52563	    126271 ns/op	     470 B/op	      10 allocs/op
BenchmarkFlatFiles/game-sm-success_1-3-16            	   15838	    378828 ns/op	    1887 B/op	      70 allocs/op
BenchmarkFlatFiles/game-sm-success_1-4-16            	   47578	    126215 ns/op	     603 B/op	      12 allocs/op
BenchmarkFlatFiles/game-sm-success_2-1-16            	   22491	    266799 ns/op	    1462 B/op	      62 allocs/op
BenchmarkFlatFiles/game-sm-success_2-2-16            	   52803	    113690 ns/op	     470 B/op	      10 allocs/op
BenchmarkFlatFiles/game-sm-success_2-3-16            	   15800	    379490 ns/op	    1887 B/op	      70 allocs/op
BenchmarkFlatFiles/game-sm-success_2-4-16            	   47457	    139176 ns/op	     604 B/op	      12 allocs/op
BenchmarkFlatFiles/game-sm-success_2-5-16            	   15856	    378276 ns/op	    1887 B/op	      70 allocs/op
BenchmarkFlatFiles/game-sm-success_2-6-16            	   47437	    126537 ns/op	     604 B/op	      12 allocs/op
BenchmarkFlatFiles/guardrail-sorted-large-16         	   23244	    258192 ns/op	   88274 B/op	    1006 allocs/op
BenchmarkFlatFiles/guardrail-sorted-small-16         	  103968	     63977 ns/op	     309 B/op	       4 allocs/op
BenchmarkFlatFiles/guardrail-unsorted-large-16       	   18219	    329590 ns/op	   88319 B/op	    1006 allocs/op
BenchmarkFlatFiles/guardrail-unsorted-small-16       	  106620	     56481 ns/op	     309 B/op	       4 allocs/op
BenchmarkFlatFiles/multisig-sm-01-16                 	   20793	    288701 ns/op	    2661 B/op	     107 allocs/op
BenchmarkFlatFiles/multisig-sm-02-16                 	   21078	    284683 ns/op	    2877 B/op	     112 allocs/op
BenchmarkFlatFiles/multisig-sm-03-16                 	   20938	    287963 ns/op	    3054 B/op	     117 allocs/op
BenchmarkFlatFiles/multisig-sm-04-16                 	   17618	    318298 ns/op	    3492 B/op	     120 allocs/op
BenchmarkFlatFiles/multisig-sm-05-16                 	   16689	    359371 ns/op	     837 B/op	      41 allocs/op
BenchmarkFlatFiles/multisig-sm-06-16                 	   20734	    288983 ns/op	    2661 B/op	     107 allocs/op
BenchmarkFlatFiles/multisig-sm-07-16                 	   21121	    286954 ns/op	    2877 B/op	     112 allocs/op
BenchmarkFlatFiles/multisig-sm-08-16                 	   17929	    312721 ns/op	    3067 B/op	     117 allocs/op
BenchmarkFlatFiles/multisig-sm-09-16                 	   20817	    288179 ns/op	    3476 B/op	     120 allocs/op
BenchmarkFlatFiles/multisig-sm-10-16                 	   16650	    360573 ns/op	     838 B/op	      41 allocs/op
BenchmarkFlatFiles/ping-pong-1-16                    	   25603	    234745 ns/op	     541 B/op	      38 allocs/op
BenchmarkFlatFiles/ping-pong-2-16                    	   25369	    236755 ns/op	     542 B/op	      38 allocs/op
BenchmarkFlatFiles/ping-pong_2-1-16                  	   33324	    179909 ns/op	     214 B/op	      29 allocs/op
BenchmarkFlatFiles/prism-1-16                        	   52659	    111650 ns/op	     214 B/op	       6 allocs/op
BenchmarkFlatFiles/prism-2-16                        	   21679	    276759 ns/op	     938 B/op	      44 allocs/op
BenchmarkFlatFiles/prism-3-16                        	   29127	    205696 ns/op	     636 B/op	      12 allocs/op
BenchmarkFlatFiles/pubkey-1-16                       	   65886	     91123 ns/op	     147 B/op	       5 allocs/op
BenchmarkFlatFiles/stablecoin_1-1-16                 	   10000	    594592 ns/op	    4074 B/op	     138 allocs/op
BenchmarkFlatFiles/stablecoin_1-2-16                 	   53337	    112822 ns/op	     470 B/op	      10 allocs/op
BenchmarkFlatFiles/stablecoin_1-3-16                 	    9733	    604806 ns/op	    4101 B/op	     138 allocs/op
BenchmarkFlatFiles/stablecoin_1-4-16                 	   51306	    117041 ns/op	     534 B/op	      11 allocs/op
BenchmarkFlatFiles/stablecoin_1-5-16                 	    7952	    738354 ns/op	    4597 B/op	     141 allocs/op
BenchmarkFlatFiles/stablecoin_1-6-16                 	   44157	    135809 ns/op	     733 B/op	      14 allocs/op
BenchmarkFlatFiles/stablecoin_2-1-16                 	   10000	    592330 ns/op	    4074 B/op	     138 allocs/op
BenchmarkFlatFiles/stablecoin_2-2-16                 	   53352	    112974 ns/op	     470 B/op	      10 allocs/op
BenchmarkFlatFiles/stablecoin_2-3-16                 	    9480	    609342 ns/op	    4110 B/op	     138 allocs/op
BenchmarkFlatFiles/stablecoin_2-4-16                 	   51111	    117130 ns/op	     534 B/op	      11 allocs/op
BenchmarkFlatFiles/token-account-1-16                	   45468	    140422 ns/op	     167 B/op	      10 allocs/op
BenchmarkFlatFiles/token-account-2-16                	   32052	    187103 ns/op	     439 B/op	       9 allocs/op
BenchmarkFlatFiles/uniswap-1-16                      	   26389	    226902 ns/op	     176 B/op	       9 allocs/op
BenchmarkFlatFiles/uniswap-2-16                      	   42332	    141735 ns/op	     236 B/op	      11 allocs/op
BenchmarkFlatFiles/uniswap-3-16                      	    6540	    899612 ns/op	   13387 B/op	     329 allocs/op
BenchmarkFlatFiles/uniswap-4-16                      	   35290	    169949 ns/op	    1117 B/op	      23 allocs/op
BenchmarkFlatFiles/uniswap-5-16                      	    9566	    685646 ns/op	    5535 B/op	     139 allocs/op
BenchmarkFlatFiles/uniswap-6-16                      	   36244	    165521 ns/op	     988 B/op	      21 allocs/op
BenchmarkFlatFiles/vesting-1-16                      	   28188	    212586 ns/op	     257 B/op	       7 allocs/op
PASS
