Gnuplot not found, using plotters backend
>>> Benchmarking in AST interpreter mode
Benchmarking auction_1-1
Benchmarking auction_1-1: Warming up for 3.0000 s
Benchmarking auction_1-1: Collecting 100 samples in estimated 10.205 s (76k iterations)
Benchmarking auction_1-1: Analyzing
auction_1-1             time:   [134.82 µs 138.92 µs 143.24 µs]
Found 12 outliers among 100 measurements (12.00%)
  2 (2.00%) high mild
  10 (10.00%) high severe

Benchmarking auction_1-2
Benchmarking auction_1-2: Warming up for 3.0000 s
Benchmarking auction_1-2: Collecting 100 samples in estimated 11.657 s (30k iterations)
Benchmarking auction_1-2: Analyzing
auction_1-2             time:   [383.83 µs 384.49 µs 385.15 µs]
Found 5 outliers among 100 measurements (5.00%)
  1 (1.00%) low severe
  2 (2.00%) high mild
  2 (2.00%) high severe

Benchmarking auction_1-3
Benchmarking auction_1-3: Warming up for 3.0000 s
Benchmarking auction_1-3: Collecting 100 samples in estimated 11.694 s (30k iterations)
Benchmarking auction_1-3: Analyzing
auction_1-3             time:   [384.60 µs 385.24 µs 385.91 µs]
Found 3 outliers among 100 measurements (3.00%)
  2 (2.00%) low mild
  1 (1.00%) high mild

Benchmarking auction_1-4
Benchmarking auction_1-4: Warming up for 3.0000 s
Benchmarking auction_1-4: Collecting 100 samples in estimated 10.473 s (56k iterations)
Benchmarking auction_1-4: Analyzing
auction_1-4             time:   [160.85 µs 161.48 µs 162.20 µs]
Found 10 outliers among 100 measurements (10.00%)
  5 (5.00%) high mild
  5 (5.00%) high severe

Benchmarking auction_2-1
Benchmarking auction_2-1: Warming up for 3.0000 s
Benchmarking auction_2-1: Collecting 100 samples in estimated 10.019 s (76k iterations)
Benchmarking auction_2-1: Analyzing
auction_2-1             time:   [133.29 µs 136.26 µs 139.78 µs]
Found 10 outliers among 100 measurements (10.00%)
  3 (3.00%) high mild
  7 (7.00%) high severe

Benchmarking auction_2-2
Benchmarking auction_2-2: Warming up for 3.0000 s
Benchmarking auction_2-2: Collecting 100 samples in estimated 10.222 s (25k iterations)
Benchmarking auction_2-2: Analyzing
auction_2-2             time:   [386.54 µs 387.09 µs 387.65 µs]
Found 4 outliers among 100 measurements (4.00%)
  1 (1.00%) low mild
  2 (2.00%) high mild
  1 (1.00%) high severe

Benchmarking auction_2-3
Benchmarking auction_2-3: Warming up for 3.0000 s
Benchmarking auction_2-3: Collecting 100 samples in estimated 11.823 s (25k iterations)
Benchmarking auction_2-3: Analyzing
auction_2-3             time:   [467.72 µs 468.42 µs 469.11 µs]
Found 3 outliers among 100 measurements (3.00%)
  3 (3.00%) high mild

Benchmarking auction_2-4
Benchmarking auction_2-4: Warming up for 3.0000 s
Benchmarking auction_2-4: Collecting 100 samples in estimated 11.617 s (30k iterations)
Benchmarking auction_2-4: Analyzing
auction_2-4             time:   [385.61 µs 389.10 µs 393.57 µs]
Found 19 outliers among 100 measurements (19.00%)
  19 (19.00%) high severe

Benchmarking auction_2-5
Benchmarking auction_2-5: Warming up for 3.0000 s
Benchmarking auction_2-5: Collecting 100 samples in estimated 10.628 s (66k iterations)
Benchmarking auction_2-5: Analyzing
auction_2-5             time:   [166.09 µs 171.27 µs 176.71 µs]
Found 11 outliers among 100 measurements (11.00%)
  2 (2.00%) high mild
  9 (9.00%) high severe

Benchmarking coop-1
Benchmarking coop-1: Warming up for 3.0000 s
Benchmarking coop-1: Collecting 100 samples in estimated 10.163 s (71k iterations)
Benchmarking coop-1: Analyzing
coop-1                  time:   [143.33 µs 143.62 µs 143.92 µs]
Found 4 outliers among 100 measurements (4.00%)
  3 (3.00%) high mild
  1 (1.00%) high severe

Benchmarking coop-2
Benchmarking coop-2: Warming up for 3.0000 s
Benchmarking coop-2: Collecting 100 samples in estimated 11.584 s (25k iterations)
Benchmarking coop-2: Analyzing
coop-2                  time:   [457.30 µs 458.34 µs 459.45 µs]
Found 4 outliers among 100 measurements (4.00%)
  2 (2.00%) high mild
  2 (2.00%) high severe

Benchmarking coop-3
Benchmarking coop-3: Warming up for 3.0000 s
Benchmarking coop-3: Collecting 100 samples in estimated 10.399 s (10k iterations)
Benchmarking coop-3: Analyzing
coop-3                  time:   [907.26 µs 911.60 µs 916.33 µs]
Found 6 outliers among 100 measurements (6.00%)
  4 (4.00%) high mild
  2 (2.00%) high severe

Benchmarking coop-4
Benchmarking coop-4: Warming up for 3.0000 s
Benchmarking coop-4: Collecting 100 samples in estimated 11.848 s (25k iterations)
Benchmarking coop-4: Analyzing
coop-4                  time:   [480.11 µs 493.73 µs 508.65 µs]
Found 11 outliers among 100 measurements (11.00%)
  2 (2.00%) high mild
  9 (9.00%) high severe

Benchmarking coop-5
Benchmarking coop-5: Warming up for 3.0000 s
Benchmarking coop-5: Collecting 100 samples in estimated 10.319 s (40k iterations)
Benchmarking coop-5: Analyzing
coop-5                  time:   [255.73 µs 256.62 µs 257.71 µs]
Found 6 outliers among 100 measurements (6.00%)
  3 (3.00%) high mild
  3 (3.00%) high severe

Benchmarking coop-6
Benchmarking coop-6: Warming up for 3.0000 s
Benchmarking coop-6: Collecting 100 samples in estimated 10.308 s (25k iterations)
Benchmarking coop-6: Analyzing
coop-6                  time:   [406.63 µs 407.07 µs 407.58 µs]
Found 8 outliers among 100 measurements (8.00%)
  1 (1.00%) high mild
  7 (7.00%) high severe

Benchmarking coop-7
Benchmarking coop-7: Warming up for 3.0000 s
Benchmarking coop-7: Collecting 100 samples in estimated 10.622 s (45k iterations)
Benchmarking coop-7: Analyzing
coop-7                  time:   [204.63 µs 205.25 µs 205.88 µs]
Found 12 outliers among 100 measurements (12.00%)
  1 (1.00%) high mild
  11 (11.00%) high severe

Benchmarking crowdfunding-success-1
Benchmarking crowdfunding-success-1: Warming up for 3.0000 s
Benchmarking crowdfunding-success-1: Collecting 100 samples in estimated 10.069 s (66k iterations)
Benchmarking crowdfunding-success-1: Analyzing
crowdfunding-success-1  time:   [157.76 µs 162.53 µs 167.36 µs]
Found 15 outliers among 100 measurements (15.00%)
  5 (5.00%) high mild
  10 (10.00%) high severe

Benchmarking crowdfunding-success-2
Benchmarking crowdfunding-success-2: Warming up for 3.0000 s
Benchmarking crowdfunding-success-2: Collecting 100 samples in estimated 10.050 s (66k iterations)
Benchmarking crowdfunding-success-2: Analyzing
crowdfunding-success-2  time:   [152.50 µs 152.96 µs 153.48 µs]
Found 4 outliers among 100 measurements (4.00%)
  3 (3.00%) high mild
  1 (1.00%) high severe

Benchmarking crowdfunding-success-3
Benchmarking crowdfunding-success-3: Warming up for 3.0000 s
Benchmarking crowdfunding-success-3: Collecting 100 samples in estimated 10.014 s (66k iterations)
Benchmarking crowdfunding-success-3: Analyzing
crowdfunding-success-3  time:   [151.98 µs 152.32 µs 152.71 µs]
Found 7 outliers among 100 measurements (7.00%)
  4 (4.00%) high mild
  3 (3.00%) high severe

Benchmarking currency-1
Benchmarking currency-1: Warming up for 3.0000 s
Benchmarking currency-1: Collecting 100 samples in estimated 10.502 s (61k iterations)
Benchmarking currency-1: Analyzing
currency-1              time:   [160.65 µs 160.82 µs 161.01 µs]
Found 3 outliers among 100 measurements (3.00%)
  2 (2.00%) high mild
  1 (1.00%) high severe

Benchmarking escrow-redeem_1-1
Benchmarking escrow-redeem_1-1: Warming up for 3.0000 s
Benchmarking escrow-redeem_1-1: Collecting 100 samples in estimated 11.029 s (50k iterations)
Benchmarking escrow-redeem_1-1: Analyzing
escrow-redeem_1-1       time:   [223.30 µs 229.33 µs 235.70 µs]
Found 12 outliers among 100 measurements (12.00%)
  2 (2.00%) high mild
  10 (10.00%) high severe

Benchmarking escrow-redeem_1-2
Benchmarking escrow-redeem_1-2: Warming up for 3.0000 s
Benchmarking escrow-redeem_1-2: Collecting 100 samples in estimated 11.073 s (50k iterations)
Benchmarking escrow-redeem_1-2: Analyzing
escrow-redeem_1-2       time:   [219.41 µs 219.75 µs 220.11 µs]
Found 3 outliers among 100 measurements (3.00%)
  2 (2.00%) high mild
  1 (1.00%) high severe

Benchmarking escrow-redeem_2-1
Benchmarking escrow-redeem_2-1: Warming up for 3.0000 s
Benchmarking escrow-redeem_2-1: Collecting 100 samples in estimated 10.137 s (40k iterations)
Benchmarking escrow-redeem_2-1: Analyzing
escrow-redeem_2-1       time:   [250.44 µs 251.10 µs 251.80 µs]
Found 8 outliers among 100 measurements (8.00%)
  7 (7.00%) high mild
  1 (1.00%) high severe

Benchmarking escrow-redeem_2-2
Benchmarking escrow-redeem_2-2: Warming up for 3.0000 s
Benchmarking escrow-redeem_2-2: Collecting 100 samples in estimated 11.156 s (40k iterations)
Benchmarking escrow-redeem_2-2: Analyzing
escrow-redeem_2-2       time:   [250.34 µs 251.15 µs 251.95 µs]
Found 5 outliers among 100 measurements (5.00%)
  1 (1.00%) low mild
  4 (4.00%) high mild

Benchmarking escrow-redeem_2-3
Benchmarking escrow-redeem_2-3: Warming up for 3.0000 s
Benchmarking escrow-redeem_2-3: Collecting 100 samples in estimated 10.122 s (40k iterations)
Benchmarking escrow-redeem_2-3: Analyzing
escrow-redeem_2-3       time:   [257.08 µs 263.76 µs 270.63 µs]
Found 11 outliers among 100 measurements (11.00%)
  1 (1.00%) high mild
  10 (10.00%) high severe

Benchmarking escrow-refund-1
Benchmarking escrow-refund-1: Warming up for 3.0000 s
Benchmarking escrow-refund-1: Collecting 100 samples in estimated 10.143 s (76k iterations)
Benchmarking escrow-refund-1: Analyzing
escrow-refund-1         time:   [133.28 µs 133.60 µs 133.94 µs]
Found 4 outliers among 100 measurements (4.00%)
  3 (3.00%) high mild
  1 (1.00%) high severe

Benchmarking future-increase-margin-1
Benchmarking future-increase-margin-1: Warming up for 3.0000 s
Benchmarking future-increase-margin-1: Collecting 100 samples in estimated 10.494 s (66k iterations)
Benchmarking future-increase-margin-1: Analyzing
future-increase-margin-1
                        time:   [159.50 µs 159.65 µs 159.81 µs]
Found 5 outliers among 100 measurements (5.00%)
  3 (3.00%) high mild
  2 (2.00%) high severe

Benchmarking future-increase-margin-2
Benchmarking future-increase-margin-2: Warming up for 3.0000 s
Benchmarking future-increase-margin-2: Collecting 100 samples in estimated 11.139 s (30k iterations)
Benchmarking future-increase-margin-2: Analyzing
future-increase-margin-2
                        time:   [319.01 µs 319.76 µs 320.52 µs]
Found 8 outliers among 100 measurements (8.00%)
  1 (1.00%) low mild
  6 (6.00%) high mild
  1 (1.00%) high severe

Benchmarking future-increase-margin-3
Benchmarking future-increase-margin-3: Warming up for 3.0000 s
Benchmarking future-increase-margin-3: Collecting 100 samples in estimated 11.417 s (35k iterations)
Benchmarking future-increase-margin-3: Analyzing
future-increase-margin-3
                        time:   [327.91 µs 334.92 µs 342.44 µs]
Found 14 outliers among 100 measurements (14.00%)
  1 (1.00%) low mild
  3 (3.00%) high mild
  10 (10.00%) high severe

Benchmarking future-increase-margin-4
Benchmarking future-increase-margin-4: Warming up for 3.0000 s
Benchmarking future-increase-margin-4: Collecting 100 samples in estimated 10.158 s (30k iterations)
Benchmarking future-increase-margin-4: Analyzing
future-increase-margin-4
                        time:   [334.74 µs 335.09 µs 335.46 µs]
Found 3 outliers among 100 measurements (3.00%)
  2 (2.00%) high mild
  1 (1.00%) high severe

Benchmarking future-increase-margin-5
Benchmarking future-increase-margin-5: Warming up for 3.0000 s
Benchmarking future-increase-margin-5: Collecting 100 samples in estimated 10.021 s (20k iterations)
Benchmarking future-increase-margin-5: Analyzing
future-increase-margin-5
                        time:   [494.87 µs 495.35 µs 495.84 µs]
Found 7 outliers among 100 measurements (7.00%)
  4 (4.00%) low mild
  2 (2.00%) high mild
  1 (1.00%) high severe

Benchmarking future-pay-out-1
Benchmarking future-pay-out-1: Warming up for 3.0000 s
Benchmarking future-pay-out-1: Collecting 100 samples in estimated 10.416 s (56k iterations)
Benchmarking future-pay-out-1: Analyzing
future-pay-out-1        time:   [160.54 µs 160.73 µs 160.93 µs]
Found 6 outliers among 100 measurements (6.00%)
  4 (4.00%) high mild
  2 (2.00%) high severe

Benchmarking future-pay-out-2
Benchmarking future-pay-out-2: Warming up for 3.0000 s
Benchmarking future-pay-out-2: Collecting 100 samples in estimated 11.263 s (35k iterations)
Benchmarking future-pay-out-2: Analyzing
future-pay-out-2        time:   [324.44 µs 331.83 µs 339.82 µs]
Found 10 outliers among 100 measurements (10.00%)
  10 (10.00%) high severe

Benchmarking future-pay-out-3
Benchmarking future-pay-out-3: Warming up for 3.0000 s
Benchmarking future-pay-out-3: Collecting 100 samples in estimated 11.285 s (35k iterations)
Benchmarking future-pay-out-3: Analyzing
future-pay-out-3        time:   [318.60 µs 319.28 µs 319.99 µs]
Found 6 outliers among 100 measurements (6.00%)
  3 (3.00%) low mild
  3 (3.00%) high mild

Benchmarking future-pay-out-4
Benchmarking future-pay-out-4: Warming up for 3.0000 s
Benchmarking future-pay-out-4: Collecting 100 samples in estimated 10.078 s (20k iterations)
Benchmarking future-pay-out-4: Analyzing
future-pay-out-4        time:   [504.27 µs 517.27 µs 531.33 µs]
Found 8 outliers among 100 measurements (8.00%)
  1 (1.00%) high mild
  7 (7.00%) high severe

Benchmarking future-settle-early-1
Benchmarking future-settle-early-1: Warming up for 3.0000 s
Benchmarking future-settle-early-1: Collecting 100 samples in estimated 10.807 s (66k iterations)
Benchmarking future-settle-early-1: Analyzing
future-settle-early-1   time:   [161.32 µs 161.55 µs 161.78 µs]

Benchmarking future-settle-early-2
Benchmarking future-settle-early-2: Warming up for 3.0000 s
Benchmarking future-settle-early-2: Collecting 100 samples in estimated 11.330 s (35k iterations)
Benchmarking future-settle-early-2: Analyzing
future-settle-early-2   time:   [325.11 µs 328.43 µs 332.57 µs]
Found 18 outliers among 100 measurements (18.00%)
  1 (1.00%) low mild
  2 (2.00%) high mild
  15 (15.00%) high severe

Benchmarking future-settle-early-3
Benchmarking future-settle-early-3: Warming up for 3.0000 s
Benchmarking future-settle-early-3: Collecting 100 samples in estimated 11.333 s (35k iterations)
Benchmarking future-settle-early-3: Analyzing
future-settle-early-3   time:   [319.64 µs 320.30 µs 320.95 µs]
Found 3 outliers among 100 measurements (3.00%)
  2 (2.00%) low mild
  1 (1.00%) high mild

Benchmarking future-settle-early-4
Benchmarking future-settle-early-4: Warming up for 3.0000 s
Benchmarking future-settle-early-4: Collecting 100 samples in estimated 10.381 s (25k iterations)
Benchmarking future-settle-early-4: Analyzing
future-settle-early-4   time:   [419.62 µs 428.28 µs 438.02 µs]
Found 15 outliers among 100 measurements (15.00%)
  1 (1.00%) low mild
  2 (2.00%) high mild
  12 (12.00%) high severe

Benchmarking game-sm-success_1-1
Benchmarking game-sm-success_1-1: Warming up for 3.0000 s
Benchmarking game-sm-success_1-1: Collecting 100 samples in estimated 10.947 s (40k iterations)
Benchmarking game-sm-success_1-1: Analyzing
game-sm-success_1-1     time:   [270.40 µs 270.80 µs 271.34 µs]
Found 3 outliers among 100 measurements (3.00%)
  1 (1.00%) high mild
  2 (2.00%) high severe

Benchmarking game-sm-success_1-2
Benchmarking game-sm-success_1-2: Warming up for 3.0000 s
Benchmarking game-sm-success_1-2: Collecting 100 samples in estimated 10.103 s (66k iterations)
Benchmarking game-sm-success_1-2: Analyzing
game-sm-success_1-2     time:   [143.12 µs 143.58 µs 144.06 µs]
Found 16 outliers among 100 measurements (16.00%)
  16 (16.00%) high severe

Benchmarking game-sm-success_1-3
Benchmarking game-sm-success_1-3: Warming up for 3.0000 s
Benchmarking game-sm-success_1-3: Collecting 100 samples in estimated 11.399 s (30k iterations)
Benchmarking game-sm-success_1-3: Analyzing
game-sm-success_1-3     time:   [374.97 µs 375.41 µs 375.84 µs]
Found 2 outliers among 100 measurements (2.00%)
  1 (1.00%) high mild
  1 (1.00%) high severe

Benchmarking game-sm-success_1-4
Benchmarking game-sm-success_1-4: Warming up for 3.0000 s
Benchmarking game-sm-success_1-4: Collecting 100 samples in estimated 10.172 s (61k iterations)
Benchmarking game-sm-success_1-4: Analyzing
game-sm-success_1-4     time:   [169.69 µs 171.96 µs 174.67 µs]
Found 15 outliers among 100 measurements (15.00%)
  15 (15.00%) high severe

Benchmarking game-sm-success_2-1
Benchmarking game-sm-success_2-1: Warming up for 3.0000 s
Benchmarking game-sm-success_2-1: Collecting 100 samples in estimated 10.978 s (40k iterations)
Benchmarking game-sm-success_2-1: Analyzing
game-sm-success_2-1     time:   [270.49 µs 270.84 µs 271.13 µs]
Found 3 outliers among 100 measurements (3.00%)
  3 (3.00%) high severe

Benchmarking game-sm-success_2-2
Benchmarking game-sm-success_2-2: Warming up for 3.0000 s
Benchmarking game-sm-success_2-2: Collecting 100 samples in estimated 10.326 s (66k iterations)
Benchmarking game-sm-success_2-2: Analyzing
game-sm-success_2-2     time:   [143.72 µs 144.14 µs 144.59 µs]
Found 6 outliers among 100 measurements (6.00%)
  4 (4.00%) high mild
  2 (2.00%) high severe

Benchmarking game-sm-success_2-3
Benchmarking game-sm-success_2-3: Warming up for 3.0000 s
Benchmarking game-sm-success_2-3: Collecting 100 samples in estimated 11.420 s (30k iterations)
Benchmarking game-sm-success_2-3: Analyzing
game-sm-success_2-3     time:   [376.67 µs 377.15 µs 377.64 µs]
Found 1 outliers among 100 measurements (1.00%)
  1 (1.00%) high severe

Benchmarking game-sm-success_2-4
Benchmarking game-sm-success_2-4: Warming up for 3.0000 s
Benchmarking game-sm-success_2-4: Collecting 100 samples in estimated 10.716 s (66k iterations)
Benchmarking game-sm-success_2-4: Analyzing
game-sm-success_2-4     time:   [164.51 µs 166.30 µs 168.55 µs]
Found 20 outliers among 100 measurements (20.00%)
  2 (2.00%) high mild
  18 (18.00%) high severe

Benchmarking game-sm-success_2-5
Benchmarking game-sm-success_2-5: Warming up for 3.0000 s
Benchmarking game-sm-success_2-5: Collecting 100 samples in estimated 11.482 s (30k iterations)
Benchmarking game-sm-success_2-5: Analyzing
game-sm-success_2-5     time:   [378.25 µs 381.17 µs 386.38 µs]
Found 8 outliers among 100 measurements (8.00%)
  2 (2.00%) low mild
  2 (2.00%) high mild
  4 (4.00%) high severe

Benchmarking game-sm-success_2-6
Benchmarking game-sm-success_2-6: Warming up for 3.0000 s
Benchmarking game-sm-success_2-6: Collecting 100 samples in estimated 10.385 s (61k iterations)
Benchmarking game-sm-success_2-6: Analyzing
game-sm-success_2-6     time:   [165.32 µs 165.89 µs 166.46 µs]

Benchmarking guardrail-sorted-large
Benchmarking guardrail-sorted-large: Warming up for 3.0000 s
Benchmarking guardrail-sorted-large: Collecting 100 samples in estimated 10.092 s (35k iterations)
Benchmarking guardrail-sorted-large: Analyzing
guardrail-sorted-large  time:   [285.38 µs 285.57 µs 285.77 µs]
Found 6 outliers among 100 measurements (6.00%)
  5 (5.00%) high mild
  1 (1.00%) high severe

Benchmarking guardrail-sorted-small
Benchmarking guardrail-sorted-small: Warming up for 3.0000 s
Benchmarking guardrail-sorted-small: Collecting 100 samples in estimated 10.237 s (177k iterations)
Benchmarking guardrail-sorted-small: Analyzing
guardrail-sorted-small  time:   [56.716 µs 57.209 µs 57.871 µs]

Benchmarking guardrail-unsorted-large
Benchmarking guardrail-unsorted-large: Warming up for 3.0000 s
Benchmarking guardrail-unsorted-large: Collecting 100 samples in estimated 10.151 s (30k iterations)
Benchmarking guardrail-unsorted-large: Analyzing
guardrail-unsorted-large
                        time:   [344.12 µs 359.31 µs 374.74 µs]
Found 14 outliers among 100 measurements (14.00%)
  4 (4.00%) high mild
  10 (10.00%) high severe

Benchmarking guardrail-unsorted-small
Benchmarking guardrail-unsorted-small: Warming up for 3.0000 s
Benchmarking guardrail-unsorted-small: Collecting 100 samples in estimated 10.235 s (177k iterations)
Benchmarking guardrail-unsorted-small: Analyzing
guardrail-unsorted-small
                        time:   [57.558 µs 57.642 µs 57.728 µs]
Found 9 outliers among 100 measurements (9.00%)
  1 (1.00%) low severe
  2 (2.00%) low mild
  5 (5.00%) high mild
  1 (1.00%) high severe

Benchmarking multisig-sm-01
Benchmarking multisig-sm-01: Warming up for 3.0000 s
Benchmarking multisig-sm-01: Collecting 100 samples in estimated 11.347 s (40k iterations)
Benchmarking multisig-sm-01: Analyzing
multisig-sm-01          time:   [280.82 µs 281.12 µs 281.42 µs]
Found 1 outliers among 100 measurements (1.00%)
  1 (1.00%) high severe

Benchmarking multisig-sm-02
Benchmarking multisig-sm-02: Warming up for 3.0000 s
Benchmarking multisig-sm-02: Collecting 100 samples in estimated 10.811 s (35k iterations)
Benchmarking multisig-sm-02: Analyzing
multisig-sm-02          time:   [281.13 µs 281.55 µs 281.96 µs]
Found 2 outliers among 100 measurements (2.00%)
  1 (1.00%) high mild
  1 (1.00%) high severe

Benchmarking multisig-sm-03
Benchmarking multisig-sm-03: Warming up for 3.0000 s
Benchmarking multisig-sm-03: Collecting 100 samples in estimated 11.309 s (40k iterations)
Benchmarking multisig-sm-03: Analyzing
multisig-sm-03          time:   [286.18 µs 293.13 µs 300.70 µs]
Found 15 outliers among 100 measurements (15.00%)
  2 (2.00%) high mild
  13 (13.00%) high severe

Benchmarking multisig-sm-04
Benchmarking multisig-sm-04: Warming up for 3.0000 s
Benchmarking multisig-sm-04: Collecting 100 samples in estimated 10.060 s (35k iterations)
Benchmarking multisig-sm-04: Analyzing
multisig-sm-04          time:   [284.63 µs 285.10 µs 285.58 µs]
Found 2 outliers among 100 measurements (2.00%)
  1 (1.00%) high mild
  1 (1.00%) high severe

Benchmarking multisig-sm-05
Benchmarking multisig-sm-05: Warming up for 3.0000 s
Benchmarking multisig-sm-05: Collecting 100 samples in estimated 10.656 s (30k iterations)
Benchmarking multisig-sm-05: Analyzing
multisig-sm-05          time:   [358.21 µs 368.18 µs 378.29 µs]
Found 11 outliers among 100 measurements (11.00%)
  2 (2.00%) high mild
  9 (9.00%) high severe

Benchmarking multisig-sm-06
Benchmarking multisig-sm-06: Warming up for 3.0000 s
Benchmarking multisig-sm-06: Collecting 100 samples in estimated 10.003 s (35k iterations)
Benchmarking multisig-sm-06: Analyzing
multisig-sm-06          time:   [282.28 µs 282.52 µs 282.77 µs]
Found 5 outliers among 100 measurements (5.00%)
  4 (4.00%) high mild
  1 (1.00%) high severe

Benchmarking multisig-sm-07
Benchmarking multisig-sm-07: Warming up for 3.0000 s
Benchmarking multisig-sm-07: Collecting 100 samples in estimated 11.334 s (40k iterations)
Benchmarking multisig-sm-07: Analyzing
multisig-sm-07          time:   [285.78 µs 290.23 µs 295.57 µs]
Found 17 outliers among 100 measurements (17.00%)
  3 (3.00%) high mild
  14 (14.00%) high severe

Benchmarking multisig-sm-08
Benchmarking multisig-sm-08: Warming up for 3.0000 s
Benchmarking multisig-sm-08: Collecting 100 samples in estimated 11.359 s (40k iterations)
Benchmarking multisig-sm-08: Analyzing
multisig-sm-08          time:   [280.54 µs 280.84 µs 281.14 µs]
Found 5 outliers among 100 measurements (5.00%)
  3 (3.00%) low mild
  1 (1.00%) high mild
  1 (1.00%) high severe

Benchmarking multisig-sm-09
Benchmarking multisig-sm-09: Warming up for 3.0000 s
Benchmarking multisig-sm-09: Collecting 100 samples in estimated 10.010 s (35k iterations)
Benchmarking multisig-sm-09: Analyzing
multisig-sm-09          time:   [290.82 µs 298.33 µs 306.24 µs]
Found 15 outliers among 100 measurements (15.00%)
  2 (2.00%) high mild
  13 (13.00%) high severe

Benchmarking multisig-sm-10
Benchmarking multisig-sm-10: Warming up for 3.0000 s
Benchmarking multisig-sm-10: Collecting 100 samples in estimated 10.665 s (30k iterations)
Benchmarking multisig-sm-10: Analyzing
multisig-sm-10          time:   [351.65 µs 352.25 µs 353.03 µs]
Found 7 outliers among 100 measurements (7.00%)
  3 (3.00%) high mild
  4 (4.00%) high severe

Benchmarking ping-pong-1
Benchmarking ping-pong-1: Warming up for 3.0000 s
Benchmarking ping-pong-1: Collecting 100 samples in estimated 10.173 s (40k iterations)
Benchmarking ping-pong-1: Analyzing
ping-pong-1             time:   [249.74 µs 250.75 µs 252.07 µs]

Benchmarking ping-pong-2
Benchmarking ping-pong-2: Warming up for 3.0000 s
Benchmarking ping-pong-2: Collecting 100 samples in estimated 11.065 s (45k iterations)
Benchmarking ping-pong-2: Analyzing
ping-pong-2             time:   [243.26 µs 243.77 µs 244.26 µs]
Found 6 outliers among 100 measurements (6.00%)
  4 (4.00%) low mild
  2 (2.00%) high mild

Benchmarking ping-pong_2-1
Benchmarking ping-pong_2-1: Warming up for 3.0000 s
Benchmarking ping-pong_2-1: Collecting 100 samples in estimated 10.252 s (56k iterations)
Benchmarking ping-pong_2-1: Analyzing
ping-pong_2-1           time:   [188.32 µs 191.89 µs 195.92 µs]
Found 14 outliers among 100 measurements (14.00%)
  1 (1.00%) low mild
  1 (1.00%) high mild
  12 (12.00%) high severe

Benchmarking prism-1
Benchmarking prism-1: Warming up for 3.0000 s
Benchmarking prism-1: Collecting 100 samples in estimated 10.494 s (86k iterations)
Benchmarking prism-1: Analyzing
prism-1                 time:   [125.83 µs 126.17 µs 126.52 µs]
Found 5 outliers among 100 measurements (5.00%)
  2 (2.00%) low mild
  3 (3.00%) high mild

Benchmarking prism-2
Benchmarking prism-2: Warming up for 3.0000 s
Benchmarking prism-2: Collecting 100 samples in estimated 10.883 s (35k iterations)
Benchmarking prism-2: Analyzing
prism-2                 time:   [286.20 µs 286.64 µs 287.16 µs]
Found 17 outliers among 100 measurements (17.00%)
  17 (17.00%) high severe

Benchmarking prism-3
Benchmarking prism-3: Warming up for 3.0000 s
Benchmarking prism-3: Collecting 100 samples in estimated 10.390 s (45k iterations)
Benchmarking prism-3: Analyzing
prism-3                 time:   [229.23 µs 229.67 µs 230.12 µs]
Found 2 outliers among 100 measurements (2.00%)
  2 (2.00%) high mild

Benchmarking pubkey-1
Benchmarking pubkey-1: Warming up for 3.0000 s
Benchmarking pubkey-1: Collecting 100 samples in estimated 10.546 s (96k iterations)
Benchmarking pubkey-1: Analyzing
pubkey-1                time:   [111.98 µs 114.06 µs 116.41 µs]
Found 17 outliers among 100 measurements (17.00%)
  4 (4.00%) low mild
  1 (1.00%) high mild
  12 (12.00%) high severe

Benchmarking stablecoin_1-1
Benchmarking stablecoin_1-1: Warming up for 3.0000 s
Benchmarking stablecoin_1-1: Collecting 100 samples in estimated 11.890 s (20k iterations)
Benchmarking stablecoin_1-1: Analyzing
stablecoin_1-1          time:   [588.44 µs 588.87 µs 589.38 µs]
Found 7 outliers among 100 measurements (7.00%)
  2 (2.00%) high mild
  5 (5.00%) high severe

Benchmarking stablecoin_1-2
Benchmarking stablecoin_1-2: Warming up for 3.0000 s
Benchmarking stablecoin_1-2: Collecting 100 samples in estimated 10.438 s (66k iterations)
Benchmarking stablecoin_1-2: Analyzing
stablecoin_1-2          time:   [145.11 µs 145.64 µs 146.18 µs]
Found 3 outliers among 100 measurements (3.00%)
  3 (3.00%) high mild

Benchmarking stablecoin_1-3
Benchmarking stablecoin_1-3: Warming up for 3.0000 s
Benchmarking stablecoin_1-3: Collecting 100 samples in estimated 13.219 s (20k iterations)
Benchmarking stablecoin_1-3: Analyzing
stablecoin_1-3          time:   [653.20 µs 653.48 µs 653.76 µs]
Found 5 outliers among 100 measurements (5.00%)
  3 (3.00%) high mild
  2 (2.00%) high severe

Benchmarking stablecoin_1-4
Benchmarking stablecoin_1-4: Warming up for 3.0000 s
Benchmarking stablecoin_1-4: Collecting 100 samples in estimated 10.624 s (66k iterations)
Benchmarking stablecoin_1-4: Analyzing
stablecoin_1-4          time:   [150.18 µs 150.90 µs 151.66 µs]
Found 2 outliers among 100 measurements (2.00%)
  2 (2.00%) high mild

Benchmarking stablecoin_1-5
Benchmarking stablecoin_1-5: Warming up for 3.0000 s
Benchmarking stablecoin_1-5: Collecting 100 samples in estimated 11.926 s (15k iterations)
Benchmarking stablecoin_1-5: Analyzing
stablecoin_1-5          time:   [804.21 µs 828.01 µs 853.51 µs]
Found 15 outliers among 100 measurements (15.00%)
  4 (4.00%) high mild
  11 (11.00%) high severe

Benchmarking stablecoin_1-6
Benchmarking stablecoin_1-6: Warming up for 3.0000 s
Benchmarking stablecoin_1-6: Collecting 100 samples in estimated 10.225 s (56k iterations)
Benchmarking stablecoin_1-6: Analyzing
stablecoin_1-6          time:   [183.68 µs 184.16 µs 184.61 µs]
Found 2 outliers among 100 measurements (2.00%)
  2 (2.00%) high mild

Benchmarking stablecoin_2-1
Benchmarking stablecoin_2-1: Warming up for 3.0000 s
Benchmarking stablecoin_2-1: Collecting 100 samples in estimated 11.897 s (20k iterations)
Benchmarking stablecoin_2-1: Analyzing
stablecoin_2-1          time:   [588.30 µs 588.57 µs 588.85 µs]
Found 8 outliers among 100 measurements (8.00%)
  1 (1.00%) low mild
  3 (3.00%) high mild
  4 (4.00%) high severe

Benchmarking stablecoin_2-2
Benchmarking stablecoin_2-2: Warming up for 3.0000 s
Benchmarking stablecoin_2-2: Collecting 100 samples in estimated 10.337 s (66k iterations)
Benchmarking stablecoin_2-2: Analyzing
stablecoin_2-2          time:   [144.89 µs 145.73 µs 146.59 µs]
Found 5 outliers among 100 measurements (5.00%)
  1 (1.00%) high mild
  4 (4.00%) high severe

Benchmarking stablecoin_2-3
Benchmarking stablecoin_2-3: Warming up for 3.0000 s
Benchmarking stablecoin_2-3: Collecting 100 samples in estimated 13.186 s (20k iterations)
Benchmarking stablecoin_2-3: Analyzing
stablecoin_2-3          time:   [663.15 µs 676.53 µs 692.51 µs]
Found 15 outliers among 100 measurements (15.00%)
  1 (1.00%) high mild
  14 (14.00%) high severe

Benchmarking stablecoin_2-4
Benchmarking stablecoin_2-4: Warming up for 3.0000 s
Benchmarking stablecoin_2-4: Collecting 100 samples in estimated 10.712 s (71k iterations)
Benchmarking stablecoin_2-4: Analyzing
stablecoin_2-4          time:   [154.41 µs 154.85 µs 155.27 µs]
Found 3 outliers among 100 measurements (3.00%)
  1 (1.00%) low mild
  2 (2.00%) high mild

Benchmarking token-account-1
Benchmarking token-account-1: Warming up for 3.0000 s
Benchmarking token-account-1: Collecting 100 samples in estimated 10.703 s (76k iterations)
Benchmarking token-account-1: Analyzing
token-account-1         time:   [141.11 µs 144.67 µs 148.51 µs]
Found 11 outliers among 100 measurements (11.00%)
  11 (11.00%) high severe

Benchmarking token-account-2
Benchmarking token-account-2: Warming up for 3.0000 s
Benchmarking token-account-2: Collecting 100 samples in estimated 10.568 s (50k iterations)
Benchmarking token-account-2: Analyzing
token-account-2         time:   [208.74 µs 209.19 µs 209.64 µs]
Found 2 outliers among 100 measurements (2.00%)
  1 (1.00%) low severe
  1 (1.00%) high severe

Benchmarking uniswap-1
Benchmarking uniswap-1: Warming up for 3.0000 s
Benchmarking uniswap-1: Collecting 100 samples in estimated 11.111 s (50k iterations)
Benchmarking uniswap-1: Analyzing
uniswap-1               time:   [223.66 µs 225.97 µs 228.93 µs]
Found 19 outliers among 100 measurements (19.00%)
  19 (19.00%) high severe

Benchmarking uniswap-2
Benchmarking uniswap-2: Warming up for 3.0000 s
Benchmarking uniswap-2: Collecting 100 samples in estimated 10.207 s (66k iterations)
Benchmarking uniswap-2: Analyzing
uniswap-2               time:   [155.45 µs 155.57 µs 155.69 µs]
Found 4 outliers among 100 measurements (4.00%)
  2 (2.00%) high mild
  2 (2.00%) high severe

Benchmarking uniswap-3
Benchmarking uniswap-3: Warming up for 3.0000 s
Benchmarking uniswap-3: Collecting 100 samples in estimated 12.782 s (15k iterations)
Benchmarking uniswap-3: Analyzing
uniswap-3               time:   [856.31 µs 872.15 µs 890.68 µs]
Found 17 outliers among 100 measurements (17.00%)
  3 (3.00%) low mild
  2 (2.00%) high mild
  12 (12.00%) high severe

Benchmarking uniswap-4
Benchmarking uniswap-4: Warming up for 3.0000 s
Benchmarking uniswap-4: Collecting 100 samples in estimated 10.707 s (45k iterations)
Benchmarking uniswap-4: Analyzing
uniswap-4               time:   [236.04 µs 237.12 µs 238.20 µs]
Found 6 outliers among 100 measurements (6.00%)
  2 (2.00%) low severe
  3 (3.00%) low mild
  1 (1.00%) high mild

Benchmarking uniswap-5
Benchmarking uniswap-5: Warming up for 3.0000 s
Benchmarking uniswap-5: Collecting 100 samples in estimated 10.327 s (15k iterations)
Benchmarking uniswap-5: Analyzing
uniswap-5               time:   [629.83 µs 630.51 µs 631.15 µs]
Found 4 outliers among 100 measurements (4.00%)
  3 (3.00%) low mild
  1 (1.00%) high severe

Benchmarking uniswap-6
Benchmarking uniswap-6: Warming up for 3.0000 s
Benchmarking uniswap-6: Collecting 100 samples in estimated 10.141 s (45k iterations)
Benchmarking uniswap-6: Analyzing
uniswap-6               time:   [221.70 µs 222.25 µs 222.84 µs]
Found 3 outliers among 100 measurements (3.00%)
  3 (3.00%) high mild

Benchmarking vesting-1
Benchmarking vesting-1: Warming up for 3.0000 s
Benchmarking vesting-1: Collecting 100 samples in estimated 10.826 s (50k iterations)
Benchmarking vesting-1: Analyzing
vesting-1               time:   [217.97 µs 222.19 µs 227.18 µs]
Found 16 outliers among 100 measurements (16.00%)
  2 (2.00%) high mild
  14 (14.00%) high severe

